 sdi

 Timestamp is 4e4b2070 (Wed Aug 17 09:59:12 2011)

 Preferred load address is 10000000

 Start         Length     Name                   Class
 0001:00000000 000012b4H .rdata                  CODE
 0001:000012b4 00000020H .rdata$debug            CODE
 0001:000012d4 0000177cH .text                   CODE
 0001:00002a50 00000028H .idata$2                CODE
 0001:00002a78 00000014H .idata$3                CODE
 0001:00002a8c 00000080H .idata$4                CODE
 0001:00002b0c 00000016H .idata$6                CODE
 0001:00002b30 00000216H .edata                  CODE
 0002:00000000 00000080H .idata$5                DATA
 0002:00000080 00000004H .data                   DATA
 0002:000000a0 00000088H .bss                    DATA
 0003:00000000 000000e8H .pdata                  DATA

  Address         Publics by Value              Rva+Base       Lib:Object

 0000:00000000       ___safe_se_handler_count   00000000     <absolute>
 0000:00000000       ___safe_se_handler_table   00000000     <absolute>
 0001:000000b0       ??_C@_1HA@GNIHMIAD@?$AA?$CK?$AA?$CK?$AA?$CK?$AA?$CK?$AA?$CK?$AA?$CK?$AA?$CK?$AA?$CK?$AA?$CK?$AA?$CK?$AA?$CK?$AA?5?$AAD?$AAl?$AAl?$AAE?$AAn?$AAt?$AAr?$AAy?$AA?5?$AA?3?$AA?3?$AA?5?$AAD?$AAL?$AAL?$AA_?$AAP?$AAR?$AAO?$AAC@ 100010b0     SdioDrv.obj
 0001:00000120       ??_C@_1GE@BEBIAHEB@?$AA?$CK?$AA?$CK?$AA?$CK?$AA?$CK?$AA?$CK?$AA?$CK?$AA?$CK?$AA?$CK?$AA?$CK?$AA?$CK?$AA?$CK?$AA?5?$AAD?$AAl?$AAl?$AAE?$AAn?$AAt?$AAr?$AAy?$AA?5?$AA?3?$AA?3?$AA?5?$AAd?$AAe?$AAf?$AAa?$AAu?$AAl?$AAt?$AA?5@ 10001120     SdioDrv.obj
 0001:00000188       ??_C@_1KG@BJICKLGO@?$AAs?$AAd?$AAi?$AAo?$AAD?$AAr?$AAv?$AA_?$AAI?$AAn?$AAi?$AAt?$AAD?$AAm?$AAa?$AA?$CI?$AA?$CJ?$AA?5?$AAD?$AAm?$AAa?$AAA?$AAl?$AAl?$AAo?$AAc?$AAa?$AAt?$AAe?$AAC?$AAh?$AAa@ 10001188     SdioDrv.obj
 0001:00000230       ??_C@_1FC@GHMOECGG@?$AA?$CK?$AA?$CK?$AA?$CK?$AA?$CK?$AA?$CK?$AA?$CK?$AA?$CK?$AA?$CK?$AA?$CK?$AA?$CK?$AA?$CK?$AA?5?$AAs?$AAd?$AAi?$AAo?$AAD?$AAr?$AAv?$AA_?$AAI?$AAn?$AAi?$AAt?$AAD?$AAm?$AAa?$AA?5?$AA?$CK?$AA?$CK?$AA?$CK?$AA?$CK@ 10001230     SdioDrv.obj
 0001:00000288       ??_C@_1HA@NPFNAEHL@?$AAs?$AAd?$AAi?$AAo?$AAD?$AAr?$AAv?$AA_?$AAS?$AAe?$AAt?$AAP?$AAo?$AAw?$AAe?$AAr?$AAS?$AAt?$AAa?$AAt?$AAe?$AA?$CI?$AA?$CJ?$AA?5?$AAS?$AAe?$AAt?$AAD?$AAe?$AAv?$AAi?$AAc@ 10001288     SdioDrv.obj
 0001:000002f8       ??_C@_1HA@LCDGPBIO@?$AAs?$AAd?$AAi?$AAo?$AAD?$AAr?$AAv?$AA_?$AAS?$AAe?$AAt?$AAP?$AAo?$AAw?$AAe?$AAr?$AAS?$AAt?$AAa?$AAt?$AAe?$AA?$CI?$AA?$CJ?$AA?5?$AAS?$AAe?$AAt?$AAD?$AAe?$AAv?$AAi?$AAc@ 100012f8     SdioDrv.obj
 0001:00000368       ??_C@_1KA@NLGADCO@?$AA?$CK?$AA?$CK?$AA?$CK?$AA?$CK?$AA?$CK?$AA?$CK?$AA?$CK?$AA?$CK?$AA?$CK?$AA?$CK?$AA?$CK?$AA?5?$AAs?$AAd?$AAi?$AAo?$AAD?$AAr?$AAv?$AA_?$AAS?$AAe?$AAt?$AAP?$AAo?$AAw?$AAe?$AAr?$AAS?$AAt?$AAa?$AAt@ 10001368     SdioDrv.obj
 0001:00000408       ??_C@_1GE@NBBBGFEH@?$AAs?$AAd?$AAi?$AAo?$AAD?$AAr?$AAv?$AA_?$AAI?$AAn?$AAt?$AAe?$AAr?$AAr?$AAu?$AAp?$AAt?$AAD?$AAo?$AAn?$AAe?$AA?$CI?$AA?$CJ?$AA?5?$AAr?$AAe?$AAa?$AAd?$AA?5?$AAc?$AAh?$AAa@ 10001408     SdioDrv.obj
 0001:00000470       ??_C@_1FO@LCFDHIGO@?$AAs?$AAd?$AAi?$AAo?$AAd?$AAr?$AAv?$AA_?$AAI?$AAS?$AAT?$AA?$CI?$AA?$CJ?$AA?5?$AAW?$AAa?$AAi?$AAt?$AAF?$AAo?$AAr?$AAS?$AAi?$AAn?$AAg?$AAl?$AAe?$AAO?$AAb?$AAj?$AAe?$AAc@ 10001470     SdioDrv.obj
 0001:000004d0       ??_C@_1FO@IOFIJONG@?$AAs?$AAd?$AAi?$AAo?$AAd?$AAr?$AAv?$AA_?$AAI?$AAS?$AAT?$AA?$CI?$AA?$CJ?$AA?5?$AAs?$AAd?$AAi?$AAo?$AAD?$AAr?$AAv?$AA_?$AAI?$AAn?$AAt?$AAe?$AAr?$AAr?$AAu?$AAp?$AAt?$AAD@ 100014d0     SdioDrv.obj
 0001:00000530       ??_C@_1GK@OAGPOFHL@?$AAM?$AAM?$AAC?$AA?5?$AAc?$AAl?$AAo?$AAc?$AAk?$AA?5?$AAn?$AAo?$AAt?$AA?5?$AAs?$AAt?$AAo?$AAp?$AAe?$AAd?$AA?0?$AA?5?$AAc?$AAl?$AAo?$AAc?$AAk?$AA?5?$AAf?$AAr?$AAe?$AAq@ 10001530     SdioDrv.obj
 0001:000005a0       ??_C@_1GM@HDBGLGMB@?$AAM?$AAM?$AAC?$AA?5?$AAc?$AAl?$AAo?$AAc?$AAk?$AA?5?$AAn?$AAo?$AAt?$AA?5?$AAs?$AAt?$AAo?$AAp?$AAe?$AAd?$AA?0?$AA?5?$AAc?$AAl?$AAo?$AAc?$AAk?$AA?5?$AAf?$AAr?$AAe?$AAq@ 100015a0     SdioDrv.obj
 0001:00000610       ??_C@_1GG@PKBPNPCB@?$AAs?$AAd?$AAi?$AAo?$AAD?$AAr?$AAv?$AA_?$AAS?$AAe?$AAt?$AAC?$AAl?$AAo?$AAc?$AAk?$AA?$CI?$AA?$CJ?$AA?5?$AAc?$AAl?$AAo?$AAc?$AAk?$AA?5?$AAn?$AAo?$AAt?$AA?5?$AAs?$AAt?$AAa@ 10001610     SdioDrv.obj
 0001:00000678       ??_C@_1GG@FPGDJKGB@?$AAs?$AAd?$AAi?$AAo?$AAD?$AAr?$AAv?$AA_?$AAR?$AAe?$AAs?$AAe?$AAt?$AAM?$AAm?$AAc?$AA?$CI?$AA?$CJ?$AA?5?$AAM?$AAM?$AAC?$AA?5?$AAr?$AAe?$AAs?$AAe?$AAt?$AA?5?$AAF?$AAA?$AAI@ 10001678     SdioDrv.obj
 0001:000006e0       ??_C@_1GC@LELJPEKI@?$AA?$CL?$AA?$CL?$AA?$CL?$AAN?$AAo?$AAt?$AA?5?$AAD?$AAe?$AAf?$AAi?$AAn?$AAe?$AA?5?$AAS?$AAT?$AAA?$AAG?$AAE?$AA?0?$AA?5?$AAS?$AAD?$AAI?$AAO?$AA?5?$AA?3?$AA?5?$AAs?$AAe?$AAt?$AAt@ 100016e0     SdioDrv.obj
 0001:00000748       ??_C@_1FA@BHBNDGEH@?$AA?$CK?$AA?$CK?$AA?$CK?$AA?$CK?$AA?$CK?$AA?$CK?$AA?$CK?$AA?$CK?$AA?$CK?$AA?$CK?$AA?$CK?$AA?5?$AAs?$AAd?$AAi?$AAo?$AAD?$AAr?$AAv?$AA_?$AAI?$AAn?$AAi?$AAt?$AAH?$AAw?$AA?5?$AA?$CK?$AA?$CK?$AA?$CK?$AA?$CK?$AA?$CK@ 10001748     SdioDrv.obj
 0001:00000798       ??_C@_1FG@NGDEKBFN@?$AAs?$AAd?$AAi?$AAo?$AAd?$AAr?$AAv?$AA_?$AAi?$AAn?$AAi?$AAt?$AA?$CI?$AA?$CJ?$AA?5?$AA?9?$AA?5?$AAs?$AAd?$AAi?$AAo?$AAD?$AAr?$AAv?$AA_?$AAI?$AAn?$AAi?$AAt?$AAD?$AAm?$AAa@ 10001798     SdioDrv.obj
 0001:000007f0       ??_C@_1FI@IJJCLJOM@?$AA?$CK?$AA?$CK?$AA?$CK?$AA?$CK?$AA?$CK?$AA?$CK?$AA?$CK?$AA?$CK?$AA?$CK?$AA?$CK?$AA?$CK?$AA?5?$AAs?$AAd?$AAi?$AAo?$AAD?$AAr?$AAv?$AA_?$AAC?$AAo?$AAn?$AAn?$AAe?$AAc?$AAt?$AAB?$AAu?$AAs?$AA?5?$AA?$CK@ 100017f0     SdioDrv.obj
 0001:00000848       ??_C@_1HI@FCGBJGCJ@?$AAs?$AAd?$AAi?$AAo?$AAD?$AAr?$AAv?$AA_?$AAE?$AAx?$AAe?$AAc?$AAu?$AAt?$AAe?$AAC?$AAm?$AAd?$AA?$CI?$AA?$CJ?$AA?5?$AAS?$AAD?$AAI?$AAO?$AA?5?$AAC?$AAo?$AAm?$AAm?$AAa?$AAn@ 10001848     SdioDrv.obj
 0001:000008c0       ??_C@_1GC@KJKJPEMA@?$AAs?$AAd?$AAi?$AAo?$AAD?$AAr?$AAv?$AA_?$AAE?$AAx?$AAe?$AAc?$AAu?$AAt?$AAe?$AAC?$AAm?$AAd?$AA?$CI?$AA?$CJ?$AA?5?$AAs?$AAt?$AAa?$AAr?$AAt?$AAi?$AAn?$AAg?$AA?5?$AAc?$AAm@ 100018c0     SdioDrv.obj
 0001:00000928       ??_C@_1HG@DLNIHIKC@?$AAs?$AAd?$AAi?$AAo?$AAD?$AAr?$AAv?$AA_?$AAS?$AAe?$AAn?$AAd?$AAD?$AAa?$AAt?$AAa?$AAX?$AAf?$AAe?$AAr?$AAC?$AAm?$AAd?$AA?$CI?$AA?$CJ?$AA?5?$AAS?$AAD?$AAI?$AAO?$AA?5?$AAC@ 10001928     SdioDrv.obj
 0001:000009a0       ??_C@_1GI@JCNCNPBP@?$AAs?$AAd?$AAi?$AAo?$AAD?$AAr?$AAv?$AA_?$AAD?$AAa?$AAt?$AAa?$AAX?$AAf?$AAe?$AAr?$AAS?$AAy?$AAn?$AAc?$AA?$CI?$AA?$CJ?$AA?5?$AAt?$AAr?$AAa?$AAn?$AAs?$AAf?$AAe?$AAr?$AA?5@ 100019a0     SdioDrv.obj
 0001:00000a08       ??_C@_1DK@KIDLMPBH@?$AAs?$AAd?$AAi?$AAo?$AAD?$AAr?$AAv?$AA_?$AAR?$AAe?$AAa?$AAd?$AAS?$AAy?$AAn?$AAc?$AA?$CI?$AA?$CJ?$AA?5?$AAF?$AAA?$AAI?$AAL?$AAE?$AAD?$AA?$CB?$AA?$CB?$AA?6?$AA?$AA@ 10001a08     SdioDrv.obj
 0001:00000a48       ??_C@_1JG@JEMJLEJC@?$AA?$CK?$AA?$CK?$AA?$CK?$AA?$CK?$AA?$CK?$AA?$CK?$AA?$CK?$AA?$CK?$AA?$CK?$AA?$CK?$AA?$CK?$AA?5?$AAs?$AAd?$AAi?$AAo?$AAD?$AAr?$AAv?$AA_?$AAR?$AAe?$AAa?$AAd?$AAS?$AAy?$AAn?$AAc?$AA?5?$AA?3?$AA?5?$AAs@ 10001a48     SdioDrv.obj
 0001:00000ae0       ??_C@_1JI@PIJOFPAD@?$AA?$CK?$AA?$CK?$AA?$CK?$AA?$CK?$AA?$CK?$AA?$CK?$AA?$CK?$AA?$CK?$AA?$CK?$AA?$CK?$AA?$CK?$AA?5?$AAs?$AAd?$AAi?$AAo?$AAD?$AAr?$AAv?$AA_?$AAW?$AAr?$AAi?$AAt?$AAe?$AAS?$AAy?$AAn?$AAc?$AA?5?$AA?3?$AA?5@ 10001ae0     SdioDrv.obj
 0001:00000b78       ??_C@_1HE@IJMPGIOH@?$AAs?$AAd?$AAi?$AAo?$AAD?$AAr?$AAv?$AA_?$AAR?$AAe?$AAa?$AAd?$AAS?$AAy?$AAn?$AAc?$AAB?$AAy?$AAt?$AAe?$AAs?$AA?$CI?$AA?$CJ?$AA?5?$AAS?$AAD?$AAI?$AAO?$AA?5?$AAC?$AAo?$AAm@ 10001b78     SdioDrv.obj
 0001:00000bf0       ??_C@_1HG@FDKKJJAF@?$AAs?$AAd?$AAi?$AAo?$AAD?$AAr?$AAv?$AA_?$AAW?$AAr?$AAi?$AAt?$AAe?$AAS?$AAy?$AAn?$AAc?$AAB?$AAy?$AAt?$AAe?$AAs?$AA?$CI?$AA?$CJ?$AA?5?$AAS?$AAD?$AAI?$AAO?$AA?5?$AAC?$AAo@ 10001bf0     SdioDrv.obj
 0001:00000c68       ??_C@_1GK@KFFAGFBN@?$AAs?$AAd?$AAi?$AAo?$AAD?$AAr?$AAv?$AA_?$AAI?$AAn?$AAi?$AAt?$AAD?$AAm?$AAa?$AA?$CI?$AA?$CJ?$AA?5?$AAH?$AAa?$AAl?$AAA?$AAl?$AAl?$AAo?$AAc?$AAa?$AAt?$AAe?$AAC?$AAo?$AAm@ 10001c68     SdioDrv.obj
 0001:00000cd8       ??_C@_1GM@KNAJLMPP@?$AAs?$AAd?$AAi?$AAo?$AAD?$AAr?$AAv?$AA_?$AAI?$AAn?$AAi?$AAt?$AAD?$AAm?$AAa?$AA?$CI?$AA?$CJ?$AA?5?$AAH?$AAa?$AAl?$AAA?$AAl?$AAl?$AAo?$AAc?$AAa?$AAt?$AAe?$AAC?$AAo?$AAm@ 10001cd8     SdioDrv.obj
 0001:00000d48       ??_C@_1FA@BJGMIOOH@?$AAs?$AAd?$AAi?$AAo?$AAd?$AAr?$AAv?$AA_?$AAi?$AAn?$AAi?$AAt?$AA?$CI?$AA?$CJ?$AA?5?$AAC?$AAr?$AAe?$AAa?$AAt?$AAe?$AAT?$AAh?$AAr?$AAe?$AAa?$AAd?$AA?5?$AAF?$AAA?$AAI?$AAL@ 10001d48     SdioDrv.obj
 0001:00000d98       ??_C@_1GA@IGDAEHKI@?$AAs?$AAd?$AAi?$AAo?$AAd?$AAr?$AAv?$AA_?$AAi?$AAn?$AAi?$AAt?$AA?$CI?$AA?$CJ?$AA?5?$AAI?$AAn?$AAt?$AAe?$AAr?$AAr?$AAu?$AAp?$AAt?$AAI?$AAn?$AAi?$AAt?$AAi?$AAa?$AAl?$AAi@ 10001d98     SdioDrv.obj
 0001:00000df8       ??_C@_1EM@KOFDMJHP@?$AAs?$AAd?$AAi?$AAo?$AAd?$AAr?$AAv?$AA_?$AAi?$AAn?$AAi?$AAt?$AA?$CI?$AA?$CJ?$AA?5?$AAC?$AAr?$AAe?$AAa?$AAt?$AAe?$AAE?$AAv?$AAe?$AAn?$AAt?$AA?5?$AAF?$AAA?$AAI?$AAL?$AAE@ 10001df8     SdioDrv.obj
 0001:00000e48       ??_C@_1IM@JLJJLONF@?$AAs?$AAd?$AAi?$AAo?$AAd?$AAr?$AAv?$AA_?$AAi?$AAn?$AAi?$AAt?$AA?$CI?$AA?$CJ?$AA?5?$AAK?$AAe?$AAr?$AAn?$AAe?$AAl?$AAI?$AAo?$AAC?$AAo?$AAn?$AAt?$AAr?$AAo?$AAl?$AA?$CI?$AAI@ 10001e48     SdioDrv.obj
 0001:00000ed8       ??_C@_1IG@DJEJPFJ@?$AAs?$AAd?$AAi?$AAo?$AAd?$AAr?$AAv?$AA_?$AAi?$AAn?$AAi?$AAt?$AA?$CI?$AA?$CJ?$AA?5?$AAK?$AAe?$AAr?$AAn?$AAe?$AAl?$AAI?$AAo?$AAC?$AAo?$AAn?$AAt?$AAr?$AAo?$AAl?$AA?$CI?$AAI@ 10001ed8     SdioDrv.obj
 0001:00000f60       ??_C@_1GC@GIKDKCJB@?$AAs?$AAd?$AAi?$AAo?$AAd?$AAr?$AAv?$AA_?$AAi?$AAn?$AAi?$AAt?$AA?$CI?$AA?$CJ?$AA?5?$AAC?$AAr?$AAe?$AAa?$AAt?$AAe?$AAB?$AAu?$AAs?$AAA?$AAc?$AAc?$AAe?$AAs?$AAs?$AAH?$AAa@ 10001f60     SdioDrv.obj
 0001:00000fc8       ??_C@_1GA@KPGADBHD@?$AAs?$AAd?$AAi?$AAo?$AAd?$AAr?$AAv?$AA_?$AAi?$AAn?$AAi?$AAt?$AA?$CI?$AA?$CJ?$AA?5?$AAC?$AAr?$AAe?$AAa?$AAt?$AAe?$AAB?$AAu?$AAs?$AAA?$AAc?$AAc?$AAe?$AAs?$AAs?$AAH?$AAa@ 10001fc8     SdioDrv.obj
 0001:00001028       ??_C@_1EE@BDLCEOIB@?$AAS?$AAe?$AAt?$AA?5?$AAG?$AAP?$AAI?$AAO?$AA_?$AA3?$AA6?$AA?5?$AAF?$AAa?$AAl?$AAl?$AAi?$AAn?$AAg?$AA?5?$AAe?$AAd?$AAg?$AAe?$AA?4?$AA?4?$AA?4?$AA?4?$AA?4?$AA?4?$AA?4?$AA?4@ 10002028     SdioDrv.obj
 0001:0000106c       ??_C@_1CM@MGPIKCFL@?$AAC?$AAr?$AAe?$AAa?$AAt?$AAe?$AA?5?$AAh?$AAG?$AAP?$AAI?$AAO?$AA?5?$AAF?$AAa?$AAi?$AAl?$AAe?$AAd?$AA?4?$AA?6?$AA?$AA@ 1000206c     SdioDrv.obj
 0001:00001098       ??_C@_1JE@CFMPNCPM@?$AAs?$AAd?$AAi?$AAo?$AAd?$AAr?$AAv?$AA_?$AAi?$AAn?$AAi?$AAt?$AA?$CI?$AA?$CJ?$AA?5?$AAM?$AAm?$AAM?$AAa?$AAp?$AAI?$AAo?$AAS?$AAp?$AAa?$AAc?$AAe?$AA?5?$AAF?$AAA?$AAI?$AAL@ 10002098     SdioDrv.obj
 0001:00001130       ??_C@_1JO@IFBFJPM@?$AAs?$AAd?$AAi?$AAo?$AAd?$AAr?$AAv?$AA_?$AAi?$AAn?$AAi?$AAt?$AA?$CI?$AA?$CJ?$AA?5?$AAM?$AAm?$AAM?$AAa?$AAp?$AAI?$AAo?$AAS?$AAp?$AAa?$AAc?$AAe?$AA?5?$AAF?$AAA?$AAI?$AAL@ 10002130     SdioDrv.obj
 0001:000011d0       ??_C@_1JO@FNFGIFCN@?$AAs?$AAd?$AAi?$AAo?$AAd?$AAr?$AAv?$AA_?$AAi?$AAn?$AAi?$AAt?$AA?$CI?$AA?$CJ?$AA?5?$AAM?$AAm?$AAM?$AAa?$AAp?$AAI?$AAo?$AAS?$AAp?$AAa?$AAc?$AAe?$AA?5?$AAF?$AAA?$AAI?$AAL@ 100021d0     SdioDrv.obj
 0001:00001270       ??_C@_1EE@IHEBEJPA@?$AA?$CK?$AA?$CK?$AA?$CK?$AA?$CK?$AA?$CK?$AA?$CK?$AA?$CK?$AA?$CK?$AA?$CK?$AA?$CK?$AA?$CK?$AA?5?$AAS?$AAD?$AAI?$AA_?$AAI?$AAn?$AAi?$AAt?$AA?5?$AA?$CK?$AA?$CK?$AA?$CK?$AA?$CK?$AA?$CK?$AA?$CK?$AA?$CK?$AA?$CK?$AA?$CK?$AA?$CK?$AA?6@ 10002270     SdioDrv.obj
 0001:000012d4       DmaConfigure               100022d4 f i SdioDrv.obj
 0001:000013b8       DllEntry                   100023b8 f   SdioDrv.obj
 0001:000013f8       SDI_Deinit                 100023f8 f   SdioDrv.obj
 0001:00001508       SDI_Open                   10002508 f   SdioDrv.obj
 0001:00001510       SDI_Close                  10002510 f   SdioDrv.obj
 0001:00001518       SDI_Read                   10002518 f   SdioDrv.obj
 0001:00001520       SDI_Write                  10002520 f   SdioDrv.obj
 0001:00001528       SDI_IOControl              10002528 f   SdioDrv.obj
 0001:00001c20       sdioDrv_HwCheck            10002c20 f   SdioDrv.obj
 0001:00001c30       sdioDrv_ConnectBus         10002c30 f   SdioDrv.obj
 0001:00001ca4       sdioDrv_DisconnectBus      10002ca4 f   SdioDrv.obj
 0001:00001d48       sdioDrv_ExecuteCmd         10002d48 f   SdioDrv.obj
 0001:00002018       sdioDrv_ReadSync           10003018 f   SdioDrv.obj
 0001:00002090       sdioDrv_ReadAsync          10003090 f   SdioDrv.obj
 0001:00002180       sdioDrv_WriteSync          10003180 f   SdioDrv.obj
 0001:000021e0       sdioDrv_WriteAsync         100031e0 f   SdioDrv.obj
 0001:000022d8       sdioDrv_ReadSyncBytes      100032d8 f   SdioDrv.obj
 0001:000023a4       sdioDrv_WriteSyncBytes     100033a4 f   SdioDrv.obj
 0001:0000246c       sdiodrv_clkset             1000346c f   SdioDrv.obj
 0001:000024ac       sdiodrv_clkstop            100034ac f   SdioDrv.obj
 0001:00002508       SDI_Init                   10003508 f   SdioDrv.obj
 0001:00002870       DmaGetLogicalChannel       10003870 f   ceddk:CEDDK.dll
 0001:00002880       HalFreeCommonBuffer        10003880 f   ceddk:CEDDK.dll
 0001:00002890       MmUnmapIoSpace             10003890 f   ceddk:CEDDK.dll
 0001:000028a0       DmaAllocateChannel         100038a0 f   ceddk:CEDDK.dll
 0001:000028b0       DmaFreeChannel             100038b0 f   ceddk:CEDDK.dll
 0001:000028c0       SetDevicePowerState        100038c0 f   ceddk:CEDDK.dll
 0001:000028d0       MmMapIoSpace               100038d0 f   ceddk:CEDDK.dll
 0001:000028e0       HalAllocateCommonBuffer    100038e0 f   ceddk:CEDDK.dll
 0001:000028f0       CreateBusAccessHandle      100038f0 f   ceddk:CEDDK.dll
 0001:00002900       GPIOClose                  10003900 f   ceddk:CEDDK.dll
 0001:00002910       GPIOSetBit                 10003910 f   ceddk:CEDDK.dll
 0001:00002920       GPIOSetMode                10003920 f   ceddk:CEDDK.dll
 0001:00002930       GPIOOpen                   10003930 f   ceddk:CEDDK.dll
 0001:00002940       EventModify                10003940 f   coredll:COREDLL.dll
 0001:00002950       DisableThreadLibraryCalls  10003950 f   coredll:COREDLL.dll
 0001:00002960       NKDbgPrintfW               10003960 f   coredll:COREDLL.dll
 0001:00002970       WaitForSingleObject        10003970 f   coredll:COREDLL.dll
 0001:00002980       CloseHandle                10003980 f   coredll:COREDLL.dll
 0001:00002990       KernelIoControl            10003990 f   coredll:COREDLL.dll
 0001:000029a0       InterruptDone              100039a0 f   coredll:COREDLL.dll
 0001:000029b0       GetTickCount               100039b0 f   coredll:COREDLL.dll
 0001:000029c0       Sleep                      100039c0 f   coredll:COREDLL.dll
 0001:000029d0       CeSetThreadPriority        100039d0 f   coredll:COREDLL.dll
 0001:000029e0       CreateThread               100039e0 f   coredll:COREDLL.dll
 0001:000029f0       InterruptInitialize        100039f0 f   coredll:COREDLL.dll
 0001:00002a00       CreateEventW               10003a00 f   coredll:COREDLL.dll
 0001:00002a10       memset                     10003a10 f   corelib1:COREDLL.dll
 0001:00002a20       __rt_sdiv                  10003a20 f   corelib1:COREDLL.dll
 0001:00002a30       __rt_udiv                  10003a30 f   corelib1:COREDLL.dll
 0001:00002a40       memcpy                     10003a40 f   corelib1:COREDLL.dll
 0001:00002a50       __IMPORT_DESCRIPTOR_CEDDK  10003a50     ceddk:CEDDK.dll
 0001:00002a64       __IMPORT_DESCRIPTOR_COREDLL 10003a64     coredll:COREDLL.dll
 0001:00002a78       __NULL_IMPORT_DESCRIPTOR   10003a78     ceddk:CEDDK.dll
 0002:00000000       __imp_DmaGetLogicalChannel 10004000     ceddk:CEDDK.dll
 0002:00000004       __imp_HalFreeCommonBuffer  10004004     ceddk:CEDDK.dll
 0002:00000008       __imp_MmUnmapIoSpace       10004008     ceddk:CEDDK.dll
 0002:0000000c       __imp_DmaAllocateChannel   1000400c     ceddk:CEDDK.dll
 0002:00000010       __imp_DmaFreeChannel       10004010     ceddk:CEDDK.dll
 0002:00000014       __imp_SetDevicePowerState  10004014     ceddk:CEDDK.dll
 0002:00000018       __imp_MmMapIoSpace         10004018     ceddk:CEDDK.dll
 0002:0000001c       __imp_HalAllocateCommonBuffer 1000401c     ceddk:CEDDK.dll
 0002:00000020       __imp_CreateBusAccessHandle 10004020     ceddk:CEDDK.dll
 0002:00000024       __imp_GPIOClose            10004024     ceddk:CEDDK.dll
 0002:00000028       __imp_GPIOSetBit           10004028     ceddk:CEDDK.dll
 0002:0000002c       __imp_GPIOSetMode          1000402c     ceddk:CEDDK.dll
 0002:00000030       __imp_GPIOOpen             10004030     ceddk:CEDDK.dll
 0002:00000034       \177CEDDK_NULL_THUNK_DATA  10004034     ceddk:CEDDK.dll
 0002:00000038       __imp_EventModify          10004038     coredll:COREDLL.dll
 0002:0000003c       __imp_DisableThreadLibraryCalls 1000403c     coredll:COREDLL.dll
 0002:00000040       __imp_NKDbgPrintfW         10004040     coredll:COREDLL.dll
 0002:00000044       __imp_WaitForSingleObject  10004044     coredll:COREDLL.dll
 0002:00000048       __imp_CloseHandle          10004048     coredll:COREDLL.dll
 0002:0000004c       __imp_KernelIoControl      1000404c     coredll:COREDLL.dll
 0002:00000050       __imp_InterruptDone        10004050     coredll:COREDLL.dll
 0002:00000054       __imp_GetTickCount         10004054     coredll:COREDLL.dll
 0002:00000058       __imp_Sleep                10004058     coredll:COREDLL.dll
 0002:0000005c       __imp_CeSetThreadPriority  1000405c     coredll:COREDLL.dll
 0002:00000060       __imp_CreateThread         10004060     coredll:COREDLL.dll
 0002:00000064       __imp_InterruptInitialize  10004064     coredll:COREDLL.dll
 0002:00000068       __imp_CreateEventW         10004068     coredll:COREDLL.dll
 0002:0000006c       __imp_memset               1000406c     corelib1:COREDLL.dll
 0002:00000070       __imp___rt_sdiv            10004070     corelib1:COREDLL.dll
 0002:00000074       __imp___rt_udiv            10004074     corelib1:COREDLL.dll
 0002:00000078       __imp_memcpy               10004078     corelib1:COREDLL.dll
 0002:0000007c       \177COREDLL_NULL_THUNK_DATA 1000407c     coredll:COREDLL.dll
 0002:00000080       g_ssd_debug_level          10004080     SdioDrv.obj
 0002:000000a0       g_drv                      100040a0     <common>

 entry point at        0001:000013b8

 Static symbols

 0001:00001530       sdioDrv_InitDma            10002530 f   SdioDrv.obj
 0001:00001764       sdioDrv_SetPowerState      10002764 f   SdioDrv.obj
 0001:00001810       sdiodrv_IST                10002810 f   SdioDrv.obj
 0001:00001920       sdioDrv_PollStatus         10002920 f   SdioDrv.obj
 0001:00001960       sdioDrv_SetClock           10002960 f   SdioDrv.obj
 0001:00001a78       sdioDrv_InitHw             10002a78 f   SdioDrv.obj
 0001:00001e14       sdioDrv_SendDataXferCmd    10002e14 f   SdioDrv.obj
 0001:00001ed0       sdioDrv_DataXferSync       10002ed0 f   SdioDrv.obj
