 speech_encode_io1_omap3530

 Timestamp is 4d349d8d (Mon Jan 17 14:50:37 2011)

 Preferred load address is 00010000

 Start         Length     Name                   Class
 0001:00000000 00000138H .idata$5                CODE
 0001:00000138 00000004H .CRT$XCA                CODE
 0001:0000013c 00000004H .CRT$XCZ                CODE
 0001:00000140 00000004H .CRT$XIA                CODE
 0001:00000144 00000004H .CRT$XIZ                CODE
 0001:00000148 00000004H .CRT$XPA                CODE
 0001:0000014c 00000004H .CRT$XPZ                CODE
 0001:00000150 00000004H .CRT$XTA                CODE
 0001:00000154 00000004H .CRT$XTZ                CODE
 0001:00000160 000093b4H .rdata                  CODE
 0001:00009514 000000aeH .rdata$debug            CODE
 0001:000095e0 0001d02cH .text                   CODE
 0001:0002660c 00000044H .xdata                  CODE
 0001:00026650 00000014H .idata$2                CODE
 0001:00026664 00000014H .idata$3                CODE
 0001:00026678 00000138H .idata$4                CODE
 0001:000267b0 0000000cH .idata$6                CODE
 0001:000267c0 0000089aH .edata                  CODE
 0002:00000000 00001164H .data                   DATA
 0002:00001180 00005fa8H .bss                    DATA
 0003:00000000 00000dd8H .pdata                  DATA

  Address         Publics by Value              Rva+Base       Lib:Object

 0000:00000000       ___safe_se_handler_count   00000000     <absolute>
 0000:00000000       ___safe_se_handler_table   00000000     <absolute>
 0001:00000000       __imp_QueryPerformanceFrequency 00011000     coredll:COREDLL.dll
 0001:00000004       __imp_QueryPerformanceCounter 00011004     coredll:COREDLL.dll
 0001:00000008       __imp___GetUserKData       00011008     coredll:COREDLL.dll
 0001:0000000c       __imp_GetTickCount         0001100c     coredll:COREDLL.dll
 0001:00000010       __imp_WaitForSingleObject  00011010     coredll:COREDLL.dll
 0001:00000014       __imp_ReleaseMutex         00011014     coredll:COREDLL.dll
 0001:00000018       __imp_CloseHandle          00011018     coredll:COREDLL.dll
 0001:0000001c       __imp_NKDbgPrintfW         0001101c     coredll:COREDLL.dll
 0001:00000020       __imp_CreateMutexW         00011020     coredll:COREDLL.dll
 0001:00000024       __imp_RegCloseKey          00011024     coredll:COREDLL.dll
 0001:00000028       __imp_RegQueryValueExW     00011028     coredll:COREDLL.dll
 0001:0000002c       __imp_MultiByteToWideChar  0001102c     coredll:COREDLL.dll
 0001:00000030       __imp_RegCreateKeyExW      00011030     coredll:COREDLL.dll
 0001:00000034       __imp_LeaveCriticalSection 00011034     coredll:COREDLL.dll
 0001:00000038       __imp_EnterCriticalSection 00011038     coredll:COREDLL.dll
 0001:0000003c       __imp_InterlockedDecrement 0001103c     coredll:COREDLL.dll
 0001:00000040       __imp_InterlockedExchange  00011040     coredll:COREDLL.dll
 0001:00000044       __imp_InitializeCriticalSection 00011044     coredll:COREDLL.dll
 0001:00000048       __imp_InterlockedIncrement 00011048     coredll:COREDLL.dll
 0001:0000004c       __imp_SetThreadPriority    0001104c     coredll:COREDLL.dll
 0001:00000050       __imp_Sleep                00011050     coredll:COREDLL.dll
 0001:00000054       __imp_ResumeThread         00011054     coredll:COREDLL.dll
 0001:00000058       __imp_CreateThread         00011058     coredll:COREDLL.dll
 0001:0000005c       __imp_TerminateThread      0001105c     coredll:COREDLL.dll
 0001:00000060       __imp_DeleteCriticalSection 00011060     coredll:COREDLL.dll
 0001:00000064       __imp_CreateSemaphoreW     00011064     coredll:COREDLL.dll
 0001:00000068       __imp_ReleaseSemaphore     00011068     coredll:COREDLL.dll
 0001:0000006c       __imp_GetFileAttributesW   0001106c     coredll:COREDLL.dll
 0001:00000070       __imp_DeviceIoControl      00011070     coredll:COREDLL.dll
 0001:00000074       __imp_CreateFileW          00011074     coredll:COREDLL.dll
 0001:00000078       __imp_GetSystemInfo        00011078     coredll:COREDLL.dll
 0001:0000007c       __imp_GetLastError         0001107c     coredll:COREDLL.dll
 0001:00000080       __imp_LocalFree            00011080     coredll:COREDLL.dll
 0001:00000084       __imp_LocalAlloc           00011084     coredll:COREDLL.dll
 0001:00000088       __imp_ReadFile             00011088     coredll:COREDLL.dll
 0001:0000008c       __imp_ExitThread           0001108c     coredll:COREDLL.dll
 0001:00000090       __imp_CeSetThreadPriority  00011090     coredll:COREDLL.dll
 0001:00000094       __imp_fclose               00011094     corelibc:COREDLL.dll
 0001:00000098       __imp_fwrite               00011098     corelibc:COREDLL.dll
 0001:0000009c       __imp_ferror               0001109c     corelibc:COREDLL.dll
 0001:000000a0       __imp_fread                000110a0     corelibc:COREDLL.dll
 0001:000000a4       __imp_setvbuf              000110a4     corelibc:COREDLL.dll
 0001:000000a8       __imp_fopen                000110a8     corelibc:COREDLL.dll
 0001:000000ac       __imp_printf               000110ac     corelibc:COREDLL.dll
 0001:000000b0       __imp_memcpy               000110b0     corelibc:COREDLL.dll
 0001:000000b4       __imp_memset               000110b4     corelibc:COREDLL.dll
 0001:000000b8       __imp_atoi                 000110b8     corelibc:COREDLL.dll
 0001:000000bc       __imp_fprintf              000110bc     corelibc:COREDLL.dll
 0001:000000c0       __imp__getstdfilex         000110c0     corelibc:COREDLL.dll
 0001:000000c4       __imp_strcmp               000110c4     corelibc:COREDLL.dll
 0001:000000c8       __imp_strncpy              000110c8     corelibc:COREDLL.dll
 0001:000000cc       __imp_memcmp               000110cc     corelibc:COREDLL.dll
 0001:000000d0       __imp_calloc               000110d0     corelibc:COREDLL.dll
 0001:000000d4       __imp_free                 000110d4     corelibc:COREDLL.dll
 0001:000000d8       __imp___rt_sdiv64by64      000110d8     corelibc:COREDLL.dll
 0001:000000dc       __imp_strncmp              000110dc     corelibc:COREDLL.dll
 0001:000000e0       __imp_strlen               000110e0     corelibc:COREDLL.dll
 0001:000000e4       __imp_strchr               000110e4     corelibc:COREDLL.dll
 0001:000000e8       __imp___rt_sdiv            000110e8     corelibc:COREDLL.dll
 0001:000000ec       __imp___rt_udiv            000110ec     corelibc:COREDLL.dll
 0001:000000f0       __imp_strcpy               000110f0     corelibc:COREDLL.dll
 0001:000000f4       __imp_sprintf              000110f4     corelibc:COREDLL.dll
 0001:000000f8       __imp_malloc               000110f8     corelibc:COREDLL.dll
 0001:000000fc       __imp_getchar              000110fc     corelibc:COREDLL.dll
 0001:00000100       __imp_wcstombs             00011100     corelibc:COREDLL.dll
 0001:00000104       __imp_swprintf             00011104     corelibc:COREDLL.dll
 0001:00000108       __imp_mbstowcs             00011108     corelibc:COREDLL.dll
 0001:0000010c       __imp___security_gen_cookie2 0001110c     corelibc:COREDLL.dll
 0001:00000110       __imp___report_gsfailure   00011110     corelibc:COREDLL.dll
 0001:00000114       __imp__isctype             00011114     corelibc:COREDLL.dll
 0001:00000118       __imp_wcslen               00011118     corelibc:COREDLL.dll
 0001:0000011c       __imp__XcptFilter          0001111c     corelibc:COREDLL.dll
 0001:00000120       __imp_realloc              00011120     corelibc:COREDLL.dll
 0001:00000124       __imp__msize               00011124     corelibc:COREDLL.dll
 0001:00000128       __imp___C_specific_handler 00011128     corelibc:COREDLL.dll
 0001:0000012c       __imp_TerminateProcess     0001112c     coredll:COREDLL.dll
 0001:00000130       __imp_GetModuleFileNameW   00011130     coredll:COREDLL.dll
 0001:00000134       \177COREDLL_NULL_THUNK_DATA 00011134     coredll:COREDLL.dll
 0001:00000138       __xc_a                     00011138     corelibc:crt0init.obj
 0001:0000013c       __xc_z                     0001113c     corelibc:crt0init.obj
 0001:00000140       __xi_a                     00011140     corelibc:crt0init.obj
 0001:00000144       __xi_z                     00011144     corelibc:crt0init.obj
 0001:00000148       __xp_a                     00011148     corelibc:crt0init.obj
 0001:0000014c       __xp_z                     0001114c     corelibc:crt0init.obj
 0001:00000150       __xt_a                     00011150     corelibc:crt0init.obj
 0001:00000154       __xt_z                     00011154     corelibc:crt0init.obj
 0001:0000017c       ??_C@_0BF@MHJBDGFK@End?5of?5application?4?6?$AA@ 0001117c     appMain.o3530.ov4TCE
 0001:00000194       ??_C@_0N@OEKNMIFC@Total?3?5?$CFuus?6?$AA@ 00011194     appMain.o3530.ov4TCE
 0001:000001a4       ??_C@_0BL@JHHCCDOP@Failed?5to?5get?5timer?5total?6?$AA@ 000111a4     appMain.o3530.ov4TCE
 0001:000001c0       ??_C@_0N@KMPNPBJN@Write?3?5?$CFuus?5?$AA@ 000111c0     appMain.o3530.ov4TCE
 0001:000001d0       ??_C@_0CN@EKKPAGP@Failed?5to?5write?5encoded?5speech?5d@ 000111d0     appMain.o3530.ov4TCE
 0001:00000200       ??_C@_0CL@EGHIPJGM@Write?5encoded?5speech?5data?5to?5out@ 00011200     appMain.o3530.ov4TCE
 0001:0000022c       ??_C@_0CF@NPHBGBDK@Post?9process?5cache?5write?5back?3?5?$CF@ 0001122c     appMain.o3530.ov4TCE
 0001:00000254       ??_C@_0O@GPGCFKLL@Encode?3?5?$CFuus?5?$AA@ 00011254     appMain.o3530.ov4TCE
 0001:00000264       ??_C@_0CA@LKMPCCJD@Failed?5to?5encode?5speech?5buffer?6?$AA@ 00011264     appMain.o3530.ov4TCE
 0001:00000284       ??_C@_0CF@CNHKPNGI@Pre?9process?5cache?5maintenance?3?5?$CF@ 00011284     appMain.o3530.ov4TCE
 0001:000002ac       ??_C@_0M@GIHCFHIJ@Read?3?5?$CFuus?5?$AA@ 000112ac     appMain.o3530.ov4TCE
 0001:000002b8       ??_C@_0BL@GOLIHEPK@Failed?5to?5get?5timer?5delta?6?$AA@ 000112b8     appMain.o3530.ov4TCE
 0001:000002d4       ??_C@_0DF@LAMIMJGF@Failed?5to?5read?5full?5frame?5?$CFld?5by@ 000112d4     appMain.o3530.ov4TCE
 0001:0000030c       ??_C@_0CF@JHDBLIMF@Failed?5to?5read?5data?5from?5input?5f@ 0001130c     appMain.o3530.ov4TCE
 0001:00000334       ??_C@_0BH@MLKEOCFN@Failed?5to?5reset?5timer?6?$AA@ 00011334     appMain.o3530.ov4TCE
 0001:0000034c       ??_C@_0L@IHPAAKCH@Frame?5?$CFd?3?5?$AA@ 0001134c     appMain.o3530.ov4TCE
 0001:00000358       ??_C@_0CE@FBKNGKPF@Failed?5to?5create?5contiguous?5buff@ 00011358     appMain.o3530.ov4TCE
 0001:0000037c       ??_C@_0BF@BDGCEGHK@Failed?5to?5create?5?$CFs?6?$AA@ 0001137c     appMain.o3530.ov4TCE
 0001:00000394       ??_C@_0CA@MJPOHPOA@Failed?5to?5open?5codec?5engine?5?$CFs?6?$AA@ 00011394     appMain.o3530.ov4TCE
 0001:000003b4       ??_C@_0CG@EHJDDJFC@Failed?5to?5setvbuf?5on?5file?5descri@ 000113b4     appMain.o3530.ov4TCE
 0001:000003dc       ??_C@_0BO@LHLNMGIL@Failed?5to?5open?5input?5file?5?$CFs?6?$AA@ 000113dc     appMain.o3530.ov4TCE
 0001:000003fc       ??_C@_02JDPG@rb?$AA@       000113fc     appMain.o3530.ov4TCE
 0001:00000400       ??_C@_0CB@GACAHDKN@Failed?5to?5create?5output?5file?5?$CFs?6@ 00011400     appMain.o3530.ov4TCE
 0001:00000424       ??_C@_02GMLFBBN@wb?$AA@    00011424     appMain.o3530.ov4TCE
 0001:00000428       ??_C@_0BO@DDFCIKFJ@Failed?5to?5create?5Time?5object?6?$AA@ 00011428     appMain.o3530.ov4TCE
 0001:00000448       ??_C@_0BJ@BLOBKCIA@Starting?5application?4?4?4?6?$AA@ 00011448     appMain.o3530.ov4TCE
 0001:00000464       ??_C@_0BM@EACLDAAL@Unknown?5companding?5law?3?5?$CFs?6?$AA@ 00011464     main.o3530.ov4TCE
 0001:00000480       ??_C@_04FAHEGBMA@ulaw?$AA@ 00011480     main.o3530.ov4TCE
 0001:00000488       ??_C@_04MFBEFAIC@alaw?$AA@ 00011488     main.o3530.ov4TCE
 0001:00000490       ??_C@_03BDDDNONO@lin?$AA@  00011490     main.o3530.ov4TCE
 0001:00000494       ??_C@_06GDGADLDP@encode?$AA@ 00011494     main.o3530.ov4TCE
 0001:0000049c       ??_C@_0L@DHPAKACO@startframe?$AA@ 0001149c     main.o3530.ov4TCE
 0001:000004a8       ??_C@_0M@FGMMJEED@output_file?$AA@ 000114a8     main.o3530.ov4TCE
 0001:000004b4       ??_C@_09KLBNBHHC@numframes?$AA@ 000114b4     main.o3530.ov4TCE
 0001:000004c0       ??_C@_05BDNCCAMC@cache?$AA@ 000114c0     main.o3530.ov4TCE
 0001:000004c8       ??_C@_0L@IIDIFHJE@input_file?$AA@ 000114c8     main.o3530.ov4TCE
 0001:000004d4       ??_C@_04PCJFHION@help?$AA@ 000114d4     main.o3530.ov4TCE
 0001:000004dc       ??_C@_0O@BONIENFB@compandinglaw?$AA@ 000114dc     main.o3530.ov4TCE
 0001:000004ec       ??_C@_06LOBMEHPF@engine?$AA@ 000114ec     main.o3530.ov4TCE
 0001:000004f4       ??_C@_05GPLHJCMP@codec?$AA@ 000114f4     main.o3530.ov4TCE
 0001:000004fc       ??_C@_09HHEPMDCB@benchmark?$AA@ 000114fc     main.o3530.ov4TCE
 0001:00000508       ??_C@_0M@PKIFAEPG@c?3e?3hi?3n?3o?3?$AA@ 00011508     main.o3530.ov4TCE
 0001:00000518       ??_C@_0DDG@BMOEPCBD@Usage?3?5speech_encode_io1_?$DMplatfo@ 00011518     main.o3530.ov4TCE
 0001:00000850       ??_C@_04HMHGNEPI@CMEM?$AA@ 00011850     speech_encode_io1_omap3530_exe.ov4TCE
 0001:00000858       ??_C@_0L@ECHHAMNK@DDRALGHEAP?$AA@ 00011858     speech_encode_io1_omap3530_exe.ov4TCE
 0001:00000864       ??_C@_06EAMBFBFL@L4CORE?$AA@ 00011864     speech_encode_io1_omap3530_exe.ov4TCE
 0001:0000086c       ??_C@_07FEAKLFCF@L1DSRAM?$AA@ 0001186c     speech_encode_io1_omap3530_exe.ov4TCE
 0001:00000874       ??_C@_07MMENPFKI@L1PSRAM?$AA@ 00011874     speech_encode_io1_omap3530_exe.ov4TCE
 0001:0000087c       ??_C@_05LIMNGODL@L2RAM?$AA@ 0001187c     speech_encode_io1_omap3530_exe.ov4TCE
 0001:00000884       ??_C@_05FHNHPFFC@L4PER?$AA@ 00011884     speech_encode_io1_omap3530_exe.ov4TCE
 0001:0000088c       ??_C@_0N@LMANHFGD@RESET_VECTOR?$AA@ 0001188c     speech_encode_io1_omap3530_exe.ov4TCE
 0001:0000089c       ??_C@_0L@DNLAEDIM@DSPLINKMEM?$AA@ 0001189c     speech_encode_io1_omap3530_exe.ov4TCE
 0001:000008a8       ??_C@_04CJAJHKO@DDR2?$AA@  000118a8     speech_encode_io1_omap3530_exe.ov4TCE
 0001:000008b0       ??_C@_05IDKHKMLA@local?$AA@ 000118b0     speech_encode_io1_omap3530_exe.ov4TCE
 0001:000008b8       ??_C@_0BA@LDCFOKBI@windows?2cs?4x64P?$AA@ 000118b8     speech_encode_io1_omap3530_exe.ov4TCE
 0001:000008c8       ??_C@_0N@IFNGKIFJ@deinterlacer?$AA@ 000118c8     speech_encode_io1_omap3530_exe.ov4TCE
 0001:000008d8       ??_C@_08IADFIHKL@mpeg4enc?$AA@ 000118d8     speech_encode_io1_omap3530_exe.ov4TCE
 0001:000008e4       ??_C@_08DENMAPCP@mpeg4dec?$AA@ 000118e4     speech_encode_io1_omap3530_exe.ov4TCE
 0001:000008f0       ??_C@_08LLJMPKIP@mpeg2dec?$AA@ 000118f0     speech_encode_io1_omap3530_exe.ov4TCE
 0001:000008fc       ??_C@_07EENEKAAF@jpegenc?$AA@ 000118fc     speech_encode_io1_omap3530_exe.ov4TCE
 0001:00000904       ??_C@_07PADNCIIB@jpegdec?$AA@ 00011904     speech_encode_io1_omap3530_exe.ov4TCE
 0001:0000090c       ??_C@_07CAMMAMGK@h264enc?$AA@ 0001190c     speech_encode_io1_omap3530_exe.ov4TCE
 0001:00000914       ??_C@_07JECFIEOO@h264dec?$AA@ 00011914     speech_encode_io1_omap3530_exe.ov4TCE
 0001:0000091c       ??_C@_07HODBIOKJ@g711enc?$AA@ 0001191c     speech_encode_io1_omap3530_exe.ov4TCE
 0001:00000924       ??_C@_07MKNIAGCN@g711dec?$AA@ 00011924     speech_encode_io1_omap3530_exe.ov4TCE
 0001:0000092c       ??_C@_08PFAMKMBK@aachedec?$AA@ 0001192c     speech_encode_io1_omap3530_exe.ov4TCE
 0001:00000938       ??_C@_0BL@PLDIEAHK@ti?4sdo?4ce?4speech1?4ISPHENC1?$AA@ 00011938     speech_encode_io1_omap3530_exe.ov4TCE
 0001:00000954       ??_C@_0BP@CKJCKMBG@ti?4sdo?4ce?4universal?4IUNIVERSAL?$AA@ 00011954     speech_encode_io1_omap3530_exe.ov4TCE
 0001:00000974       ??_C@_0BK@BMFGMDGD@ti?4sdo?4ce?4video2?4IVIDDEC2?$AA@ 00011974     speech_encode_io1_omap3530_exe.ov4TCE
 0001:00000990       ??_C@_0BK@PIGKHBJC@ti?4sdo?4ce?4audio1?4IAUDDEC1?$AA@ 00011990     speech_encode_io1_omap3530_exe.ov4TCE
 0001:000009ac       ??_C@_0BK@JFKAIMBL@ti?4sdo?4ce?4image1?4IIMGDEC1?$AA@ 000119ac     speech_encode_io1_omap3530_exe.ov4TCE
 0001:000009c8       ??_C@_0BK@HPMBCCKK@ti?4sdo?4ce?4image1?4IIMGENC1?$AA@ 000119c8     speech_encode_io1_omap3530_exe.ov4TCE
 0001:000009e4       ??_C@_0BK@EEPIFIBA@ti?4sdo?4ce?4video1?4IVIDENC1?$AA@ 000119e4     speech_encode_io1_omap3530_exe.ov4TCE
 0001:00000a00       ??_C@_0BL@BBFJOOML@ti?4sdo?4ce?4speech1?4ISPHDEC1?$AA@ 00011a00     speech_encode_io1_omap3530_exe.ov4TCE
 0001:00000a20       ??_C@_0MJ@NHBJNHF@?5?5?5?5package?5speech_encode_io1_om@ 00011a20     speech_encode_io1_omap3530_exe.ov4TCE
 0001:00000af0       ??_C@_0KB@BJEKFOJA@?5?5?5?5package?5ti?4sdo?4codecs?4deinte@ 00011af0     speech_encode_io1_omap3530_exe.ov4TCE
 0001:00000b98       ??_C@_0JD@EGPKHDIC@?5?5?5?5package?5ti?4sdo?4ce?4universal?5@ 00011b98     speech_encode_io1_omap3530_exe.ov4TCE
 0001:00000c30       ??_C@_0JJ@CNCJNPCA@?5?5?5?5package?5ti?4sdo?4codecs?4mpeg4e@ 00011c30     speech_encode_io1_omap3530_exe.ov4TCE
 0001:00000cd0       ??_C@_0JC@IHKFMEPA@?5?5?5?5package?5ti?4sdo?4codecs?4mpeg4d@ 00011cd0     speech_encode_io1_omap3530_exe.ov4TCE
 0001:00000d68       ??_C@_0IM@JNAJBABL@?5?5?5?5package?5ti?4sdo?4codecs?4mpeg4d@ 00011d68     speech_encode_io1_omap3530_exe.ov4TCE
 0001:00000df8       ??_C@_0JJ@PGELNIGI@?5?5?5?5package?5ti?4sdo?4codecs?4mpeg2d@ 00011df8     speech_encode_io1_omap3530_exe.ov4TCE
 0001:00000e98       ??_C@_0JH@MKEEFJEG@?5?5?5?5package?5ti?4sdo?4codecs?4jpegen@ 00011e98     speech_encode_io1_omap3530_exe.ov4TCE
 0001:00000f30       ??_C@_0JH@DHLAAADE@?5?5?5?5package?5ti?4sdo?4codecs?4jpegde@ 00011f30     speech_encode_io1_omap3530_exe.ov4TCE
 0001:00000fc8       ??_C@_0JH@CHMEHEKP@?5?5?5?5package?5ti?4sdo?4codecs?4h264en@ 00011fc8     speech_encode_io1_omap3530_exe.ov4TCE
 0001:00001060       ??_C@_0JA@CFBFLBPA@?5?5?5?5package?5ti?4sdo?4codecs?4h264de@ 00012060     speech_encode_io1_omap3530_exe.ov4TCE
 0001:000010f0       ??_C@_0IK@CGBLKBFD@?5?5?5?5package?5ti?4sdo?4codecs?4h264de@ 000120f0     speech_encode_io1_omap3530_exe.ov4TCE
 0001:00001180       ??_C@_0JH@NEMBFOHF@?5?5?5?5package?5ti?4sdo?4codecs?4g711en@ 00012180     speech_encode_io1_omap3530_exe.ov4TCE
 0001:00001218       ??_C@_0JH@CJDFAHAH@?5?5?5?5package?5ti?4sdo?4codecs?4g711de@ 00012218     speech_encode_io1_omap3530_exe.ov4TCE
 0001:000012b0       ??_C@_0JJ@LDEMGBAG@?5?5?5?5package?5ti?4sdo?4codecs?4aached@ 000122b0     speech_encode_io1_omap3530_exe.ov4TCE
 0001:00001350       ??_C@_0HL@JKDEJLKB@?5?5?5?5package?5ti?4sdo?4dmai?5?$CIC?3?1WINC@ 00012350     speech_encode_io1_omap3530_exe.ov4TCE
 0001:000013d0       ??_C@_0IN@PNNLPIMB@?5?5?5?5package?5ti?4sdo?4ce?4image1?5?$CIC?3@ 000123d0     speech_encode_io1_omap3530_exe.ov4TCE
 0001:00001460       ??_C@_0IL@PMBKLIDP@?5?5?5?5package?5ti?4sdo?4ce?4image?5?$CIC?3?1@ 00012460     speech_encode_io1_omap3530_exe.ov4TCE
 0001:000014f0       ??_C@_0IN@DNPGBJLO@?5?5?5?5package?5ti?4sdo?4ce?4video2?5?$CIC?3@ 000124f0     speech_encode_io1_omap3530_exe.ov4TCE
 0001:00001580       ??_C@_0IN@MDJOEBNN@?5?5?5?5package?5ti?4sdo?4ce?4video1?5?$CIC?3@ 00012580     speech_encode_io1_omap3530_exe.ov4TCE
 0001:00001610       ??_C@_0IL@FJOGAPLD@?5?5?5?5package?5ti?4sdo?4ce?4video?5?$CIC?3?1@ 00012610     speech_encode_io1_omap3530_exe.ov4TCE
 0001:000016a0       ??_C@_0IN@MHIHBAOO@?5?5?5?5package?5ti?4sdo?4ce?4audio1?5?$CIC?3@ 000126a0     speech_encode_io1_omap3530_exe.ov4TCE
 0001:00001730       ??_C@_0IL@DFPGICHL@?5?5?5?5package?5ti?4sdo?4ce?4audio?5?$CIC?3?1@ 00012730     speech_encode_io1_omap3530_exe.ov4TCE
 0001:000017c0       ??_C@_0IP@JDINONK@?5?5?5?5package?5ti?4sdo?4ce?4speech1?5?$CIC@ 000127c0     speech_encode_io1_omap3530_exe.ov4TCE
 0001:00001850       ??_C@_0IN@HCIKBCMK@?5?5?5?5package?5ti?4sdo?4ce?4speech?5?$CIC?3@ 00012850     speech_encode_io1_omap3530_exe.ov4TCE
 0001:000018e0       ??_C@_0HP@HBEELEPD@?5?5?5?5package?5ti?4sdo?4ce?5?$CIC?3?1WINCE6@ 000128e0     speech_encode_io1_omap3530_exe.ov4TCE
 0001:00001960       ??_C@_0IH@HMAHHBOM@?5?5?5?5package?5ti?4sdo?4ce?4alg?5?$CIC?3?1WI@ 00012960     speech_encode_io1_omap3530_exe.ov4TCE
 0001:000019e8       ??_C@_0JH@LBACENEC@?5?5?5?5package?5ti?4sdo?4ce?4ipc?4dsplin@ 000129e8     speech_encode_io1_omap3530_exe.ov4TCE
 0001:00001a80       ??_C@_0IH@JBBCNADF@?5?5?5?5package?5ti?4sdo?4ce?4ipc?5?$CIC?3?1WI@ 00012a80     speech_encode_io1_omap3530_exe.ov4TCE
 0001:00001b08       ??_C@_0JF@JOGFPDGH@?5?5?5?5package?5ti?4sdo?4ce?4osal?4wince@ 00012b08     speech_encode_io1_omap3530_exe.ov4TCE
 0001:00001ba0       ??_C@_0IJ@JOAPGEHK@?5?5?5?5package?5ti?4sdo?4ce?4osal?5?$CIC?3?1W@ 00012ba0     speech_encode_io1_omap3530_exe.ov4TCE
 0001:00001c30       ??_C@_0GL@HPMFJBFE@?5?5?5?5package?5ti?4platforms?4evm3530@ 00012c30     speech_encode_io1_omap3530_exe.ov4TCE
 0001:00001ca0       ??_C@_0GG@MNBFFCJO@?5?5?5?5package?5ti?4catalog?4c6000?5?$CIC?3@ 00012ca0     speech_encode_io1_omap3530_exe.ov4TCE
 0001:00001d08       ??_C@_0FH@KMNKILMC@?5?5?5?5package?5ti?4catalog?5?$CIC?3?1TITOO@ 00012d08     speech_encode_io1_omap3530_exe.ov4TCE
 0001:00001d60       ??_C@_0GC@KDPFGPHO@?5?5?5?5package?5ti?4catalog?4arm?5?$CIC?3?1T@ 00012d60     speech_encode_io1_omap3530_exe.ov4TCE
 0001:00001dc8       ??_C@_0JD@LOBOMGAH@?5?5?5?5package?5ti?4sdo?4fc?4acpy3?5?$CIC?3?1@ 00012dc8     speech_encode_io1_omap3530_exe.ov4TCE
 0001:00001e60       ??_C@_0JJ@BNGKDEIA@?5?5?5?5package?5ti?4sdo?4fc?4memutils?5?$CI@ 00012e60     speech_encode_io1_omap3530_exe.ov4TCE
 0001:00001f00       ??_C@_0JD@DFMBBBGH@?5?5?5?5package?5ti?4sdo?4fc?4dman3?5?$CIC?3?1@ 00012f00     speech_encode_io1_omap3530_exe.ov4TCE
 0001:00001f98       ??_C@_0JF@CCFGILMB@?5?5?5?5package?5ti?4sdo?4fc?4global?5?$CIC?3@ 00012f98     speech_encode_io1_omap3530_exe.ov4TCE
 0001:00002030       ??_C@_0IJ@DDLAGKJF@?5?5?5?5package?5ti?4sdo?4ce?4node?5?$CIC?3?1W@ 00013030     speech_encode_io1_omap3530_exe.ov4TCE
 0001:000020c0       ??_C@_0HI@CHDJFPEG@?5?5?5?5package?5ti?4xdais?5?$CIC?3?1WINCE60@ 000130c0     speech_encode_io1_omap3530_exe.ov4TCE
 0001:00002138       ??_C@_0JD@KNOEMAAE@?5?5?5?5package?5ti?4sdo?4ce?4utils?4xdm?5@ 00013138     speech_encode_io1_omap3530_exe.ov4TCE
 0001:000021d0       ??_C@_0HM@CGBOAEAF@?5?5?5?5package?5ti?4xdais?4dm?5?$CIC?3?1WINC@ 000131d0     speech_encode_io1_omap3530_exe.ov4TCE
 0001:00002250       ??_C@_0JJ@IMOPLEF@?5?5?5?5package?5ti?4sdo?4utils?4trace?5?$CI@ 00013250     speech_encode_io1_omap3530_exe.ov4TCE
 0001:000022f0       ??_C@_0IO@FLNGHCCH@?5?5?5?5package?5ti?4bios?4power?5?$CIC?3?1WI@ 000132f0     speech_encode_io1_omap3530_exe.ov4TCE
 0001:00002380       ??_C@_0JH@PNBBEMI@?5?5?5?5package?5ti?4sdo?4winceutils?4cm@ 00013380     speech_encode_io1_omap3530_exe.ov4TCE
 0001:00002418       ??_C@_0HF@IILEBFOE@?5?5?5?5package?5dsplink?4gpp?5?$CIC?3?1WINC@ 00013418     speech_encode_io1_omap3530_exe.ov4TCE
 0001:00002490       ??_C@_0IN@OJHFBEHO@?5?5?5?5package?5ti?4sdo?4ce?4global?5?$CIC?3@ 00013490     speech_encode_io1_omap3530_exe.ov4TCE
 0001:00002520       ??_C@_0JL@LHFPAIEM@?5?5?5?5package?5ti?4sdo?4codecs?4deinte@ 00013520     speech_encode_io1_omap3530_exe.ov4TCE
 0001:000025c0       ??_C@_0JD@LFBBBKAC@?5?5?5?5package?5ti?4sdo?4codecs?4mpeg4e@ 000135c0     speech_encode_io1_omap3530_exe.ov4TCE
 0001:00002658       ??_C@_0JD@IDDFJGOP@?5?5?5?5package?5ti?4sdo?4codecs?4mpeg2d@ 00013658     speech_encode_io1_omap3530_exe.ov4TCE
 0001:000026f0       ??_C@_0JB@EDIDFFGA@?5?5?5?5package?5ti?4sdo?4codecs?4jpegen@ 000136f0     speech_encode_io1_omap3530_exe.ov4TCE
 0001:00002788       ??_C@_0JB@LENKKGDE@?5?5?5?5package?5ti?4sdo?4codecs?4jpegde@ 00013788     speech_encode_io1_omap3530_exe.ov4TCE
 0001:00002820       ??_C@_0JB@PFHJAEGO@?5?5?5?5package?5ti?4sdo?4codecs?4h264en@ 00013820     speech_encode_io1_omap3530_exe.ov4TCE
 0001:000028b8       ??_C@_0JB@IMGHGHBP@?5?5?5?5package?5ti?4sdo?4codecs?4g711en@ 000138b8     speech_encode_io1_omap3530_exe.ov4TCE
 0001:00002950       ??_C@_0JB@HLDOJEEL@?5?5?5?5package?5ti?4sdo?4codecs?4g711de@ 00013950     speech_encode_io1_omap3530_exe.ov4TCE
 0001:000029e8       ??_C@_0JD@GIIBOCCK@?5?5?5?5package?5ti?4sdo?4codecs?4aached@ 000139e8     speech_encode_io1_omap3530_exe.ov4TCE
 0001:00002a80       ??_C@_0HI@CBOLFKGC@?5?5?5?5package?5microsoft?4targets?4ar@ 00013a80     speech_encode_io1_omap3530_exe.ov4TCE
 0001:00002af8       __ASM__                    00013af8     speech_encode_io1_omap3530_exe.ov4TCE
 0001:00002bc8       __ISA__                    00013bc8     speech_encode_io1_omap3530_exe.ov4TCE
 0001:00002bdc       __PLAT__                   00013bdc     speech_encode_io1_omap3530_exe.ov4TCE
 0001:00002c00       __TARG__                   00013c00     speech_encode_io1_omap3530_exe.ov4TCE
 0001:00002c2c       ??_C@_08EDLPOAIP@CE_TRACE?$AA@ 00013c2c     speech_encode_io1_omap3530_exe.ov4TCE
 0001:00002c38       ??_C@_03LFCLGGIM@?$CK?$CL7?$AA@ 00013c38     speech_encode_io1_omap3530_exe.ov4TCE
 0001:00002c3c       ??_C@_08GGNNOHFG@CE_CHECK?$AA@ 00013c3c     speech_encode_io1_omap3530_exe.ov4TCE
 0001:00002c48       ??_C@_0CK@LEGFDBOF@?$CK?$CL01234567?0CE?93?0GT_time?$DN0?0GT_pre@ 00013c48     speech_encode_io1_omap3530_exe.ov4TCE
 0001:00002c74       ??_C@_0CF@MLKDEFPI@?$CK?$CL01234567?0GT_prefix?$DN12345?0GT_ti@ 00013c74     speech_encode_io1_omap3530_exe.ov4TCE
 0001:00002ca0       ??_C@_0FG@OMGCGKKB@?$CK?$CL01234567?0CE?93?0ti?4sdo?4ce?4osal?4S@ 00013ca0     speech_encode_io1_omap3530_exe.ov4TCE
 0001:00002cf8       ??_C@_0EO@KFBBILMI@?$CK?$CL01234567?0CR?$DN67?0ti?4sdo?4fc?4dman3@ 00013cf8     speech_encode_io1_omap3530_exe.ov4TCE
 0001:00002d48       ??_C@_0CD@MDCEONOA@?$CK?$CL67?0CE?93?0GT_time?$DN0?0GT_prefix?$DN12@ 00013d48     speech_encode_io1_omap3530_exe.ov4TCE
 0001:00002d6c       ??_C@_0BO@DELMIHJO@?$CK?$CL67?0GT_prefix?$DN1235?0GT_time?$DN3?$AA@ 00013d6c     speech_encode_io1_omap3530_exe.ov4TCE
 0001:00002d8c       ??_C@_08KKIBLLCI@CE_DEBUG?$AA@ 00013d8c     speech_encode_io1_omap3530_exe.ov4TCE
 0001:00002d98       ??_C@_0BC@LGCPDJEE@universal_stubs?4c?$AA@ 00013d98     universal:universal_stubs.ov4TCE
 0001:00002dac       ??_C@_0CC@PGFGHOKK@assertion?5violation?3?5?$CFs?0?5line?5?$CFd@ 00013dac     universal:universal_stubs.ov4TCE
 0001:00002dd0       ??_C@_0EM@NKCBAILD@process?$DO?5invalid?5arguments?5?9?5too@ 00013dd0     universal:universal_stubs.ov4TCE
 0001:00002e1c       ??_C@_0DH@GMOMDFMG@ERROR?$DO?5codec?5?$CI0x?$CFx?$CJ?5modified?5rea@ 00013e1c     universal:universal_stubs.ov4TCE
 0001:00002e54       ??_C@_02DKCKIIND@?$CFs?$AA@ 00013e54     universal:universal.ov4TCE
 0001:00002e58       ??_C@_0DM@EPLBNJIH@ERROR?$DO?5codec?5?$CI0x?$CFx?$CJ?5modified?5rea@ 00013e58     universal:universal.ov4TCE
 0001:00002e94       ??_C@_0DK@PCBOMHHO@ERROR?$DO?5codec?5?$CI0x?$CFx?$CJ?5modified?5rea@ 00013e94     universal:universal.ov4TCE
 0001:00002ed0       ??_C@_06DJIHEMFI@status?$AA@ 00013ed0     universal:universal.ov4TCE
 0001:00002ed8       ??_C@_09PJPAJAED@dynParams?$AA@ 00013ed8     universal:universal.ov4TCE
 0001:00002ee4       Time_Attrs_DEFAULT         00013ee4     dmai_wince_omap3530:Time.o3530.ov4TCE
 0001:00002ee8       ??_C@_0DB@MAHOHLKJ@?$FLTime?$FN?5Failed?5to?5allocate?5space?5@ 00013ee8     dmai_wince_omap3530:Time.o3530.ov4TCE
 0001:00002f1c       ??_C@_0CM@LHEHPCPO@?$FLTime?$FN?5Performance?5Frequency?5not@ 00013f1c     dmai_wince_omap3530:Time.o3530.ov4TCE
 0001:00002f48       ??_C@_0CB@DLALAJDG@?$FLTime?$FN?5NULL?5attrs?5not?5supported?6@ 00013f48     dmai_wince_omap3530:Time.o3530.ov4TCE
 0001:00002f6c       ??_C@_0CK@FFPMJDIH@?$FLTime?$FN?5Performance?5Counter?5not?5s@ 00013f6c     dmai_wince_omap3530:Time.o3530.ov4TCE
 0001:00002f98       Buffer_Memory_Params_DEFAULT 00013f98     dmai_wince_omap3530:Buffer.o3530.ov4TCE
 0001:00002fa8       Buffer_Attrs_DEFAULT       00013fa8     dmai_wince_omap3530:Buffer.o3530.ov4TCE
 0001:00002fc0       ??_C@_0DG@GKEDICIC@?$FLBuffer?$FN?5Alloc?5Buffer?5of?5size?5?$CFu@ 00013fc0     dmai_wince_omap3530:Buffer.o3530.ov4TCE
 0001:00002ff8       ??_C@_0BM@MFONBCKH@Failed?5to?5allocate?5memory?4?6?$AA@ 00013ff8     dmai_wince_omap3530:Buffer.o3530.ov4TCE
 0001:00003014       ??_C@_0DF@JIJLNEFJ@?$FLBuffer?$FN?5Failed?5to?5allocate?5spac@ 00014014     dmai_wince_omap3530:Buffer.o3530.ov4TCE
 0001:0000304c       ??_C@_0CD@HNKEDEPJ@?$FLBuffer?$FN?5Unknown?5Buffer?5type?5?$CI?$CFd@ 0001404c     dmai_wince_omap3530:Buffer.o3530.ov4TCE
 0001:00003070       ??_C@_0BN@COMBEICF@?$FLBuffer?$FN?5Must?5provide?5attrs?6?$AA@ 00014070     dmai_wince_omap3530:Buffer.o3530.ov4TCE
 0001:00003090       ??_C@_0DE@NMBPOEGM@?$FLBuffer?$FN?5Failed?5to?5create?5new?5Bu@ 00014090     dmai_wince_omap3530:Buffer.o3530.ov4TCE
 0001:000030c4       ??_C@_0DM@EDDKKOJD@?7Width?5?$CFd?5?$CI?$CFd?$CJ?5Height?5?$CFd?5?$CI?$CFd?$CJ?5Po@ 000140c4     dmai_wince_omap3530:Buffer.o3530.ov4TCE
 0001:00003100       ??_C@_0CF@JMAGMGAD@?7Width?5?$CFd?0?5Height?5?$CFd?0?5LineLength@ 00014100     dmai_wince_omap3530:Buffer.o3530.ov4TCE
 0001:00003128       ??_C@_0EB@HHOCHFIL@?$FL?$CFd?$FN?5?$EA?50x?$CFx?5?$CI0x?$CFx?5phys?$CJ?5numBytes@ 00014128     dmai_wince_omap3530:Buffer.o3530.ov4TCE
 0001:0000316c       ??_C@_02KAJCLHKP@no?$AA@   0001416c     dmai_wince_omap3530:Buffer.o3530.ov4TCE
 0001:00003170       ??_C@_03ICICOMAL@yes?$AA@  00014170     dmai_wince_omap3530:Buffer.o3530.ov4TCE
 0001:00003174       ??_C@_0DA@KPPANOB@?$FLBuffer?$FN?5Set?5user?5pointer?50x?$CFx?5?$CI@ 00014174     dmai_wince_omap3530:Buffer.o3530.ov4TCE
 0001:000031a4       ??_C@_0DF@IFGFNLAH@?$FLBuffer?$FN?5Free?5Buffer?5of?5size?5?$CFu?5@ 000141a4     dmai_wince_omap3530:Buffer.o3530.ov4TCE
 0001:000031dc       Senc1_Params_DEFAULT       000141dc     dmai_wince_omap3530:Senc1.o3530.ov4TCE
 0001:000031f0       Senc1_DynamicParams_DEFAULT 000141f0     dmai_wince_omap3530:Senc1.o3530.ov4TCE
 0001:00003204       ??_C@_0DM@JFMCFHAA@?$FLSenc1?$FN?5SPHENC1_process?$CI?$CJ?5failed@ 00014204     dmai_wince_omap3530:Senc1.o3530.ov4TCE
 0001:00003240       ??_C@_0CD@GLGBGDJK@?$FLSenc1?$FN?5SPHENC1_process?$CI?$CJ?5ret?5?$CFd@ 00014240     dmai_wince_omap3530:Senc1.o3530.ov4TCE
 0001:00003268       ??_C@_0ED@KCMPAHPL@?$FLSenc1?$FN?5Speech?5encoder?5requires?5@ 00014268     dmai_wince_omap3530:Senc1.o3530.ov4TCE
 0001:000032ac       ??_C@_0CK@IGKNGGLL@?$FLSenc1?$FN?5XDM_GETBUFINFO?5failed?0?5s@ 000142ac     dmai_wince_omap3530:Senc1.o3530.ov4TCE
 0001:000032d8       ??_C@_0CJ@KBECLFIH@?$FLSenc1?$FN?5Made?5XDM_SETPARAMS?5contr@ 000142d8     dmai_wince_omap3530:Senc1.o3530.ov4TCE
 0001:00003304       ??_C@_0CJ@BECFMAOC@?$FLSenc1?$FN?5XDM_SETPARAMS?5failed?0?5st@ 00014304     dmai_wince_omap3530:Senc1.o3530.ov4TCE
 0001:00003330       ??_C@_0BM@BLKEOLIK@?$FLSenc1?$FN?5Setting?5dynParams?5?6?$AA@ 00014330     dmai_wince_omap3530:Senc1.o3530.ov4TCE
 0001:0000334c       ??_C@_0CM@IBBMELOJ@?$FLSenc1?$FN?5Can?8t?5open?5speech?5encode@ 0001434c     dmai_wince_omap3530:Senc1.o3530.ov4TCE
 0001:00003378       ??_C@_0DD@KONFPBJN@?$FLSenc1?$FN?5Failed?5to?5allocate?5space@ 00014378     dmai_wince_omap3530:Senc1.o3530.ov4TCE
 0001:000033b0       ??_C@_0EL@IOPKEGIP@?$FLSenc1?$FN?5Cannot?5pass?5null?5for?5eng@ 000143b0     dmai_wince_omap3530:Senc1.o3530.ov4TCE
 0001:000033fc       ??_C@_0CL@JMDJIKFL@?$FLDmai?$FN?5Using?5log?5level?5set?5by?5DM@ 000143fc     dmai_wince_omap3530:Dmai.o3530.ov4TCE
 0001:00003428       ??_C@_0BN@KMGGCCEG@?$FLDmai?$FN?5Log?5level?5set?5to?5?$CFd?4?6?$AA@ 00014428     dmai_wince_omap3530:Dmai.o3530.ov4TCE
 0001:00003448       ??_C@_0BF@DAKMIKBG@ti?4sdo?4dmai?$DN01234567?$AA@ 00014448     dmai_wince_omap3530:Dmai.o3530.ov4TCE
 0001:00003460       ??_C@_0P@ENPDJHEE@ti?4sdo?4dmai?$DN67?$AA@ 00014460     dmai_wince_omap3530:Dmai.o3530.ov4TCE
 0001:00003470       ??_C@_0N@DNNMJFAF@ti?4sdo?4dmai?$DN?$AA@ 00014470     dmai_wince_omap3530:Dmai.o3530.ov4TCE
 0001:00003480       ??_C@_0CC@PFCAMFLO@?$FLDmai?$FN?5Dmai?5log?5level?5set?5to?5?$CFd?4@ 00014480     dmai_wince_omap3530:Dmai.o3530.ov4TCE
 0001:000034a4       ??_C@_0M@FMGIJOHE@ti?4sdo?4dmai?$AA@ 000144a4     dmai_wince_omap3530:Dmai.o3530.ov4TCE
 0001:000034b0       ??_C@_00CNPNBAHC@?$AA@     000144b0     dmai_wince_omap3530:getopt_long.o3530.ov4TCE
 0001:00003570       BufferGfx_Attrs_DEFAULT    00014570     dmai_wince_omap3530:BufferGfx.o3530.ov4TCE
 0001:000035a0       ??_C@_0CI@KKHMLDBE@?$FLVideoStd?$FN?5Unknown?5video?5standar@ 000145a0     dmai_wince_omap3530:VideoStd.o3530.ov4TCE
 0001:000035c8       ??_C@_0CO@EKKFKKEA@?$FLColorSpace?$FN?5Unknown?5color?5space@ 000145c8     dmai_wince_omap3530:ColorSpace.o3530.ov4TCE
 0001:000035f8       ??_C@_0BA@LKGFJPFF@imgdec1_stubs?4c?$AA@ 000145f8     imgdec1:imgdec1_stubs.ov4TCE
 0001:00003608       ??_C@_0EE@JICPFPIG@ERROR?$DO?5codec?5?$CI0x?$CFx?$CJ?5modified?5rea@ 00014608     imgdec1:imgdec1.ov4TCE
 0001:0000364c       ??_C@_0BA@BGGBOCNO@imgenc1_stubs?4c?$AA@ 0001464c     imgenc1:imgenc1_stubs.ov4TCE
 0001:0000365c       ??_C@_0BA@MPICDNEK@viddec2_stubs?4c?$AA@ 0001465c     viddec2:viddec2_stubs.ov4TCE
 0001:0000366c       ??_C@_0BA@IILBPLMC@videnc1_stubs?4c?$AA@ 0001466c     videnc1:videnc1_stubs.ov4TCE
 0001:0000367c       ??_C@_0BA@DOPMHGAJ@auddec1_stubs?4c?$AA@ 0001467c     auddec1:auddec1_stubs.ov4TCE
 0001:0000368c       ??_C@_0BA@EGAJECFC@sphdec1_stubs?4c?$AA@ 0001468c     sphdec1:sphdec1_stubs.ov4TCE
 0001:0000369c       ??_C@_0BA@OKANDPNJ@sphenc1_stubs?4c?$AA@ 0001469c     sphenc1:sphenc1_stubs.ov4TCE
 0001:000036ac       ??_C@_0BP@MKGCLDKN@SPHENC1_create?$DO?5return?5?$CI0x?$CFx?$CJ?6?$AA@ 000146ac     sphenc1:sphenc1.ov4TCE
 0001:000036cc       ??_C@_0DN@FIDECELF@SPHENC1_create?$DO?5Enter?5?$CIengine?$DN0x@ 000146cc     sphenc1:sphenc1.ov4TCE
 0001:0000370c       ??_C@_0BK@LEIEGDHK@ti?4sdo?4ce?4speech1?4SPHENC1?$AA@ 0001470c     sphenc1:sphenc1.ov4TCE
 0001:00003728       ??_C@_0BH@GCOCPGJK@SPHENC_delete?$DO?5return?6?$AA@ 00014728     sphenc1:sphenc1.ov4TCE
 0001:00003740       ??_C@_0CF@CBFBBNNE@SPHENC1_delete?$DO?5Enter?5?$CIhandle?$DN0x@ 00014740     sphenc1:sphenc1.ov4TCE
 0001:00003768       ??_C@_0DC@EOBINKLJ@SPHENC1_process?$DO?5Exit?5?$CIhandle?$DN0x@ 00014768     sphenc1:sphenc1.ov4TCE
 0001:0000379c       ??_C@_0BA@KKBCEELG@SPHENC1?3process?$AA@ 0001479c     sphenc1:sphenc1.ov4TCE
 0001:000037b0       ??_C@_0FK@KLEDBPIM@SPHENC1_process?$DO?5Enter?5?$CIhandle?$DN0@ 000147b0     sphenc1:sphenc1.ov4TCE
 0001:0000380c       ??_C@_0DC@PMHJBCHO@SPHENC1_control?$DO?5Exit?5?$CIhandle?$DN0x@ 0001480c     sphenc1:sphenc1.ov4TCE
 0001:00003840       ??_C@_0BA@FCBLCMOL@SPHENC1?3control?$AA@ 00014840     sphenc1:sphenc1.ov4TCE
 0001:00003850       ??_C@_0GB@CNGMGHNC@SPHENC1_control?$DO?5Enter?5?$CIhandle?$DN0@ 00014850     sphenc1:sphenc1.ov4TCE
 0001:000038b4       ??_C@_0CB@GOEMOEMH@Engine_ctrlNode?$DO?5Returning?50x?$CFx?6@ 000148b4     ce:Engine.ov4TCE
 0001:000038d8       ??_C@_0CE@OMDNIMFA@Engine_ctrlNode?$CI0x?$CFlx?0?50x?$CFx?0?50x?$CF@ 000148d8     ce:Engine.ov4TCE
 0001:000038fc       ??_C@_08HPIBKOPK@Engine?4c?$AA@ 000148fc     ce:Engine.ov4TCE
 0001:00003908       ??_C@_0BN@EBNFOHFN@Engine?5freeServerTab?$CI?$CJ?5exit?6?$AA@ 00014908     ce:Engine.ov4TCE
 0001:00003928       ??_C@_0DD@BJEAMLFJ@Engine?5freeServerTab?$CI?$CJ?5engine?9?$DOn@ 00014928     ce:Engine.ov4TCE
 0001:0000395c       ??_C@_0CE@CBPGMIAI@Engine?5freeServerTab?$CI?$CJ?5enter?$CI0x?$CF@ 0001495c     ce:Engine.ov4TCE
 0001:00003980       ??_C@_0DI@LGEEKCIG@?5?5?5engine?3?5major?5?$DN?5?$CFd?0?5source?5ke@ 00014980     ce:Engine.ov4TCE
 0001:000039b8       ??_C@_0DI@CAMKLEDE@?5?5?5server?3?5major?5?$DN?5?$CFd?0?5source?5ke@ 000149b8     ce:Engine.ov4TCE
 0001:000039f0       ??_C@_0CJ@FMALIMGN@getServerKey?$CI0x?$CFlx?$CJ?5protocol?5mis@ 000149f0     ce:Engine.ov4TCE
 0001:00003a1c       ??_C@_0BL@JKIALMLF@rserverClose?$CI0x?$CFlx?$CJ?5done?4?6?$AA@ 00014a1c     ce:Engine.ov4TCE
 0001:00003a38       ??_C@_0CB@MFALMDED@rserverClose?$CI0x?$CFlx?$CJ?0?5count?5?$DN?5?$CFd?6@ 00014a38     ce:Engine.ov4TCE
 0001:00003a5c       ??_C@_0CA@PJLDBPPN@rserverOpen?$CI?8?$CFs?8?$CJ?3?50x?$CFlx?5done?4?6?$AA@ 00014a5c     ce:Engine.ov4TCE
 0001:00003a7c       ??_C@_0DF@MBBNMIMB@rserverOpen?3?5can?8t?5start?5?8?$CFs?8?$DL?5?8@ 00014a7c     ce:Engine.ov4TCE
 0001:00003ab4       ??_C@_0DI@DAGHACEB@rserverOpen?3?5can?8t?5start?5?8?$CFs?8?$DL?5P@ 00014ab4     ce:Engine.ov4TCE
 0001:00003aec       ??_C@_0BP@DFBNCMGH@rserverOpen?$CI?8?$CFs?8?$CJ?0?5count?5?$DN?5?$CFd?6?$AA@ 00014aec     ce:Engine.ov4TCE
 0001:00003b0c       ??_C@_0CB@NAGMIKEH@Engine_getNumServerAlgs?5exit?5?$CFd?6@ 00014b0c     ce:Engine.ov4TCE
 0001:00003b30       ??_C@_0DE@JNGEBAIL@Engine_getNumServerAlgs?5number?5o@ 00014b30     ce:Engine.ov4TCE
 0001:00003b64       ??_C@_0DL@LMNHIBLI@Engine_getNumServerAlgs?$DO?5interna@ 00014b64     ce:Engine.ov4TCE
 0001:00003ba0       ??_C@_0DI@NLJJCDGB@Engine_getNumServerAlgs?$DO?5Engine?5@ 00014ba0     ce:Engine.ov4TCE
 0001:00003bd8       ??_C@_0CG@MHCLDPEH@Engine_getNumServerAlgs?$CI0x?$CFlx?50x@ 00014bd8     ce:Engine.ov4TCE
 0001:00003c00       ??_C@_0GB@MDBFFHPB@Engine_deleteNode?$CI0x?$CFx?$CJ?3?5algName@ 00014c00     ce:Engine.ov4TCE
 0001:00003c64       ??_C@_0BK@MPJEFPPO@Engine_deleteNode?$CI0x?$CFlx?$CJ?6?$AA@ 00014c64     ce:Engine.ov4TCE
 0001:00003c80       ??_C@_0CN@NIMLILBB@Engine_initFromServer?5engine?9?$DOse@ 00014c80     ce:Engine.ov4TCE
 0001:00003cb0       ??_C@_0EB@KEKEJJMC@Engine_initFromServer?$DO?5Memory?5al@ 00014cb0     ce:Engine.ov4TCE
 0001:00003cf4       ??_C@_0DC@DBENNEAN@Engine_initFromServer?$DO?5Memory?5al@ 00014cf4     ce:Engine.ov4TCE
 0001:00003d28       ??_C@_0EL@EJCKAJHH@Engine_initFromServer?$DO?5WARNING?5C@ 00014d28     ce:Engine.ov4TCE
 0001:00003d78       ??_C@_0FK@PJAMLNNO@Engine_initFromServer?$DO?5failed?5to@ 00014d78     ce:Engine.ov4TCE
 0001:00003dd8       ??_C@_0MA@FKCEAGHG@Engine_initFromServer?$DO?5WARNING?3?5@ 00014dd8     ce:Engine.ov4TCE
 0001:00003e98       ??_C@_0IP@EKGKDKLC@Engine_initFromServer?$DO?5Warning?3?5@ 00014e98     ce:Engine.ov4TCE
 0001:00003f28       ??_C@_0EA@JGLEBDAL@Engine_initFromServer?$DO?5Sending?5R@ 00014f28     ce:Engine.ov4TCE
 0001:00003f68       ??_C@_0DJ@DPEILMLN@Engine_initFromServer?$DO?5internal?5@ 00014f68     ce:Engine.ov4TCE
 0001:00003fa8       ??_C@_0EM@EBLGDOJE@Engine_initFromServer?$DO?5Initializ@ 00014fa8     ce:Engine.ov4TCE
 0001:00003ff8       ??_C@_0ED@KHNHNAJD@Engine_initFromServer?$DO?5Failed?5to@ 00014ff8     ce:Engine.ov4TCE
 0001:00004040       ??_C@_0EK@OFGAJCNB@Engine_initFromServer?$DO?5Allocatin@ 00015040     ce:Engine.ov4TCE
 0001:00004090       ??_C@_0GA@FDOJDIEI@Engine_initFromServer?$DO?5Number?5of@ 00015090     ce:Engine.ov4TCE
 0001:000040f0       ??_C@_0FC@PHMCCFFH@Engine_initFromServer?$DO?5Number?5of@ 000150f0     ce:Engine.ov4TCE
 0001:00004148       ??_C@_0EA@FFLJGNGN@Engine_initFromServer?$DO?5Server?5ha@ 00015148     ce:Engine.ov4TCE
 0001:00004188       ??_C@_0EK@MKLMFNOC@Engine_initFromServer?$DO?5Failed?5to@ 00015188     ce:Engine.ov4TCE
 0001:000041d4       ??_C@_0CF@FFHLHKOB@Engine_initFromServer?$DO?5Returning@ 000151d4     ce:Engine.ov4TCE
 0001:000041fc       ??_C@_0BO@BMDJGNBA@Engine_initFromServer?$CI0x?$CFlx?$CJ?6?$AA@ 000151fc     ce:Engine.ov4TCE
 0001:0000421c       ??_C@_0CK@PABEOIDI@Engine_fwriteTrace?$DO?5returning?5co@ 0001521c     ce:Engine.ov4TCE
 0001:00004248       ??_C@_0NL@JDFLOEMI@?5?$FLARM?$FN?5WARNING?3?5lost?5?$CFd?5characte@ 00015248     ce:Engine.ov4TCE
 0001:00004328       ??_C@_0EM@DFKAGGPB@Engine_fwriteTrace?$DO?5got?5?$CFd?5chars@ 00015328     ce:Engine.ov4TCE
 0001:00004374       ??_C@_0DG@JCOOLCPA@Engine_fwriteTrace?$CI?$CJ?3?5requesting@ 00015374     ce:Engine.ov4TCE
 0001:000043ac       ??_C@_0CD@NMGMAFFC@Engine_fwriteTrace?$DO?5Engine?5in?5us@ 000153ac     ce:Engine.ov4TCE
 0001:000043d0       ??_C@_0CK@CEOEOCNE@Engine_fwriteTrace?$DO?5Engine?5has?5n@ 000153d0     ce:Engine.ov4TCE
 0001:000043fc       ??_C@_0CI@OGHLOPJE@Engine_fwriteTrace?$CI0x?$CFlx?0?5?8?$CFs?8?0?5@ 000153fc     ce:Engine.ov4TCE
 0001:00004428       ??_C@_0GG@OBOMDHPK@Engine_init?$DO?5Descriptor?5for?5engi@ 00015428     ce:Engine.ov4TCE
 0001:00004490       ??_C@_0FL@HFCNFMEL@Engine_init?$DO?5CE?5debugging?5on?5?$CICE@ 00015490     ce:Engine.ov4TCE
 0001:000044ec       ??_C@_02PPGMKODE@CE?$AA@   000154ec     ce:Engine.ov4TCE
 0001:000044f0       ??_C@_0BN@FMJCBGBK@Engine_setTrace?$DO?5return?$CI?$CFd?$CJ?6?$AA@ 000154f0     ce:Engine.ov4TCE
 0001:00004510       ??_C@_0CP@KFOJFAHC@Engine_setTrace?$DO?5Requesting?5DSP?5@ 00015510     ce:Engine.ov4TCE
 0001:00004540       ??_C@_0EO@JEONFKHM@Engine_setTrace?$DO?5Warning?3?5server@ 00015540     ce:Engine.ov4TCE
 0001:00004590       ??_C@_0DA@EDLJELOM@Engine_setTrace?$DO?5Enter?$CIengine?$DN0x@ 00015590     ce:Engine.ov4TCE
 0001:000045c0       ??_C@_0DM@KMFEMDID@Engine?$DO?5allocNode?$CI?$CJ?4?5Calling?5Com@ 000155c0     ce:Engine.ov4TCE
 0001:000045fc       ??_C@_0DL@PCGFNNEM@Engine?$DO?5allocNode?$CI?$CJ?4?5Calling?5?$CICo@ 000155fc     ce:Engine.ov4TCE
 0001:00004638       ??_C@_0BD@JCJFIPPH@gppfromnode_?$CFlu_?$CFu?$AA@ 00015638     ce:Engine.ov4TCE
 0001:0000464c       ??_C@_0DC@BKMNDAAK@Engine?$DO?5allocNode?5Enter?$CIengine?$DN0@ 0001564c     ce:Engine.ov4TCE
 0001:00004680       ??_C@_0DJ@HNNPFGIK@checkServer?$CI0x?$CFlx?$CJ?5failed?3?5serve@ 00015680     ce:Engine.ov4TCE
 0001:000046bc       ??_C@_0BE@MDMEOMF@checkServer?$CI0x?$CFlx?$CJ?6?$AA@ 000156bc     ce:Engine.ov4TCE
 0001:000046d0       ??_C@_06JCNGPGEO@?$FLDSP?$FN?5?$AA@ 000156d0     ce:Engine.ov4TCE
 0001:000046d8       ??_C@_0BD@FDMDFDJA@Engine_close?5exit?6?$AA@ 000156d8     ce:Engine.ov4TCE
 0001:000046ec       ??_C@_0BF@BHCGNIL@Engine_close?$CI0x?$CFlx?$CJ?6?$AA@ 000156ec     ce:Engine.ov4TCE
 0001:00004704       ??_C@_0CD@BPAJIFFD@Engine_createNode?$DO?5Returning?50x?$CF@ 00015704     ce:Engine.ov4TCE
 0001:00004728       ??_C@_0DI@HAKMPKOM@Engine_createNode?$DO?5FAILED?5to?5sen@ 00015728     ce:Engine.ov4TCE
 0001:00004760       ??_C@_0HB@ILCICFDN@Engine_createNode?$DO?5created?5node?$CI@ 00015760     ce:Engine.ov4TCE
 0001:000047d4       ??_C@_0DA@IBLAMEL@Engine_createNode?$DO?5Remote?5start?5@ 000157d4     ce:Engine.ov4TCE
 0001:00004804       ??_C@_0DI@PJHFKNBJ@Engine_createNode?$DO?5Remote?5node?5c@ 00015804     ce:Engine.ov4TCE
 0001:0000483c       ??_C@_0CM@HEFCOFEL@Engine_createNode?$DO?5Node?5allocati@ 0001583c     ce:Engine.ov4TCE
 0001:00004868       ??_C@_0DF@PEOMEHGL@Engine_createNode?$DO?5internal?5erro@ 00015868     ce:Engine.ov4TCE
 0001:000048a0       ??_C@_0EO@FGMECAPO@Engine_createNode?$DO?5rms?5message?5s@ 000158a0     ce:Engine.ov4TCE
 0001:000048f0       ??_C@_0DJ@DCONEBAA@Engine_createNode?$CI0x?$CFlx?0?5?8?$CFs?8?0?5?$CF@ 000158f0     ce:Engine.ov4TCE
 0001:0000492c       ??_C@_0CO@NKEADEP@rmsInit?$CI0x?$CFlx?$CJ?0?5setting?5DSP?5trac@ 0001592c     ce:Engine.ov4TCE
 0001:00004960       ??_C@_0EM@BFBBBJHI@rmsInit?$DO?5RMS?5initialized?$CI0x?$CFlx?$CJ?$DL@ 00015960     ce:Engine.ov4TCE
 0001:000049ac       ??_C@_0N@JLDHEACM@CE_DSP0TRACE?$AA@ 000159ac     ce:Engine.ov4TCE
 0001:000049bc       ??_C@_04BDBAAKCN@rmsq?$AA@ 000159bc     ce:Engine.ov4TCE
 0001:000049c4       ??_C@_09NMAIOBIO@?$CFs_?$CFlu_?$CFu?$AA@ 000159c4     ce:Engine.ov4TCE
 0001:000049d0       ??_C@_0BJ@DFJHKBMH@Engine_open?$DO?5return?$CI?$CFd?$CJ?6?$AA@ 000159d0     ce:Engine.ov4TCE
 0001:000049f0       ??_C@_0FN@COMIHKJD@Engine_open?$DO?5WARNING?3?5Unable?5to?5@ 000159f0     ce:Engine.ov4TCE
 0001:00004a50       ??_C@_0CE@PKAINFMI@Engine_open?$DO?5engine?9?$DOserver?5?$DN?50x@ 00015a50     ce:Engine.ov4TCE
 0001:00004a74       ??_C@_0CH@DNDFACBO@Engine_open?$DO?5Enter?$CI?8?$CFs?8?0?50x?$CFlx?0?5@ 00015a74     ce:Engine.ov4TCE
 0001:00004a9c       ??_C@_0DN@HELOJKNI@Engine_getConstName?$DO?5Unable?5to?5l@ 00015a9c     ce:Engine.ov4TCE
 0001:00004adc       ??_C@_0CM@BMIICGHG@Engine_getFxns?$DO?5Unable?5to?5locate@ 00015adc     ce:Engine.ov4TCE
 0001:00004b08       ??_C@_0CE@FFLBDGCP@Server_disconnectTrace?$DO?5return?$CI?$CF@ 00015b08     ce:Server.ov4TCE
 0001:00004b2c       ??_C@_08IAEJNEEH@Server?4c?$AA@ 00015b2c     ce:Server.ov4TCE
 0001:00004b38       ??_C@_0CG@DIFMBCPL@Server_disconnectTrace?$CI?80x?$CFx?8?0?50@ 00015b38     ce:Server.ov4TCE
 0001:00004b60       ??_C@_0CM@DNAGGABE@Server_connectTrace?$DO?5token?$CI?$CFd?$CJ?0?5@ 00015b60     ce:Server.ov4TCE
 0001:00004b8c       ??_C@_0CD@HEMDJIHD@Server_connectTrace?$CI?80x?$CFx?8?0?50x?$CFx@ 00015b8c     ce:Server.ov4TCE
 0001:00004bb0       ??_C@_0CJ@BDBABDJM@Server_init?$DO?5Global_useLinkArbit@ 00015bb0     ce:Server.ov4TCE
 0001:00004bdc       ??_C@_0P@EPMMBJDF@Server_init?$CI?$CJ?6?$AA@ 00015bdc     ce:Server.ov4TCE
 0001:00004bec       ??_C@_02ODPEBLOD@CS?$AA@   00015bec     ce:Server.ov4TCE
 0001:00004bf0       ??_C@_0FB@PJLGAMJE@VISA_allocMsg?$DO?5FAILED?5to?5allocat@ 00015bf0     ce:visa.ov4TCE
 0001:00004c44       ??_C@_0DI@OLNBBGKP@VISA_allocMsg?$DO?5Allocating?5messag@ 00015c44     ce:visa.ov4TCE
 0001:00004c80       ??_C@_0EI@ELILEMOO@VISA_call?5Completed?3?5messageId?$DN0@ 00015c80     ce:visa.ov4TCE
 0001:00004cc8       ??_C@_0EA@BFJDNMAC@VISA_call?$CIvisa?$DN0x?$CFx?0?5msg?$DN0x?$CFx?$CJ?3?5@ 00015cc8     ce:visa.ov4TCE
 0001:00004d08       ??_C@_0EA@PJPMEIHH@VISA_delete?$DO?5Engine_ctrlNode?5fai@ 00015d08     ce:visa.ov4TCE
 0001:00004d48       ??_C@_0CC@LEIPDLGD@VISA_delete?$DO?5deleting?5codec?50x?$CFx@ 00015d48     ce:visa.ov4TCE
 0001:00004d70       ??_C@_0EB@EOKHDEPG@VISA_delete?$DO?5deleting?5codec?5?$CIloc@ 00015d70     ce:visa.ov4TCE
 0001:00004db4       ??_C@_0BD@ILBNBIJP@VISA_delete?$CI0x?$CFx?$CJ?6?$AA@ 00015db4     ce:visa.ov4TCE
 0001:00004dc8       ??_C@_0CP@CKFMIEGH@ThreadID?3?50x?$CFx?5codec?5handle?3?50x?$CF@ 00015dc8     ce:visa.ov4TCE
 0001:00004df8       ??_C@_0CJ@POBGKDHB@VISA_enter?$CIvisa?$DN0x?$CFx?$CJ?3?5algHandle@ 00015df8     ce:visa.ov4TCE
 0001:00004e24       ??_C@_0CC@CFABHIIN@Codec?5handle?3?50x?$CFx?5pre?9deactivat@ 00015e24     ce:visa.ov4TCE
 0001:00004e48       ??_C@_0CD@ECOIEMFA@Codec?5handle?3?50x?$CFx?5post?9deactiva@ 00015e48     ce:visa.ov4TCE
 0001:00004e6c       ??_C@_0CI@JJJDIJNL@VISA_exit?$CIvisa?$DN0x?$CFx?$CJ?3?5algHandle?5@ 00015e6c     ce:visa.ov4TCE
 0001:00004e94       ??_C@_0CG@HOLEEMMM@VISA_freeMsg?$DO?5FAILED?5?$CINULL?5messa@ 00015e94     ce:visa.ov4TCE
 0001:00004ec0       ??_C@_0EB@KLKCNLIG@VISA_freeMsg?$CI0x?$CFx?0?50x?$CFx?$CJ?3?5Freein@ 00015ec0     ce:visa.ov4TCE
 0001:00004f04       ??_C@_0CK@CPOLBDOO@VISA_getMaxMsgSize?$CI0x?$CFx?$CJ?3?5return@ 00015f04     ce:visa.ov4TCE
 0001:00004f30       ??_C@_0FI@NKIFJHBB@VISA_create?$DO?5remote?5codec?5create@ 00015f30     ce:visa.ov4TCE
 0001:00004f88       ??_C@_0DF@PIKLCDMI@VISA_create2?$DO?5FAILED?5to?5create?5r@ 00015f88     ce:visa.ov4TCE
 0001:00004fc0       ??_C@_0CP@CMDAOIFN@VISA_create2?$DO?5FAILED?5to?5allocate@ 00015fc0     ce:visa.ov4TCE
 0001:00004ff0       ??_C@_0CN@JMHOFAH@VISA_create2?$DO?5FAILED?5to?5allocate@ 00015ff0     ce:visa.ov4TCE
 0001:00005020       ??_C@_0DL@FDHCOFAE@VISA_create?$DO?5local?5codec?5created@ 00016020     ce:visa.ov4TCE
 0001:0000505c       ??_C@_0CN@ECKFMAKP@VISA_create2?$DO?5FAILED?5to?5create?5l@ 0001605c     ce:visa.ov4TCE
 0001:00005090       ??_C@_0HD@NNNCAIGG@VISA_create2?$DO?5FAILED?5to?5get?5IALG@ 00016090     ce:visa.ov4TCE
 0001:00005104       ??_C@_0CK@DKOCJGKC@VISA_create2?$DO?5Unable?5to?5locate?5a@ 00016104     ce:visa.ov4TCE
 0001:00005130       ??_C@_0EG@KIJKJBIO@VISA_create2?$DO?5name?3?5?$CFs?5?5priority@ 00016130     ce:visa.ov4TCE
 0001:00005178       ??_C@_0GB@PJCJKOKO@VISA_create2?$DO?5Name?5of?5codec?5?$FL?$CFs?$FN@ 00016178     ce:visa.ov4TCE
 0001:000051dc       ??_C@_0DC@KHAPIMEO@VISA_create2?$CI0x?$CFx?0?5?8?$CFs?8?0?50x?$CFx?0?50@ 000161dc     ce:visa.ov4TCE
 0001:00005210       ??_C@_02JOIDOPKG@CV?$AA@   00016210     ce:visa.ov4TCE
 0001:00005218       ??_C@_0FP@DFKICLCI@?$EA?$CI?$CD?$CJ?5ti?4sdo?4ce?$DL?5version?51?0?50?0?56?$DL@ 00016218     ce:package_ti.sdo.ce.ov4TCE
 0001:00005278       ??_C@_07CGJPFKDO@1?0?50?0?56?$AA@ 00016278     ce:package_ti.sdo.ce.ov4TCE
 0001:00005280       ??_C@_0BB@OOGEEEML@Algorithm_noOS?4c?$AA@ 00016280     Algorithm_noOS:Algorithm_noOS.ov4TCE
 0001:00005294       ??_C@_0BK@HLJMNFLP@Algorithm_activate?$DO?5Exit?6?$AA@ 00016294     Algorithm_noOS:Algorithm_noOS.ov4TCE
 0001:000052b0       ??_C@_0CF@PJPNAHLD@Algorithm_activate?$DO?5Enter?$CIalg?$DN0x@ 000162b0     Algorithm_noOS:Algorithm_noOS.ov4TCE
 0001:000052d8       ??_C@_0CI@IKGJFLP@Algorithm_addGroup?$DO?5Exit?5?$CIstatus@ 000162d8     Algorithm_noOS:Algorithm_noOS.ov4TCE
 0001:00005300       ??_C@_0CH@IFFHPAND@Algorithm_addGroup?$DO?5Enter?$CIgroupI@ 00016300     Algorithm_noOS:Algorithm_noOS.ov4TCE
 0001:00005328       ??_C@_0BM@DFDPOIM@Algorithm_deactivate?$DO?5Exit?6?$AA@ 00016328     Algorithm_noOS:Algorithm_noOS.ov4TCE
 0001:00005344       ??_C@_0CH@OHADJEDF@Algorithm_deactivate?$DO?5Enter?$CIalg?$DN@ 00016344     Algorithm_noOS:Algorithm_noOS.ov4TCE
 0001:0000536c       ??_C@_0BI@LMABOHOB@Algorithm_delete?$DO?5Exit?6?$AA@ 0001636c     Algorithm_noOS:Algorithm_noOS.ov4TCE
 0001:00005388       ??_C@_0EH@PIDJDIMG@Algorithm_delete?$DO?5Freeing?5of?5alg@ 00016388     Algorithm_noOS:Algorithm_noOS.ov4TCE
 0001:000053d0       ??_C@_0CD@PEIKEIND@Algorithm_delete?$DO?5Enter?$CIalg?$DN0x?$CFx@ 000163d0     Algorithm_noOS:Algorithm_noOS.ov4TCE
 0001:000053f4       ??_C@_0BI@NEEEBLNB@ti?4sdo?4ce?4alg?4Algorithm?$AA@ 000163f4     Algorithm_noOS:Algorithm_noOS.ov4TCE
 0001:0000540c       ??_C@_0BN@JELCOOBF@Algorithm_removeGroup?$DO?5Exit?6?$AA@ 0001640c     Algorithm_noOS:Algorithm_noOS.ov4TCE
 0001:0000542c       ??_C@_0CK@IEHLPDMK@Algorithm_removeGroup?$DO?5Enter?$CIgro@ 0001642c     Algorithm_noOS:Algorithm_noOS.ov4TCE
 0001:00005458       ??_C@_0CB@MJHDGPGK@Algorithm_create?$DO?5return?5?$CI0x?$CFx?$CJ?6@ 00016458     Algorithm_noOS:Algorithm_noOS.ov4TCE
 0001:00005480       ??_C@_0EK@IKJOLEJG@Algorithm_create?$DO?5Assignment?5of?5@ 00016480     Algorithm_noOS:Algorithm_noOS.ov4TCE
 0001:000054d0       ??_C@_0FC@NBNFHCLO@Algorithm_create?$DO?5Granting?5DMA?5c@ 000164d0     Algorithm_noOS:Algorithm_noOS.ov4TCE
 0001:00005528       ??_C@_0KG@FGGJEMNH@Algorithm_create?$DO?5Algorithm?5crea@ 00016528     Algorithm_noOS:Algorithm_noOS.ov4TCE
 0001:000055d0       ??_C@_0EE@BEDGEEKF@Algorithm_create?$DO?5Alloc?5for?5a?5sm@ 000165d0     Algorithm_noOS:Algorithm_noOS.ov4TCE
 0001:00005614       ??_C@_0CF@MBANPNCL@Algorithm_create?$DO?5useCachedMem?5?$DN@ 00016614     Algorithm_noOS:Algorithm_noOS.ov4TCE
 0001:00005640       ??_C@_0FN@DKNBMEHP@Algorithm_create?$DO?5Enter?5?$CIfxns?$DN0x@ 00016640     Algorithm_noOS:Algorithm_noOS.ov4TCE
 0001:000056a0       ??_C@_0N@PDPJABMI@alg_malloc?4c?$AA@ 000166a0     alg:alg_malloc.ov4TCE
 0001:000056b0       ??_C@_0CF@GEPLAEH@ALG_addGroup?$DO?5group?5?$CFd?5out?5of?5ra@ 000166b0     alg:alg_malloc.ov4TCE
 0001:000056d8       ??_C@_0CB@HPKOMGDH@ALG_addGroup?$DO?5Exit?4?5status?5?$DN?5?$CFd?6@ 000166d8     alg:alg_malloc.ov4TCE
 0001:000056fc       ??_C@_0DJ@JMPGNLBD@ALG_addGroup?$DO?5Failed?5to?5create?5s@ 000166fc     alg:alg_malloc.ov4TCE
 0001:00005738       ??_C@_0CD@DDIIJHDK@ALG_addGroup?$DO?5Enter?4?5groupId?5?$DN?5?$CF@ 00016738     alg:alg_malloc.ov4TCE
 0001:0000575c       ??_C@_0BA@HMCDAGE@ALG_init?$DO?5Exit?6?$AA@ 0001675c     alg:alg_malloc.ov4TCE
 0001:0000576c       ??_C@_0BB@EPIPDEFM@ALG_init?$DO?5Enter?6?$AA@ 0001676c     alg:alg_malloc.ov4TCE
 0001:00005780       ??_C@_0O@BHGMKGJ@ti?4sdo?4ce?4alg?$AA@ 00016780     alg:alg_malloc.ov4TCE
 0001:00005790       ??_C@_0CM@GNPCNNCK@ALG_removeGroup?$DO?5groupId?3?5?$CFd?5out@ 00016790     alg:alg_malloc.ov4TCE
 0001:000057bc       ??_C@_0BI@CFIOPFOG@ALG_removeGroup?$DO?5Exit?4?6?$AA@ 000167bc     alg:alg_malloc.ov4TCE
 0001:000057d4       ??_C@_0CF@CNHLMHPN@ALG_removeGroup?$DO?5Enter?4?5groupId?5@ 000167d4     alg:alg_malloc.ov4TCE
 0001:000057fc       ??_C@_0DE@OLBMEBDM@_ALG_allocMemory?$DO?5Invalid?5useCac@ 000167fc     alg:alg_malloc.ov4TCE
 0001:00005830       ??_C@_0DG@BFPBNBEO@_ALG_freeMemory2?$DO?5memTab?$DN0x?$CFx?0?5n@ 00016830     alg:alg_malloc.ov4TCE
 0001:00005868       ??_C@_0CE@KOHCIMJC@_ALG_allocMemory2?$DO?5Returning?5?$CITR@ 00016868     alg:alg_malloc.ov4TCE
 0001:0000588c       ??_C@_0DF@CPCMIPBB@_ALG_allocMemory2?$DO?5Invalid?5useCa@ 0001688c     alg:alg_malloc.ov4TCE
 0001:000058c4       ??_C@_0DH@GIFFCPKI@_ALG_allocMemory2?$DO?5memTab?$DN0x?$CFx?0?5@ 000168c4     alg:alg_malloc.ov4TCE
 0001:000058fc       ??_C@_0CD@FHPFOOGB@ALG_create?$DO?5Exit?5?$CIalgHandle?$DNNULL@ 000168fc     alg:alg_create.ov4TCE
 0001:00005920       ??_C@_0CE@PLHMDJHN@ALG_create?$DO?5algInit?5call?5failed?5@ 00016920     alg:alg_create.ov4TCE
 0001:00005944       ??_C@_0CD@LLPLCJDF@ALG_create?$DO?5Exit?5?$CIalgHandle?$DN0x?$CFx@ 00016944     alg:alg_create.ov4TCE
 0001:00005968       ??_C@_0CH@GOCKFMNL@ALG_create?$DO?5algInit?5returned?5IAL@ 00016968     alg:alg_create.ov4TCE
 0001:00005990       ??_C@_0FJ@IHIKMACP@ALG_create?$DO?5?5Memory?5requested?5me@ 00016990     alg:alg_create.ov4TCE
 0001:000059ec       ??_C@_0CK@JHHBEKID@ALG_create?$DO?5algAlloc?5returned?5nu@ 000169ec     alg:alg_create.ov4TCE
 0001:00005a18       ??_C@_0EG@DIOHBAAE@ALG_create?$DO?5alg?8s?5algAlloc?$CI?$CJ?5ret@ 00016a18     alg:alg_create.ov4TCE
 0001:00005a60       ??_C@_0CI@JDONFDPN@ALG_create?$DO?5algNumAlloc?5?$CFd?5memor@ 00016a60     alg:alg_create.ov4TCE
 0001:00005a88       ??_C@_0FK@MIEHCAOD@ALG_create?$DO?5Enter?5?$CIscratchId?$DN?$CFd?0@ 00016a88     alg:alg_create.ov4TCE
 0001:00005ae4       ??_C@_04KHFCIILO@dsp0?$AA@ 00016ae4     ipc_dsplink_3530:Processor_dsplink.ov4TCE
 0001:00005aec       ??_C@_0M@LHFNEBAN@CE_DSPDEBUG?$AA@ 00016aec     ipc_dsplink_3530:Processor_dsplink.ov4TCE
 0001:00005af8       ??_C@_0LE@HPNFDGKC@Processor_create_d?$DO?5ERROR?3?5Canno@ 00016af8     ipc_dsplink_3530:Processor_dsplink.ov4TCE
 0001:00005bac       ??_C@_0CO@OONHDBKM@Processor_create_d?$DO?5DODSPCTRL?5wa@ 00016bac     ipc_dsplink_3530:Processor_dsplink.ov4TCE
 0001:00005be0       ??_C@_0IH@LDGDCKMB@Processor_create_d?$DO?5Adding?5DSP?5s@ 00016be0     ipc_dsplink_3530:Processor_dsplink.ov4TCE
 0001:00005c68       ??_C@_0DP@FEICGEPH@Processor_create_d?$DO?5Setting?5CMEM@ 00016c68     ipc_dsplink_3530:Processor_dsplink.ov4TCE
 0001:00005ca8       ??_C@_0PC@IHIKAJMA@Processor_create_d?$DO?5WARNING?3?5CME@ 00016ca8     ipc_dsplink_3530:Processor_dsplink.ov4TCE
 0001:00005d9c       ??_C@_0DD@LFCLONAE@Processor_create_d?$DO?5ERROR?3?5CMEM_@ 00016d9c     ipc_dsplink_3530:Processor_dsplink.ov4TCE
 0001:00005dd0       ??_C@_0FO@JKCJKADD@Processor_create_d?$DO?5Found?5?8CMEM?8@ 00016dd0     ipc_dsplink_3530:Processor_dsplink.ov4TCE
 0001:00005e30       ??_C@_0DA@OFCOMECI@Processor_create_d?$DO?5ERROR?3?5Memor@ 00016e30     ipc_dsplink_3530:Processor_dsplink.ov4TCE
 0001:00005e60       ??_C@_0EL@BLIBMENJ@Processor_create_d?$DO?5Using?5DspLin@ 00016e60     ipc_dsplink_3530:Processor_dsplink.ov4TCE
 0001:00005eac       ??_C@_0BN@FOBIIGIE@dspConfigs?$FL0?$FN?9?$DOmpcsObjects?9?$DO?$AA@ 00016eac     ipc_dsplink_3530:Processor_dsplink.ov4TCE
 0001:00005ecc       ??_C@_0BP@OJJAOMEG@dspConfigs?$FL0?$FN?9?$DOmplistObjects?9?$DO?$AA@ 00016ecc     ipc_dsplink_3530:Processor_dsplink.ov4TCE
 0001:00005eec       ??_C@_0L@NPBDAHJB@maxEntries?$AA@ 00016eec     ipc_dsplink_3530:Processor_dsplink.ov4TCE
 0001:00005ef8       ??_C@_0BP@NLAMGIDF@dspConfigs?$FL0?$FN?9?$DOringIoObjects?9?$DO?$AA@ 00016ef8     ipc_dsplink_3530:Processor_dsplink.ov4TCE
 0001:00005f18       ??_C@_0L@HIPOMGDB@maxMsgSize?$AA@ 00016f18     ipc_dsplink_3530:Processor_dsplink.ov4TCE
 0001:00005f24       ??_C@_0BM@KBCJLEPE@dspConfigs?$FL0?$FN?9?$DOmqtObjects?9?$DO?$AA@ 00016f24     ipc_dsplink_3530:Processor_dsplink.ov4TCE
 0001:00005f40       ??_C@_0N@KMJFFJGP@queuePerChnl?$AA@ 00016f40     ipc_dsplink_3530:Processor_dsplink.ov4TCE
 0001:00005f50       ??_C@_06GDBBPNOO@poolId?$AA@ 00016f50     ipc_dsplink_3530:Processor_dsplink.ov4TCE
 0001:00005f58       ??_C@_0L@JFCDCAC@maxBufSize?$AA@ 00016f58     ipc_dsplink_3530:Processor_dsplink.ov4TCE
 0001:00005f64       ??_C@_0M@HKCOIMCM@numChannels?$AA@ 00016f64     ipc_dsplink_3530:Processor_dsplink.ov4TCE
 0001:00005f70       ??_C@_0L@ELKMCEMD@baseChnlId?$AA@ 00016f70     ipc_dsplink_3530:Processor_dsplink.ov4TCE
 0001:00005f7c       ??_C@_0CB@FCIPDFCN@dspConfigs?$FL0?$FN?9?$DOdataTables?$FL0?$FN?$FLi?$FN?4@ 00016f7c     ipc_dsplink_3530:Processor_dsplink.ov4TCE
 0001:00005fa0       ??_C@_0N@HBLLMMJD@poolMemEntry?$AA@ 00016fa0     ipc_dsplink_3530:Processor_dsplink.ov4TCE
 0001:00005fb0       ??_C@_0L@GMEEACBC@ipsEventNo?$AA@ 00016fb0     ipc_dsplink_3530:Processor_dsplink.ov4TCE
 0001:00005fbc       ??_C@_05JPEEPHJP@ipsId?$AA@ 00016fbc     ipc_dsplink_3530:Processor_dsplink.ov4TCE
 0001:00005fc4       ??_C@_08JKCHBGEI@poolSize?$AA@ 00016fc4     ipc_dsplink_3530:Processor_dsplink.ov4TCE
 0001:00005fd0       ??_C@_0CB@HGFCCBIK@dspConfigs?$FL0?$FN?9?$DOpoolTables?$FL0?$FN?$FLi?$FN?4@ 00016fd0     ipc_dsplink_3530:Processor_dsplink.ov4TCE
 0001:00005ff4       ??_C@_0P@ILHODMNE@dspIntVectorId?$AA@ 00016ff4     ipc_dsplink_3530:Processor_dsplink.ov4TCE
 0001:00006004       ??_C@_08ECBMMAAO@dspIntId?$AA@ 00017004     ipc_dsplink_3530:Processor_dsplink.ov4TCE
 0001:00006010       ??_C@_08PFBOPLCI@gppIntId?$AA@ 00017010     ipc_dsplink_3530:Processor_dsplink.ov4TCE
 0001:0000601c       ??_C@_0N@IFGNBNDC@numIpsEvents?$AA@ 0001701c     ipc_dsplink_3530:Processor_dsplink.ov4TCE
 0001:0000602c       ??_C@_0CA@CMKPFHNC@dspConfigs?$FL0?$FN?9?$DOipsTables?$FL0?$FN?$FLi?$FN?4?$AA@ 0001702c     ipc_dsplink_3530:Processor_dsplink.ov4TCE
 0001:0000604c       ??_C@_05KHLAPIGH@syncd?$AA@ 0001704c     ipc_dsplink_3530:Processor_dsplink.ov4TCE
 0001:00006054       ??_C@_06HBFNPGIC@shared?$AA@ 00017054     ipc_dsplink_3530:Processor_dsplink.ov4TCE
 0001:0000605c       ??_C@_04IAGNFIBA@size?$AA@ 0001705c     ipc_dsplink_3530:Processor_dsplink.ov4TCE
 0001:00006064       ??_C@_0M@HGCDAPOA@gppVirtAddr?$AA@ 00017064     ipc_dsplink_3530:Processor_dsplink.ov4TCE
 0001:00006070       ??_C@_0M@JIFPLLBB@dspVirtAddr?$AA@ 00017070     ipc_dsplink_3530:Processor_dsplink.ov4TCE
 0001:0000607c       ??_C@_08JNBNBADI@physAddr?$AA@ 0001707c     ipc_dsplink_3530:Processor_dsplink.ov4TCE
 0001:00006088       ??_C@_05HNNDEAND@entry?$AA@ 00017088     ipc_dsplink_3530:Processor_dsplink.ov4TCE
 0001:00006090       ??_C@_0M@IEGCNNFE@entry?5?$CD?$CFd?3?6?$AA@ 00017090     ipc_dsplink_3530:Processor_dsplink.ov4TCE
 0001:0000609c       ??_C@_0CA@GKMIBEKP@dspConfigs?$FL0?$FN?9?$DOmemTables?$FL0?$FN?$FLi?$FN?4?$AA@ 0001709c     ipc_dsplink_3530:Processor_dsplink.ov4TCE
 0001:000060bc       ??_C@_0M@KIHKNHEL@mpcsTableId?$AA@ 000170bc     ipc_dsplink_3530:Processor_dsplink.ov4TCE
 0001:000060c8       ??_C@_0O@IOBGLBBF@mplistTableId?$AA@ 000170c8     ipc_dsplink_3530:Processor_dsplink.ov4TCE
 0001:000060d8       ??_C@_0O@GCKLOOHJ@ringIoTableId?$AA@ 000170d8     ipc_dsplink_3530:Processor_dsplink.ov4TCE
 0001:000060e8       ??_C@_05KEGCKEIA@mqtId?$AA@ 000170e8     ipc_dsplink_3530:Processor_dsplink.ov4TCE
 0001:000060f0       ??_C@_0P@GGCBGECG@numDataDrivers?$AA@ 000170f0     ipc_dsplink_3530:Processor_dsplink.ov4TCE
 0001:00006100       ??_C@_0M@BNOPAGLH@dataTableId?$AA@ 00017100     ipc_dsplink_3530:Processor_dsplink.ov4TCE
 0001:0000610c       ??_C@_0O@EPDDDPDM@numIpsEntries?$AA@ 0001710c     ipc_dsplink_3530:Processor_dsplink.ov4TCE
 0001:0000611c       ??_C@_0L@BHPHANIL@ipsTableId?$AA@ 0001711c     ipc_dsplink_3530:Processor_dsplink.ov4TCE
 0001:00006128       ??_C@_08PCPCBFOB@memEntry?$AA@ 00017128     ipc_dsplink_3530:Processor_dsplink.ov4TCE
 0001:00006134       ??_C@_0O@PNJMMFJH@hshkPollCount?$AA@ 00017134     ipc_dsplink_3530:Processor_dsplink.ov4TCE
 0001:00006144       ??_C@_0CA@MPFLFMGA@dspConfigs?$FL0?$FN?9?$DOlinkDrvObjects?9?$DO?$AA@ 00017144     ipc_dsplink_3530:Processor_dsplink.ov4TCE
 0001:00006164       ??_C@_04LDBACBBL@arg5?$AA@ 00017164     ipc_dsplink_3530:Processor_dsplink.ov4TCE
 0001:0000616c       ??_C@_04KKALBAFK@arg4?$AA@ 0001716c     ipc_dsplink_3530:Processor_dsplink.ov4TCE
 0001:00006174       ??_C@_04OFEKIGJN@arg3?$AA@ 00017174     ipc_dsplink_3530:Processor_dsplink.ov4TCE
 0001:0000617c       ??_C@_04PMFBLHNM@arg2?$AA@ 0001717c     ipc_dsplink_3530:Processor_dsplink.ov4TCE
 0001:00006184       ??_C@_04NHHMOEBP@arg1?$AA@ 00017184     ipc_dsplink_3530:Processor_dsplink.ov4TCE
 0001:0000618c       ??_C@_09EMOLPCGH@linkDrvId?$AA@ 0001718c     ipc_dsplink_3530:Processor_dsplink.ov4TCE
 0001:00006198       ??_C@_0L@DAKPKANF@memEntries?$AA@ 00017198     ipc_dsplink_3530:Processor_dsplink.ov4TCE
 0001:000061a4       ??_C@_0L@CKLKNEG@memTableId?$AA@ 000171a4     ipc_dsplink_3530:Processor_dsplink.ov4TCE
 0001:000061b0       ??_C@_08IDBMIOML@wordSwap?$AA@ 000171b0     ipc_dsplink_3530:Processor_dsplink.ov4TCE
 0001:000061bc       ??_C@_06BBBEKDND@endian?$AA@ 000171bc     ipc_dsplink_3530:Processor_dsplink.ov4TCE
 0001:000061c4       ??_C@_07BNIDEPBF@cpuFreq?$AA@ 000171c4     ipc_dsplink_3530:Processor_dsplink.ov4TCE
 0001:000061cc       ??_C@_08PEPMKGPF@maduSize?$AA@ 000171cc     ipc_dsplink_3530:Processor_dsplink.ov4TCE
 0001:000061d8       ??_C@_0O@KAJNADN@resetCodeSize?$AA@ 000171d8     ipc_dsplink_3530:Processor_dsplink.ov4TCE
 0001:000061e8       ??_C@_0M@DCDJJGMA@resetVector?$AA@ 000171e8     ipc_dsplink_3530:Processor_dsplink.ov4TCE
 0001:000061f4       ??_C@_0L@BJDONABI@resumeAddr?$AA@ 000171f4     ipc_dsplink_3530:Processor_dsplink.ov4TCE
 0001:00006200       ??_C@_0BC@PJDHDJN@?5?5doDspCtrl?5?$DN?5?$CFs?6?$AA@ 00017200     ipc_dsplink_3530:Processor_dsplink.ov4TCE
 0001:00006214       ??_C@_08BLIFAKPG@execName?$AA@ 00017214     ipc_dsplink_3530:Processor_dsplink.ov4TCE
 0001:00006220       ??_C@_09NEHEHBMH@autoStart?$AA@ 00017220     ipc_dsplink_3530:Processor_dsplink.ov4TCE
 0001:0000622c       ??_C@_0L@DKCMPAOP@?5?5?$CFs?5?$DN?5?$CFs?6?$AA@ 0001722c     ipc_dsplink_3530:Processor_dsplink.ov4TCE
 0001:00006238       ??_C@_05MAJJAKPI@FALSE?$AA@ 00017238     ipc_dsplink_3530:Processor_dsplink.ov4TCE
 0001:00006240       ??_C@_04HCDDPBNL@TRUE?$AA@ 00017240     ipc_dsplink_3530:Processor_dsplink.ov4TCE
 0001:00006248       ??_C@_0L@FCFLFAOA@loaderName?$AA@ 00017248     ipc_dsplink_3530:Processor_dsplink.ov4TCE
 0001:00006254       ??_C@_07FLMOMEJI@dspArch?$AA@ 00017254     ipc_dsplink_3530:Processor_dsplink.ov4TCE
 0001:0000625c       ??_C@_0BL@PCKFPGAI@dspConfigs?$FL0?$FN?9?$DOdspObject?9?$DO?$AA@ 0001725c     ipc_dsplink_3530:Processor_dsplink.ov4TCE
 0001:00006278       ??_C@_01EEMJAFIK@?6?$AA@   00017278     ipc_dsplink_3530:Processor_dsplink.ov4TCE
 0001:0000627c       ??_C@_08LCPABEPJ@numPools?$AA@ 0001727c     ipc_dsplink_3530:Processor_dsplink.ov4TCE
 0001:00006288       ??_C@_0M@GOIGGGHK@poolTableId?$AA@ 00017288     ipc_dsplink_3530:Processor_dsplink.ov4TCE
 0001:00006294       ??_C@_0N@OFKLBNAO@maxChnlQueue?$AA@ 00017294     ipc_dsplink_3530:Processor_dsplink.ov4TCE
 0001:000062a4       ??_C@_08INHINHIO@maxMsgqs?$AA@ 000172a4     ipc_dsplink_3530:Processor_dsplink.ov4TCE
 0001:000062b0       ??_C@_0N@BIMMOLCA@?5?5?$CFs?5?$DN?50x?$CFx?6?$AA@ 000172b0     ipc_dsplink_3530:Processor_dsplink.ov4TCE
 0001:000062c0       ??_C@_04MEMAJGDJ@name?$AA@ 000172c0     ipc_dsplink_3530:Processor_dsplink.ov4TCE
 0001:000062c8       ??_C@_0N@BJBMLINC@?5?5?$CFs?5?$DN?5?$CC?$CFs?$CC?6?$AA@ 000172c8     ipc_dsplink_3530:Processor_dsplink.ov4TCE
 0001:000062d8       ??_C@_0M@HPAOHJLG@gppObject?9?$DO?$AA@ 000172d8     ipc_dsplink_3530:Processor_dsplink.ov4TCE
 0001:000062e4       ??_C@_0N@NLIBFLON@linkCfg?9?$DO?$CFs?6?$AA@ 000172e4     ipc_dsplink_3530:Processor_dsplink.ov4TCE
 0001:000062f4       ??_C@_0DB@BGHMFLAK@LINKCFG_Object?5generated?5for?5PRO@ 000172f4     ipc_dsplink_3530:Processor_dsplink.ov4TCE
 0001:00006328       ??_C@_0BC@GGAPAFFC@?$DMINVALID?5SETTING?$DO?$AA@ 00017328     ipc_dsplink_3530:Processor_dsplink.ov4TCE
 0001:0000633c       ??_C@_0BE@PKNCNPOL@DSP_BootMode_NoBoot?$AA@ 0001733c     ipc_dsplink_3530:Processor_dsplink.ov4TCE
 0001:00006350       ??_C@_0BI@MPBPJIOG@DSP_BootMode_NoLoad_Pwr?$AA@ 00017350     ipc_dsplink_3530:Processor_dsplink.ov4TCE
 0001:00006368       ??_C@_0BK@NJDADNLP@DSP_BootMode_NoLoad_NoPwr?$AA@ 00017368     ipc_dsplink_3530:Processor_dsplink.ov4TCE
 0001:00006384       ??_C@_0BG@EIGPKDOO@DSP_BootMode_Boot_Pwr?$AA@ 00017384     ipc_dsplink_3530:Processor_dsplink.ov4TCE
 0001:0000639c       ??_C@_0BI@KAOCNJOD@DSP_BootMode_Boot_NoPwr?$AA@ 0001739c     ipc_dsplink_3530:Processor_dsplink.ov4TCE
 0001:000063b4       ??_C@_0BM@BIIGODNL@Processor_delete_d?$DO?5return?6?$AA@ 000173b4     ipc_dsplink_3530:Processor_dsplink.ov4TCE
 0001:000063d0       ??_C@_0DI@LFAJGOML@Processor_delete_d?$DO?5LAD_disconne@ 000173d0     ipc_dsplink_3530:Processor_dsplink.ov4TCE
 0001:00006408       ??_C@_0CP@GCBGCJJD@Processor_delete_d?$DO?5Disconnectin@ 00017408     ipc_dsplink_3530:Processor_dsplink.ov4TCE
 0001:00006438       ??_C@_0DI@JHKCICDG@Processor_delete_d?$DO?5LAD_releaseD@ 00017438     ipc_dsplink_3530:Processor_dsplink.ov4TCE
 0001:00006470       ??_C@_0DJ@EBBLCGMK@Processor_delete_d?$DO?5Releasing?5DS@ 00017470     ipc_dsplink_3530:Processor_dsplink.ov4TCE
 0001:000064ac       ??_C@_0DI@NDJCFJPC@Processor_delete_d?$DO?5Destroying?5D@ 000174ac     ipc_dsplink_3530:Processor_dsplink.ov4TCE
 0001:000064e4       ??_C@_0DJ@GEJOOEOB@Processor_delete_d?$DO?5Destroying?5D@ 000174e4     ipc_dsplink_3530:Processor_dsplink.ov4TCE
 0001:00006520       ??_C@_0DM@LLBEONIC@Processor_delete_d?$DO?5Detaching?5fr@ 00017520     ipc_dsplink_3530:Processor_dsplink.ov4TCE
 0001:0000655c       ??_C@_0CL@IGBEOEJK@Processor_delete_d?$DO?5Detaching?5fr@ 0001755c     ipc_dsplink_3530:Processor_dsplink.ov4TCE
 0001:00006588       ??_C@_0DG@HJAGABHK@Processor_delete_d?$DO?5Closing?5pool@ 00017588     ipc_dsplink_3530:Processor_dsplink.ov4TCE
 0001:000065c0       ??_C@_0CF@BEGGDHDE@Processor_delete_d?$DO?5Closing?5pool@ 000175c0     ipc_dsplink_3530:Processor_dsplink.ov4TCE
 0001:000065e8       ??_C@_0DG@POMCIPLF@Processor_delete_d?$DO?5Stopping?5DSP@ 000175e8     ipc_dsplink_3530:Processor_dsplink.ov4TCE
 0001:00006620       ??_C@_0CF@GAHGHKCE@Processor_delete_d?$DO?5Stopping?5DSP@ 00017620     ipc_dsplink_3530:Processor_dsplink.ov4TCE
 0001:00006648       ??_C@_0ED@JDONPOCN@Processor_delete_d?$DO?5Closing?5remo@ 00017648     ipc_dsplink_3530:Processor_dsplink.ov4TCE
 0001:0000668c       ??_C@_0DB@EENOBBEL@Processor_delete_d?$DO?5Closing?5remo@ 0001768c     ipc_dsplink_3530:Processor_dsplink.ov4TCE
 0001:000066c0       ??_C@_0CH@ILLHAEFG@Processor_delete_d?$DO?5Enter?5?$CIproc?$DN@ 000176c0     ipc_dsplink_3530:Processor_dsplink.ov4TCE
 0001:000066e8       ??_C@_0BJ@CDMKFKHI@doCmd?$DO?5Exit?5?$CIresult?$DN?$CFd?$CJ?6?$AA@ 000176e8     ipc_dsplink_3530:Processor_dsplink.ov4TCE
 0001:00006704       ??_C@_0CE@JAMHKGGE@doCmd?$DO?5Enter?5?$CIcmdId?$DN?$CFd?0?5proc?$DN0x?$CF@ 00017704     ipc_dsplink_3530:Processor_dsplink.ov4TCE
 0001:00006728       ??_C@_0BM@BDNDFIGN@getCmd_d?$DO?5Exit?5?$CIresult?$DN?$CFd?$CJ?6?$AA@ 00017728     ipc_dsplink_3530:Processor_dsplink.ov4TCE
 0001:00006744       ??_C@_0BN@PDCPJAHM@getCmd_d?$DO?5Enter?5?$CIproc?$DN0x?$CFx?$CJ?6?$AA@ 00017744     ipc_dsplink_3530:Processor_dsplink.ov4TCE
 0001:00006764       ??_C@_0BL@ICMIPMJJ@Processor_delete?$DO?5return?4?6?$AA@ 00017764     ipc_dsplink_3530:Processor_dsplink.ov4TCE
 0001:00006780       ??_C@_0CL@MFKFCMMK@Processor_delete?$CI0x?$CFx?$CJ?5freeing?5o@ 00017780     ipc_dsplink_3530:Processor_dsplink.ov4TCE
 0001:000067ac       ??_C@_0CE@PDJJLDLI@Processor_delete?$DO?5Enter?$CIproc?$DN0x?$CF@ 000177ac     ipc_dsplink_3530:Processor_dsplink.ov4TCE
 0001:000067d0       ??_C@_0DJ@EIJIDLHK@?4?4?1?4?4?1?4?4?1?4?4?1?4?4?1ti?1sdo?1ce?1ipc?1dsp@ 000177d0     ipc_dsplink_3530:Processor_dsplink.ov4TCE
 0001:0000680c       ??_C@_0CB@ODDKGGKH@Processor_create_d?$DO?5return?5?$CI?$CFd?$CJ?6@ 0001780c     ipc_dsplink_3530:Processor_dsplink.ov4TCE
 0001:00006830       ??_C@_0KP@BKHBIKHI@Processor_create_d?$DO?5Loading?5and?5@ 00017830     ipc_dsplink_3530:Processor_dsplink.ov4TCE
 0001:000068e0       ??_C@_0BJO@OAJPIFEC@This?5error?5code?5typically?5indica@ 000178e0     ipc_dsplink_3530:Processor_dsplink.ov4TCE
 0001:00006a80       ??_C@_0GK@IEODOFA@Codec?5Engine?5system?5message?5?$CIb?1c@ 00017a80     ipc_dsplink_3530:Processor_dsplink.ov4TCE
 0001:00006aec       ??_C@_0DB@HFABAFFI@Processor_create_d?$DO?5Opening?5remo@ 00017aec     ipc_dsplink_3530:Processor_dsplink.ov4TCE
 0001:00006b20       ??_C@_0CK@PKAKPCLM@Processor_create_d?$DO?5Starting?5DSP@ 00017b20     ipc_dsplink_3530:Processor_dsplink.ov4TCE
 0001:00006b4c       ??_C@_0DE@MABFPHNP@Processor_create_d?$DO?5Loading?5?$CFs?5o@ 00017b4c     ipc_dsplink_3530:Processor_dsplink.ov4TCE
 0001:00006b80       ??_C@_0CK@PBCGEALA@Processor_create_d?$DO?5Opening?5MSGQ@ 00017b80     ipc_dsplink_3530:Processor_dsplink.ov4TCE
 0001:00006bac       ??_C@_0CO@IEBNOMFP@Processor_create_d?$DO?5Attaching?5to@ 00017bac     ipc_dsplink_3530:Processor_dsplink.ov4TCE
 0001:00006bdc       ??_C@_0CO@JKDMCCEE@Processor_create_d?$DO?5Initializing@ 00017bdc     ipc_dsplink_3530:Processor_dsplink.ov4TCE
 0001:00006c0c       ??_C@_0DM@PDIOHPKJ@Processor_create_d?$DO?5LAD_startupD@ 00017c0c     ipc_dsplink_3530:Processor_dsplink.ov4TCE
 0001:00006c48       ??_C@_0DA@FKPLFIDK@Processor_create_d?$DO?5LAD_startupD@ 00017c48     ipc_dsplink_3530:Processor_dsplink.ov4TCE
 0001:00006c78       ??_C@_0DP@EABJDKDL@Processor_create_d?$DO?5Loading?5?$CFs?5o@ 00017c78     ipc_dsplink_3530:Processor_dsplink.ov4TCE
 0001:00006cb8       ??_C@_0DJ@BDHKAHJK@Processor_create_d?$DO?5LAD_connect?5@ 00017cb8     ipc_dsplink_3530:Processor_dsplink.ov4TCE
 0001:00006cf4       ??_C@_0DK@EFGCDGAC@Processor_create_d?$DO?5LAD_connect?5@ 00017cf4     ipc_dsplink_3530:Processor_dsplink.ov4TCE
 0001:00006d30       ??_C@_0CG@PLHBHLCK@Processor_create_d?$DO?5Power_on?5fai@ 00017d30     ipc_dsplink_3530:Processor_dsplink.ov4TCE
 0001:00006d58       ??_C@_0CG@MMHHNCNA@Processor_create_d?$DO?5Enter?$CIproc?$DN0@ 00017d58     ipc_dsplink_3530:Processor_dsplink.ov4TCE
 0001:00006d80       ??_C@_0BJ@BPDGMNKO@daemon?$DO?5thread?5created?4?6?$AA@ 00017d80     ipc_dsplink_3530:Processor_dsplink.ov4TCE
 0001:00006d9c       ??_C@_0CB@POONFHGL@Processor_create?$DO?5return?5?$CI0x?$CFx?$CJ?6@ 00017d9c     ipc_dsplink_3530:Processor_dsplink.ov4TCE
 0001:00006dc0       ??_C@_0CO@LEFPGADB@Processor_create?$DO?5ERROR?3?5Memory_@ 00017dc0     ipc_dsplink_3530:Processor_dsplink.ov4TCE
 0001:00006df0       ??_C@_0DA@IIONHOHE@Processor_create?$DO?5ERROR?3?5cannot?5@ 00017df0     ipc_dsplink_3530:Processor_dsplink.ov4TCE
 0001:00006e20       ??_C@_0ED@EHEKAKCD@Processor_create?$DO?5Enter?$CIimageNam@ 00017e20     ipc_dsplink_3530:Processor_dsplink.ov4TCE
 0001:00006e64       ??_C@_0DB@DIGGGOAP@Processor_init?$DO?5ERROR?3?5cannot?5cr@ 00017e64     ipc_dsplink_3530:Processor_dsplink.ov4TCE
 0001:00006e98       ??_C@_0DJ@CHCJMAHJ@Processor_init?$DO?5ERROR?3?5cannot?5cr@ 00017e98     ipc_dsplink_3530:Processor_dsplink.ov4TCE
 0001:00006ed4       ??_C@_02MBMDLBEE@OP?$AA@   00017ed4     ipc_dsplink_3530:Processor_dsplink.ov4TCE
 0001:00006ed8       ??_C@_0CG@OFMDBFFI@Comm_alloc?$DO?5msg?$DN0x?$CFx?0?5returning?5@ 00017ed8     ipc_dsplink_3530:Comm_dsplink.ov4TCE
 0001:00006f00       ??_C@_0DD@KLFJPNDO@Comm_alloc?$DO?5Enter?$CIpoolId?$DN0x?$CFx?0?5m@ 00017f00     ipc_dsplink_3530:Comm_dsplink.ov4TCE
 0001:00006f34       ??_C@_0DE@BOAEKIFD@?4?4?1?4?4?1?4?4?1?4?4?1?4?4?1ti?1sdo?1ce?1ipc?1dsp@ 00017f34     ipc_dsplink_3530:Comm_dsplink.ov4TCE
 0001:00006f68       ??_C@_0BM@GHGCLDKJ@Comm_create?$DO?5return?5?$CI0x?$CFx?$CJ?6?$AA@ 00017f68     ipc_dsplink_3530:Comm_dsplink.ov4TCE
 0001:00006f84       ??_C@_0CM@FNAANLJP@Comm_create?$CI?8?$CFs?8?0?5?4?4?4?$CJ?5failed?3?5s@ 00017f84     ipc_dsplink_3530:Comm_dsplink.ov4TCE
 0001:00006fb0       ??_C@_0CM@PIKFJLKJ@Comm_create?$DO?5Unsupported?5Comm_At@ 00017fb0     ipc_dsplink_3530:Comm_dsplink.ov4TCE
 0001:00006fdc       ??_C@_0DM@JBOMDBIC@Comm_create?$DO?5Enter?$CIqueueName?$DN?8?$CFs@ 00017fdc     ipc_dsplink_3530:Comm_dsplink.ov4TCE
 0001:00007018       ??_C@_0BH@BJHEMIDI@Comm_delete?$DO?5return?$CFs?6?$AA@ 00018018     ipc_dsplink_3530:Comm_dsplink.ov4TCE
 0001:00007030       ??_C@_0BN@MPCHBMNB@?5?$CInote?5MSGQ_close?$CI?$CJ?5failure?$CJ?$AA@ 00018030     ipc_dsplink_3530:Comm_dsplink.ov4TCE
 0001:00007050       ??_C@_0DN@EJLPFCFK@Comm_delete?$CI0x?$CFx?$CJ?5failed?3?5MSGQ_c@ 00018050     ipc_dsplink_3530:Comm_dsplink.ov4TCE
 0001:00007090       ??_C@_0CA@DGPPDPIM@Comm_delete?$DO?5Enter?5?$CIcomm?$DN0x?$CFx?$CJ?6?$AA@ 00018090     ipc_dsplink_3530:Comm_dsplink.ov4TCE
 0001:000070b0       ??_C@_0BI@OIDMBOOH@Comm_free?$DO?5return?5?$CI?$CFd?$CJ?6?$AA@ 000180b0     ipc_dsplink_3530:Comm_dsplink.ov4TCE
 0001:000070c8       ??_C@_0BN@OAHCFIGL@Comm_free?$DO?5Enter?5?$CImsg?$DN0x?$CFx?$CJ?6?$AA@ 000180c8     ipc_dsplink_3530:Comm_dsplink.ov4TCE
 0001:000070e8       ??_C@_0CP@CDHFLNJH@Comm_get?$DO?5MSGQ_get?$CI?$CJ?5status?$DN0x?$CFx@ 000180e8     ipc_dsplink_3530:Comm_dsplink.ov4TCE
 0001:00007118       ??_C@_0DH@OOEIEGGO@Comm_get?$CI?$CJ?$DO?5Error?3?5timeout?5occur@ 00018118     ipc_dsplink_3530:Comm_dsplink.ov4TCE
 0001:00007150       ??_C@_0FB@DBKLINHL@Comm_get?$DO?5overriding?5timeout?5pro@ 00018150     ipc_dsplink_3530:Comm_dsplink.ov4TCE
 0001:000071a4       ??_C@_0DD@BFDCEKLB@Comm_get?$DO?5Enter?$CIqueue?$DN0x?$CFx?0?5msg?$DN@ 000181a4     ipc_dsplink_3530:Comm_dsplink.ov4TCE
 0001:000071d8       ??_C@_0BK@EKDECOCF@Comm_locate?$DO?5return?5?$CI?$CFd?$CJ?6?$AA@ 000181d8     ipc_dsplink_3530:Comm_dsplink.ov4TCE
 0001:000071f8       ??_C@_0NE@PPLHMANN@Comm_locate?$DO?5Error?3?5could?5not?5lo@ 000181f8     ipc_dsplink_3530:Comm_dsplink.ov4TCE
 0001:000072d0       ??_C@_0EN@ODGEDHOA@Comm_locate?$DO?5Attempt?5?$CFd?5of?5?$CFd?5to@ 000182d0     ipc_dsplink_3530:Comm_dsplink.ov4TCE
 0001:00007320       ??_C@_0DA@KMJOKLKF@Comm_locate?$DO?5Enter?$CIqueueName?$DN?8?$CFs@ 00018320     ipc_dsplink_3530:Comm_dsplink.ov4TCE
 0001:00007350       ??_C@_0BH@OKHEIECD@Comm_put?$DO?5return?5?$CI?$CFd?$CJ?6?$AA@ 00018350     ipc_dsplink_3530:Comm_dsplink.ov4TCE
 0001:00007368       ??_C@_0CH@PEOCCIA@Comm_put?$DO?5Enter?$CIqueue?$DN0x?$CFx?0?5msg?$DN@ 00018368     ipc_dsplink_3530:Comm_dsplink.ov4TCE
 0001:00007390       ??_C@_0BL@LCAAMDLI@Comm_release?$DO?5return?5?$CI?$CFd?$CJ?6?$AA@ 00018390     ipc_dsplink_3530:Comm_dsplink.ov4TCE
 0001:000073ac       ??_C@_0CB@LJAMGFML@Comm_release?$DO?5Enter?$CIqueue?$DN0x?$CFx?$CJ?6@ 000183ac     ipc_dsplink_3530:Comm_dsplink.ov4TCE
 0001:000073d0       ??_C@_0DD@HDPHBMIK@Comm_init?$DO?5ERROR?3?5could?5not?5crea@ 000183d0     ipc_dsplink_3530:Comm_dsplink.ov4TCE
 0001:00007404       ??_C@_02KACMPANG@OC?$AA@   00018404     ipc_dsplink_3530:Comm_dsplink.ov4TCE
 0001:00007408       ??_C@_0BH@HJFMPOC@Power_on?$DO?5return?5?$CI?$CFd?$CJ?6?$AA@ 00018408     ipc_dsplink_3530:Power_dsplink.ov4TCE
 0001:00007420       ??_C@_0CH@FFDPIEOB@Power_on?$DO?5Turning?5on?5DSP?5power?5F@ 00018420     ipc_dsplink_3530:Power_dsplink.ov4TCE
 0001:00007448       ??_C@_0CD@GDIHLIJA@Power_on?$DO?5Turning?5on?5DSP?5power?4?4@ 00018448     ipc_dsplink_3530:Power_dsplink.ov4TCE
 0001:00007470       ??_C@_0EH@MPOIBNEK@Power_on?$DO?5Opening?5Local?5Power?5Ma@ 00018470     ipc_dsplink_3530:Power_dsplink.ov4TCE
 0001:000074b8       ??_C@_09OKFBLHAB@?1dev?1lpm0?$AA@ 000184b8     ipc_dsplink_3530:Power_dsplink.ov4TCE
 0001:000074c8       ??_C@_0ED@EBHPLJCE@Power_on?$DO?5Opening?5Local?5Power?5Ma@ 000184c8     ipc_dsplink_3530:Power_dsplink.ov4TCE
 0001:0000750c       ??_C@_0CF@IPLKGEHM@Power_on?$DO?5Error?3?5handle?5ptr?5is?5N@ 0001850c     ipc_dsplink_3530:Power_dsplink.ov4TCE
 0001:00007534       ??_C@_0BO@HHCKEJLO@Power_on?$DO?5Enter?$CIhandle?$DN0x?$CFx?$CJ?6?$AA@ 00018534     ipc_dsplink_3530:Power_dsplink.ov4TCE
 0001:00007554       ??_C@_0BI@DECNJOKF@Power_off?$DO?5return?5?$CI?$CFd?$CJ?6?$AA@ 00018554     ipc_dsplink_3530:Power_dsplink.ov4TCE
 0001:0000756c       ??_C@_0CM@DOGCHBAM@Power_off?$DO?5Closing?5LPM?5FAILED?0?5s@ 0001856c     ipc_dsplink_3530:Power_dsplink.ov4TCE
 0001:00007598       ??_C@_0DC@IJOLHGCP@Power_off?$DO?5Closing?5Local?5Power?5M@ 00018598     ipc_dsplink_3530:Power_dsplink.ov4TCE
 0001:000075cc       ??_C@_0DG@MMAOANOC@Power_off?$DO?5Turning?5off?5DSP?5power@ 000185cc     ipc_dsplink_3530:Power_dsplink.ov4TCE
 0001:00007604       ??_C@_0CF@KDIBAFAD@Power_off?$DO?5Turning?5off?5DSP?5power@ 00018604     ipc_dsplink_3530:Power_dsplink.ov4TCE
 0001:0000762c       ??_C@_0CA@OAMOIHNE@Power_off?$DO?5Enter?5?$CIhandle?$DN0x?$CFx?$CJ?6?$AA@ 0001862c     ipc_dsplink_3530:Power_dsplink.ov4TCE
 0001:0000764c       ??_C@_0BM@EFGICAMO@Power_connect?$DO?5return?5?$CI?$CFd?$CJ?6?$AA@ 0001864c     ipc_dsplink_3530:Power_dsplink.ov4TCE
 0001:00007668       ??_C@_0DA@NNONNCJL@Power_connect?$DO?5LPM_connect?5FAILE@ 00018668     ipc_dsplink_3530:Power_dsplink.ov4TCE
 0001:00007698       ??_C@_0EL@IGLAPNAK@Power_connect?$DO?5Calling?5LPM_conne@ 00018698     ipc_dsplink_3530:Power_dsplink.ov4TCE
 0001:000076e4       ??_C@_0CE@IGCCFNGE@Power_connect?$DO?5Enter?5?$CIhandle?$DN0x?$CF@ 000186e4     ipc_dsplink_3530:Power_dsplink.ov4TCE
 0001:00007708       ??_C@_0BP@NMHDKOFC@Power_disconnect?$DO?5return?5?$CI?$CFd?$CJ?6?$AA@ 00018708     ipc_dsplink_3530:Power_dsplink.ov4TCE
 0001:00007728       ??_C@_0DG@KKABJDFM@Power_disconnect?$DO?5LPM_disconnect@ 00018728     ipc_dsplink_3530:Power_dsplink.ov4TCE
 0001:00007760       ??_C@_0FG@OPONOBOD@Power_disconnect?$DO?5Calling?5LPM_di@ 00018760     ipc_dsplink_3530:Power_dsplink.ov4TCE
 0001:000077b8       ??_C@_0CH@JDCDNKEM@Power_disconnect?$DO?5Enter?5?$CIhandle?$DN@ 000187b8     ipc_dsplink_3530:Power_dsplink.ov4TCE
 0001:000077e0       ??_C@_0BE@DDDCOEME@ti?4sdo?4ce?4ipc?4Power?$AA@ 000187e0     ipc_dsplink_3530:Power_dsplink.ov4TCE
 0001:000077f4       ??_C@_0DF@KBIODEBK@Memory__getPhysicalAddress?$DO?5retu@ 000187f4     osal_wince:Memory_cmem.ov4TCE
 0001:00007830       ??_C@_0FH@ICBJDBIL@Memory__getPhysicalAddress?$DO?5foun@ 00018830     osal_wince:Memory_cmem.ov4TCE
 0001:00007888       ??_C@_0DL@HMDGJGCN@Memory__getPhysicalAddress?$DO?5Ente@ 00018888     osal_wince:Memory_cmem.ov4TCE
 0001:000078c4       ??_C@_0DE@INDNECCC@Memory__getVirtualAddress?$DO?5retur@ 000188c4     osal_wince:Memory_cmem.ov4TCE
 0001:000078f8       ??_C@_0EM@LKEEHLIF@Memory__getVirtualAddress?$DO?5found@ 000188f8     osal_wince:Memory_cmem.ov4TCE
 0001:00007944       ??_C@_0DK@PNOFLKGA@Memory__getVirtualAddress?$DO?5Enter@ 00018944     osal_wince:Memory_cmem.ov4TCE
 0001:00007980       ??_C@_0DJ@GIFPEFHA@Memory_alloc?$DO?5ERROR?3?5malloc?$CI?$CJ?5fa@ 00018980     osal_wince:Memory_cmem.ov4TCE
 0001:000079bc       ??_C@_0CD@JNKIIFNK@Memory_contigAlloc?$DO?5return?5?$CI0x?$CFx@ 000189bc     osal_wince:Memory_cmem.ov4TCE
 0001:000079e0       ??_C@_0CO@PIJINFED@Memory_contigAlloc?$DO?5ERROR?3?5CMEM?5@ 000189e0     osal_wince:Memory_cmem.ov4TCE
 0001:00007a10       ??_C@_0FL@GGBOGIJF@Memory_contigAlloc?$DO?5ERROR?3?5CMEM_@ 00018a10     osal_wince:Memory_cmem.ov4TCE
 0001:00007a6c       ??_C@_0DA@PDKHIJBF@Memory_contigAlloc?$DO?5CMEM_getPhys@ 00018a6c     osal_wince:Memory_cmem.ov4TCE
 0001:00007a9c       ??_C@_0CM@DIAGFDID@Memory_contigAlloc?$DO?5CMEM_alloc?$CI?$CF@ 00018a9c     osal_wince:Memory_cmem.ov4TCE
 0001:00007ac8       ??_C@_0HB@JPLGBKJF@Memory_contigAlloc?$DO?5Warning?3?5non@ 00018ac8     osal_wince:Memory_cmem.ov4TCE
 0001:00007b40       ??_C@_0FJ@KGNDGGNK@Memory_contigAlloc?$DO?5ERROR?3?5reque@ 00018b40     osal_wince:Memory_cmem.ov4TCE
 0001:00007ba0       ??_C@_0EC@DMHLFKND@Memory_contigAlloc?$DO?5Enter?$CIsize?$DN?$CF@ 00018ba0     osal_wince:Memory_cmem.ov4TCE
 0001:00007be4       ??_C@_0CC@MDHFMHMM@Memory_contigFree?$DO?5return?5?$CI0x?$CFx?$CJ@ 00018be4     osal_wince:Memory_cmem.ov4TCE
 0001:00007c08       ??_C@_0DE@JNHBIFOD@Memory_contigFree?$DO?5Warning?3?5CMEM@ 00018c08     osal_wince:Memory_cmem.ov4TCE
 0001:00007c3c       ??_C@_0CM@LDHNKHOO@Memory_contigFree?$DO?5Enter?$CIaddr?$DN?$CFd@ 00018c3c     osal_wince:Memory_cmem.ov4TCE
 0001:00007c68       ??_C@_0CP@MANBOOEE@Memory_getBufferVirtualAddress?$DO?5@ 00018c68     osal_wince:Memory_cmem.ov4TCE
[...]
 0001:000262a0       mainCRTStartup             000372a0 f   corelibc:crtstrta.obj
 0001:000262c4       memcmp                     000372c4 f   corelibc:COREDLL.dll
 0001:000262d4       calloc                     000372d4 f   corelibc:COREDLL.dll
 0001:000262e4       free                       000372e4 f   corelibc:COREDLL.dll
 0001:000262f4       __rt_sdiv64by64            000372f4 f   corelibc:COREDLL.dll
 0001:00026304       strncmp                    00037304 f   corelibc:COREDLL.dll
 0001:00026314       strlen                     00037314 f   corelibc:COREDLL.dll
 0001:00026324       strchr                     00037324 f   corelibc:COREDLL.dll
 0001:00026334       __rt_sdiv                  00037334 f   corelibc:COREDLL.dll
 0001:00026344       __rt_udiv                  00037344 f   corelibc:COREDLL.dll
 0001:00026354       strcpy                     00037354 f   corelibc:COREDLL.dll
 0001:00026364       sprintf                    00037364 f   corelibc:COREDLL.dll
 0001:00026374       malloc                     00037374 f   corelibc:COREDLL.dll
 0001:00026384       getchar                    00037384 f   corelibc:COREDLL.dll
 0001:00026394       wcstombs                   00037394 f   corelibc:COREDLL.dll
 0001:000263a4       _onexit                    000373a4 f   corelibc:onexit.obj
 0001:00026474       atexit                     00037474 f   corelibc:onexit.obj
 0001:00026494       swprintf                   00037494 f   corelibc:COREDLL.dll
 0001:000264a4       mbstowcs                   000374a4 f   corelibc:COREDLL.dll
 0001:000264b4       __security_gen_cookie2     000374b4 f   corelibc:COREDLL.dll
 0001:000264c4       __report_gsfailure         000374c4 f   corelibc:COREDLL.dll
 0001:000264d4       _initterm                  000374d4 f   corelibc:crt0dat.obj
 0001:00026508       _cinit                     00037508 f   corelibc:crt0dat.obj
 0001:0002653c       _isctype                   0003753c f   corelibc:COREDLL.dll
 0001:0002654c       wcslen                     0003754c f   corelibc:COREDLL.dll
 0001:0002655c       _XcptFilter                0003755c f   corelibc:COREDLL.dll
 0001:0002656c       __GSHandlerCheck_SEH       0003756c f   corelibc:gshandlerseh.obj
 0001:000265bc       realloc                    000375bc f   corelibc:COREDLL.dll
 0001:000265cc       _msize                     000375cc f   corelibc:COREDLL.dll
 0001:000265dc       __C_specific_handler       000375dc f   corelibc:COREDLL.dll
 0001:000265ec       TerminateProcess           000375ec f   coredll:COREDLL.dll
 0001:000265fc       GetModuleFileNameW         000375fc f   coredll:COREDLL.dll
 0001:00026650       __IMPORT_DESCRIPTOR_COREDLL 00037650     coredll:COREDLL.dll
 0001:00026664       __NULL_IMPORT_DESCRIPTOR   00037664     coredll:COREDLL.dll
 0002:00000000       Global_buildInfo           00039000     speech_encode_io1_omap3530_exe.ov4TCE
 0002:00000180       ti_sdo_codecs_h264enc_ce_H264ENC_codecClassConfig 00039180     speech_encode_io1_omap3530_exe.ov4TCE
 0002:000001c0       ti_sdo_codecs_jpegdec_ce_JPEGDEC_codecClassConfig 000391c0     speech_encode_io1_omap3530_exe.ov4TCE
 0002:00000200       ti_sdo_codecs_jpegenc_ce_JPEGENC_codecClassConfig 00039200     speech_encode_io1_omap3530_exe.ov4TCE
 0002:00000240       ti_sdo_codecs_mpeg2dec_ce_MPEG2DEC_codecClassConfig 00039240     speech_encode_io1_omap3530_exe.ov4TCE
 0002:00000280       ti_sdo_codecs_mpeg4enc_ce_MPEG4ENC_codecClassConfig 00039280     speech_encode_io1_omap3530_exe.ov4TCE
 0002:00000500       Engine_config              00039500     speech_encode_io1_omap3530_exe.ov4TCE
 0002:00000508       ti_sdo_ce_ipc_dsplink_Ipc_maxTimeout 00039508     speech_encode_io1_omap3530_exe.ov4TCE
 0002:0000050c       Comm_MSGSIZE               0003950c     speech_encode_io1_omap3530_exe.ov4TCE
 0002:00000510       Comm_NUMMSGS               00039510     speech_encode_io1_omap3530_exe.ov4TCE
 0002:00000514       Comm_LOCATERETRIES         00039514     speech_encode_io1_omap3530_exe.ov4TCE
 0002:000005fc       ti_sdo_ce_ipc_armDspLinkConfigServerNames 000395fc     speech_encode_io1_omap3530_exe.ov4TCE
 0002:00000604       ti_sdo_ce_ipc_armDspLinkConfigs 00039604     speech_encode_io1_omap3530_exe.ov4TCE
 0002:0000060c       Memory_maxCbListSize       0003960c     speech_encode_io1_omap3530_exe.ov4TCE
 0002:00000610       _ti_sdo_utils_trace_GT_params 00039610     speech_encode_io1_omap3530_exe.ov4TCE
 0002:00000638       GT                         00039638     speech_encode_io1_omap3530_exe.ov4TCE
 0002:0000063c       ti_sdo_ce_alg_ALG_maxGroups 0003963c     speech_encode_io1_omap3530_exe.ov4TCE
 0002:00000640       ti_sdo_ce_alg_ipcKey       00039640     speech_encode_io1_omap3530_exe.ov4TCE
 0002:00000644       ti_sdo_fc_multiProcess     00039644     speech_encode_io1_omap3530_exe.ov4TCE
 0002:00000648       UNIVERSAL_STUBS            00039648     universal:universal_stubs.ov4TCE
 0002:00000674       Dmai_debugLogLevel         00039674     dmai_wince_omap3530:Dmai.o3530.ov4TCE
 0002:00000678       opterr                     00039678     dmai_wince_omap3530:getopt_long.o3530.ov4TCE
 0002:0000067c       optind                     0003967c     dmai_wince_omap3530:getopt_long.o3530.ov4TCE
 0002:00000680       optopt                     00039680     dmai_wince_omap3530:getopt_long.o3530.ov4TCE
 0002:00000690       IMGDEC1_STUBS              00039690     imgdec1:imgdec1_stubs.ov4TCE
 0002:000006bc       IMGENC1_STUBS              000396bc     imgenc1:imgenc1_stubs.ov4TCE
 0002:000006e8       VIDDEC2_STUBS              000396e8     viddec2:viddec2_stubs.ov4TCE
 0002:00000714       VIDENC1_STUBS              00039714     videnc1:videnc1_stubs.ov4TCE
 0002:00000740       AUDDEC1_STUBS              00039740     auddec1:auddec1_stubs.ov4TCE
 0002:0000076c       SPHDEC1_STUBS              0003976c     sphdec1:sphdec1_stubs.ov4TCE
 0002:00000798       SPHENC1_STUBS              00039798     sphenc1:sphenc1_stubs.ov4TCE
 0002:000007c4       Engine_ALGCREATEATTRS      000397c4     ce:Engine.ov4TCE
 0002:000007cc       Engine_ceDebugDspTraceMask 000397cc     ce:Engine.ov4TCE
 0002:000007d4       ti_sdo_ce__versionString   000397d4     ce:package_ti.sdo.ce.ov4TCE
 0002:000007d8       ti_sdo_ce__versionNumArray 000397d8     ce:package_ti.sdo.ce.ov4TCE
 0002:000007e4       ti_sdo_ce__whatString      000397e4     ce:package_ti.sdo.ce.ov4TCE
 0002:000007e8       Processor_ATTRS            000397e8     ipc_dsplink_3530:Processor_dsplink.ov4TCE
 0002:00000804       Global_cePoolAttrs         00039804     ipc_dsplink_3530:Comm_dsplink.ov4TCE
 0002:00000b10       LINKCFG_dspConfig          00039b10     ipc_dsplink_3530:Processor_dsplink_linkcfg_OMAP3530.ov4TCE
 0002:00000b60       ti_sdo_ce_ipc_Processor_linkcfg 00039b60     ipc_dsplink_3530:Processor_dsplink_linkcfg_OMAP3530.ov4TCE
 0002:00000b88       ti_sdo_ce_ipc_Processor_linkcfg_OS 00039b88     ipc_dsplink_3530:Processor_dsplink_linkcfg_OS.ov4TCE
 0002:00000b94       Memory_DEFAULTPARAMS       00039b94     osal_wince:Memory_cmem.ov4TCE
 0002:00000bac       Thread_ATTRS               00039bac     osal_wince:Thread_wince.ov4TCE
 0002:00000bcc       CMEM_DEFAULTPARAMS         00039bcc     cmem:cmem.obj
 0002:00000bd8       LINKCFG_config             00039bd8     dsplinkapi:CFG_system.o
 0002:000010d8       OMAP3530_SHMEM_Config      0003a0d8     dsplinkapi:CFG_OMAP3530_SHMEM.o
 0002:00001128       LINKCFG_gppObject          0003a128     dsplinkapi:CFG_ARM.o
 0002:0000115c       __security_cookie          0003a15c     corelibc:seccinit.obj
 0002:00001160       __security_cookie_complement 0003a160     corelibc:seccinit.obj
 0002:00006180       ti_sdo_ce_dvtLog           0003f180     speech_encode_io1_omap3530_exe.ov4TCE
 0002:00006184       Memory_skipVirtualAddressTranslation 0003f184     speech_encode_io1_omap3530_exe.ov4TCE
 0002:00006188       ti_sdo_codecs_h264dec_ce_H264DEC_codecClassConfig 0003f188     speech_encode_io1_omap3530_exe.ov4TCE
 0002:000061c8       ti_sdo_codecs_mpeg4dec_ce_MPEG4DEC_codecClassConfig 0003f1c8     speech_encode_io1_omap3530_exe.ov4TCE
 0002:00006238       ti_sdo_ce_Engine_noCommName 0003f238     speech_encode_io1_omap3530_exe.ov4TCE
 0002:0000623c       VISA_checked               0003f23c     speech_encode_io1_omap3530_exe.ov4TCE
 0002:00006250       Global_useLinkArbiter      0003f250     speech_encode_io1_omap3530_exe.ov4TCE
 0002:00006254       PWRM_doImcopConfig         0003f254     speech_encode_io1_omap3530_exe.ov4TCE
 0002:00006258       ti_sdo_ce_alg_ALG_useHeap  0003f258     speech_encode_io1_omap3530_exe.ov4TCE
 0002:0000625c       ti_sdo_ce_alg_ALG_useCache 0003f25c     speech_encode_io1_omap3530_exe.ov4TCE
 0002:00006260       _ALG_groupUsed             0003f260     speech_encode_io1_omap3530_exe.ov4TCE
 0002:000062b0       _ALG_groupRefCount         0003f2b0     speech_encode_io1_omap3530_exe.ov4TCE
 0002:00006300       _Algorithm_lockOwner       0003f300     speech_encode_io1_omap3530_exe.ov4TCE
 0002:00006350       ti_sdo_ce_universal_UNIVERSAL_curTrace 0003f350     universal:universal.ov4TCE
 0002:0000635c       ti_sdo_dmai_GTMask         0003f35c     dmai_wince_omap3530:Dmai.o3530.ov4TCE
 0002:00006364       ti_sdo_ce_image1_IMGDEC1_curTrace 0003f364     imgdec1:imgdec1.ov4TCE
 0002:00006370       ti_sdo_ce_image1_IMGENC1_curTrace 0003f370     imgenc1:imgenc1.ov4TCE
 0002:0000637c       ti_sdo_ce_video2_VIDDEC2_curTrace 0003f37c     viddec2:viddec2.ov4TCE
 0002:00006388       ti_sdo_ce_video1_VIDENC1_curTrace 0003f388     videnc1:videnc1.ov4TCE
 0002:00006394       ti_sdo_ce_audio1_AUDDEC1_curTrace 0003f394     auddec1:auddec1.ov4TCE
 0002:000063a0       ti_sdo_ce_speech1_SPHDEC1_curTrace 0003f3a0     sphdec1:sphdec1.ov4TCE
 0002:000063ac       ti_sdo_ce_speech1_SPHENC1_curTrace 0003f3ac     sphenc1:sphenc1.ov4TCE
 0002:000064b8       Engine_alwaysCollectDspTrace 0003f4b8     ce:Engine.ov4TCE
 0002:000064e0       Server_holdingTraceToken   0003f4e0     ce:Server.ov4TCE
 0002:00006558       Comm_ATTRS                 0003f558     ipc_dsplink_3530:Comm_dsplink.ov4TCE
 0002:0000656c       Global_cePoolId            0003f56c     ipc_dsplink_3530:Comm_dsplink.ov4TCE
 0002:00006744       GT_config_traceOutStream   0003f744     osal_wince:GT_config_wince.ov4TCE
 0002:00006864       Lock_system                0003f864     osal_wince:Lock_wince.ov4TCE
 0002:00006874       gListCSInitialized         0003f874     osal_wince:Thread_wince.ov4TCE
 0002:00006878       pListCS                    0003f878     osal_wince:Thread_wince.ov4TCE
 0002:000068e0       DRV_handle                 0003f8e0     dsplinkapi:proc.o
 0002:000068e4       PROC_linkCfgPtr            0003f8e4     dsplinkapi:proc.o
 0002:000068e8       PROC_stateObj              0003f8e8     dsplinkapi:proc.o
 0002:00006cb4       LINKCFG_gppOsObject        0003fcb4     dsplinkapi:CFG_WinCE.o
 0002:00006cc0       _exitflag                  0003fcc0     corelibc:cexit.obj
 0002:00006cc4       __argv                     0003fcc4     corelibc:crtstrta.obj
 0002:00006cc8       __argc                     0003fcc8     corelibc:crtstrta.obj
 0002:00006ce0       _ALG_sems                  0003fce0     <common>
 0002:00006d30       optreset                   0003fd30     <common>
 0002:00006d34       optarg                     0003fd34     <common>
 0002:00006d38       PerformanceFrequency       0003fd38     <common>
 0002:00006d40       ti_sdo_ce_alg_GTMask       0003fd40     <common>
 0002:00006d50       gThreadPrivateDataList     0003fd50     <common>
 0002:00006d60       NOTIFY_state               0003fd60     <common>
 0002:00006dc0       POOL_addrConfig            0003fdc0     <common>
 0002:000070c0       RingIO_State               000400c0     <common>
 0002:000070e0       MPLIST_State               000400e0     <common>
 0002:00007100       MPCS_State                 00040100     <common>
 0002:00007120       __onexitend                00040120     <common>
 0002:00007124       __onexitbegin              00040124     <common>

 entry point at        0001:000262a0

 Static symbols

 0001:00009eb4       parseArgs                  0001aeb4 f   main.o3530.ov4TCE
 0001:0000a43c       usage                      0001b43c f   main.o3530.ov4TCE
 0001:0000a784       marshallMsg                0001b784 f   universal:universal_stubs.ov4TCE
 0001:0000ab74       process                    0001bb74 f   universal:universal_stubs.ov4TCE
 0001:0000ac40       control                    0001bc40 f   universal:universal_stubs.ov4TCE
 0001:0000b6cc       _Buffer_init               0001c6cc f   dmai_wince_omap3530:Buffer.o3530.ov4TCE
 0001:0000ceb4       permute_args               0001deb4 f   dmai_wince_omap3530:getopt_long.o3530.ov4TCE
 0001:0000d02c       gcd                        0001e02c f   dmai_wince_omap3530:getopt_long.o3530.ov4TCE
 0001:0000d094       getopt_internal            0001e094 f   dmai_wince_omap3530:getopt_long.o3530.ov4TCE
 0001:0000e1a4       marshallMsg                0001f1a4 f   imgdec1:imgdec1_stubs.ov4TCE
 0001:0000e3e8       process                    0001f3e8 f   imgdec1:imgdec1_stubs.ov4TCE
 0001:0000e4b0       control                    0001f4b0 f   imgdec1:imgdec1_stubs.ov4TCE
 0001:0000e6ec       marshallMsg                0001f6ec f   imgenc1:imgenc1_stubs.ov4TCE
 0001:0000e930       process                    0001f930 f   imgenc1:imgenc1_stubs.ov4TCE
 0001:0000e9f8       control                    0001f9f8 f   imgenc1:imgenc1_stubs.ov4TCE
 0001:0000ec34       marshallMsg                0001fc34 f   viddec2:viddec2_stubs.ov4TCE
 0001:0000ef14       unmarshallMsg              0001ff14 f   viddec2:viddec2_stubs.ov4TCE
 0001:0000f180       process                    00020180 f   viddec2:viddec2_stubs.ov4TCE
 0001:0000f1f4       control                    000201f4 f   viddec2:viddec2_stubs.ov4TCE
 0001:0000f430       marshallMsg                00020430 f   videnc1:videnc1_stubs.ov4TCE
 0001:0000f690       unmarshallMsg              00020690 f   videnc1:videnc1_stubs.ov4TCE
 0001:0000f784       process                    00020784 f   videnc1:videnc1_stubs.ov4TCE
 0001:0000f7f8       control                    000207f8 f   videnc1:videnc1_stubs.ov4TCE
 0001:0000fa2c       marshallMsg                00020a2c f   auddec1:auddec1_stubs.ov4TCE
 0001:0000fc70       process                    00020c70 f   auddec1:auddec1_stubs.ov4TCE
 0001:0000fd38       control                    00020d38 f   auddec1:auddec1_stubs.ov4TCE
 0001:0000ff74       marshallMsg                00020f74 f   sphdec1:sphdec1_stubs.ov4TCE
 0001:0001012c       unmarshallMsg              0002112c f   sphdec1:sphdec1_stubs.ov4TCE
 0001:000101c4       process                    000211c4 f   sphdec1:sphdec1_stubs.ov4TCE
 0001:00010238       control                    00021238 f   sphdec1:sphdec1_stubs.ov4TCE
 0001:00010484       marshallMsg                00021484 f   sphenc1:sphenc1_stubs.ov4TCE
 0001:0001063c       unmarshallMsg              0002163c f   sphenc1:sphenc1_stubs.ov4TCE
 0001:000106d4       process                    000216d4 f   sphenc1:sphenc1_stubs.ov4TCE
 0001:00010748       control                    00021748 f   sphenc1:sphenc1_stubs.ov4TCE
 0001:000110a0       cleanup                    000220a0 f   ce:Engine.ov4TCE
 0001:000111a0       outputDspTrace             000221a0 f   ce:Engine.ov4TCE
 0001:000112d0       freeServerTab              000222d0 f   ce:Engine.ov4TCE
 0001:00011414       getServerKey               00022414 f   ce:Engine.ov4TCE
 0001:0001157c       getRpcProtocolVersion      0002257c f   ce:Engine.ov4TCE
 0001:0001164c       isa                        0002264c f   ce:Engine.ov4TCE
 0001:0001173c       name2Uuid                  0002273c f   ce:Engine.ov4TCE
 0001:000117f8       rserverClose               000227f8 f   ce:Engine.ov4TCE
 0001:00011898       rserverOpen                00022898 f   ce:Engine.ov4TCE
 0001:00012b18       allocNode                  00023b18 f   ce:Engine.ov4TCE
 0001:00012cbc       checkServer                00023cbc f   ce:Engine.ov4TCE
 0001:000133a4       rmsInit                    000243a4 f   ce:Engine.ov4TCE
 0001:00013dac       cleanup                    00024dac f   ce:Server.ov4TCE
 0001:00015d84       modifyDefaultLinkCfgObjectBasedOnUserCfgData 00026d84 f   ipc_dsplink_3530:Processor_dsplink.ov4TCE
 0001:00017c68       procDelete                 00028c68 f   ipc_dsplink_3530:Processor_dsplink.ov4TCE
 0001:00018028       doCmd                      00029028 f   ipc_dsplink_3530:Processor_dsplink.ov4TCE
 0001:000181dc       cleanup                    000291dc f   ipc_dsplink_3530:Processor_dsplink.ov4TCE
 0001:000182a0       procCreate                 000292a0 f   ipc_dsplink_3530:Processor_dsplink.ov4TCE
 0001:00018740       daemon                     00029740 f   ipc_dsplink_3530:Processor_dsplink.ov4TCE
 0001:00019a94       cleanup                    0002aa94 f   ipc_dsplink_3530:Power_dsplink.ov4TCE
 0001:00019b08       getPhysicalAddress         0002ab08 f   osal_wince:Memory_cmem.ov4TCE
 0001:00019c0c       getVirtualAddress          0002ac0c f   osal_wince:Memory_cmem.ov4TCE
 0001:00019d08       myMalloc                   0002ad08 f   osal_wince:Memory_cmem.ov4TCE
 0001:00019d6c       contigAlloc                0002ad6c f   osal_wince:Memory_cmem.ov4TCE
 0001:00019fb0       contigFree                 0002afb0 f   osal_wince:Memory_cmem.ov4TCE
 0001:0001a1f0       cleanup                    0002b1f0 f   osal_wince:Memory_cmem.ov4TCE
 0001:0001a4ec       addContigBuf               0002b4ec f   osal_wince:Memory_cmem.ov4TCE
 0001:0001a910       removeContigBuf            0002b910 f   osal_wince:Memory_cmem.ov4TCE
 0001:0001ace8       cleanup                    0002bce8 f   osal_wince:GT_config_wince.ov4TCE
 0001:0001ad74       formatNum                  0002bd74 f   osal_wince:GT_config_wince.ov4TCE
 0001:0001aef0       doPrint                    0002bef0 f   osal_wince:GT_config_wince.ov4TCE
 0001:0001b7dc       cleanup                    0002c7dc f   osal_wince:Lock_wince.ov4TCE
 0001:0001b8c0       cleanup                    0002c8c0 f   osal_wince:LockMP_wince.ov4TCE
 0001:0001ba64       runStub                    0002ca64 f   osal_wince:Thread_wince.ov4TCE
 0001:0001babc       cleanup                    0002cabc f   osal_wince:Thread_wince.ov4TCE
 0001:0001c05c       cleanup                    0002d05c f   osal_wince:Queue_wince.ov4TCE
 0001:0001c3c0       cleanup                    0002d3c0 f   osal_wince:SemMP_wince.ov4TCE
 0001:0001c748       cleanup                    0002d748 f   osal_wince:Sem_wince.ov4TCE
 0001:0001d1d0       getModNameFlagsAddr        0002e1d0 f   gt:gt.ov4TCE
 0001:0001d2a8       addModName                 0002e2a8 f   gt:gt.ov4TCE
 0001:0001d390       applyOp                    0002e390 f   gt:gt.ov4TCE
 0001:0001d410       wildcardUpdate             0002e410 f   gt:gt.ov4TCE
 0001:0001d584       setMask                    0002e584 f   gt:gt.ov4TCE
 0001:0001db68       validate_init              0002eb68 f   cmem:cmem.obj
 0001:0001dbc8       allocFromPool              0002ebc8 f   cmem:cmem.obj
 0001:0001dc78       allocFromHeap              0002ec78 f   cmem:cmem.obj
 0001:0001ddc4       getPoolFromBlock           0002edc4 f   cmem:cmem.obj
 0001:0001e0fc       getBlock                   0002f0fc f   cmem:cmem.obj
 0001:000203dc       DRV_installCleanupRoutines 000313dc f   dsplinkapi:drv_api.o
 0001:00021d04       NOTIFY_eventWorker         00032d04 f   dsplinkapi:_notify.o
 0001:00025d5c       doexit                     00036d5c f   corelibc:cexit.obj
 0001:00025ebc       ?crtstart_FreeArguments@@YAXXZ 00036ebc f   corelibc:crtstrta.obj
 0001:00025edc       ?crtstart_CountSpaceA@@YAXAAH0PBD@Z 00036edc f   corelibc:crtstrta.obj
 0001:00025fa8       ?crtstart_ParseArgsWA@@YAHPBG0AAHAAPAPAD@Z 00036fa8 f   corelibc:crtstrta.obj
 0001:000261b4       ?mainCRTStartupHelper@@YAXPAUHINSTANCE__@@PBG@Z 000371b4 f   corelibc:crtstrta.obj
