 video_encode_io1_omap3530

 Timestamp is 4d349dbb (Mon Jan 17 14:51:23 2011)

 Preferred load address is 00010000

 Start         Length     Name                   Class
 0001:00000000 0000013cH .idata$5                CODE
 0001:0000013c 00000004H .CRT$XCA                CODE
 0001:00000140 00000004H .CRT$XCZ                CODE
 0001:00000144 00000004H .CRT$XIA                CODE
 0001:00000148 00000004H .CRT$XIZ                CODE
 0001:0000014c 00000004H .CRT$XPA                CODE
 0001:00000150 00000004H .CRT$XPZ                CODE
 0001:00000154 00000004H .CRT$XTA                CODE
 0001:00000158 00000004H .CRT$XTZ                CODE
 0001:00000160 00009b54H .rdata                  CODE
 0001:00009cb4 000000acH .rdata$debug            CODE
 0001:00009d60 0001fa3cH .text                   CODE
 0001:0002979c 00000044H .xdata                  CODE
 0001:000297e0 00000014H .idata$2                CODE
 0001:000297f4 00000014H .idata$3                CODE
 0001:00029808 0000013cH .idata$4                CODE
 0001:00029944 0000000cH .idata$6                CODE
 0001:00029950 00000899H .edata                  CODE
 0002:00000000 0000117cH .data                   DATA
 0002:00001180 0000ffa8H .bss                    DATA
 0003:00000000 00000ec0H .pdata                  DATA

  Address         Publics by Value              Rva+Base       Lib:Object

 0000:00000000       ___safe_se_handler_count   00000000     <absolute>
 0000:00000000       ___safe_se_handler_table   00000000     <absolute>
 0001:00000000       __imp_QueryPerformanceFrequency 00011000     coredll:COREDLL.dll
 0001:00000004       __imp_QueryPerformanceCounter 00011004     coredll:COREDLL.dll
 0001:00000008       __imp_GetIdleTime          00011008     coredll:COREDLL.dll
 0001:0000000c       __imp_GetTickCount         0001100c     coredll:COREDLL.dll
 0001:00000010       __imp___GetUserKData       00011010     coredll:COREDLL.dll
 0001:00000014       __imp_WaitForSingleObject  00011014     coredll:COREDLL.dll
 0001:00000018       __imp_ReleaseMutex         00011018     coredll:COREDLL.dll
 0001:0000001c       __imp_CloseHandle          0001101c     coredll:COREDLL.dll
 0001:00000020       __imp_NKDbgPrintfW         00011020     coredll:COREDLL.dll
 0001:00000024       __imp_CreateMutexW         00011024     coredll:COREDLL.dll
 0001:00000028       __imp_RegCloseKey          00011028     coredll:COREDLL.dll
 0001:0000002c       __imp_RegQueryValueExW     0001102c     coredll:COREDLL.dll
 0001:00000030       __imp_MultiByteToWideChar  00011030     coredll:COREDLL.dll
 0001:00000034       __imp_RegCreateKeyExW      00011034     coredll:COREDLL.dll
 0001:00000038       __imp_LeaveCriticalSection 00011038     coredll:COREDLL.dll
 0001:0000003c       __imp_EnterCriticalSection 0001103c     coredll:COREDLL.dll
 0001:00000040       __imp_InterlockedDecrement 00011040     coredll:COREDLL.dll
 0001:00000044       __imp_InterlockedExchange  00011044     coredll:COREDLL.dll
 0001:00000048       __imp_InitializeCriticalSection 00011048     coredll:COREDLL.dll
 0001:0000004c       __imp_InterlockedIncrement 0001104c     coredll:COREDLL.dll
 0001:00000050       __imp_SetThreadPriority    00011050     coredll:COREDLL.dll
 0001:00000054       __imp_Sleep                00011054     coredll:COREDLL.dll
 0001:00000058       __imp_ResumeThread         00011058     coredll:COREDLL.dll
 0001:0000005c       __imp_CreateThread         0001105c     coredll:COREDLL.dll
 0001:00000060       __imp_TerminateThread      00011060     coredll:COREDLL.dll
 0001:00000064       __imp_DeleteCriticalSection 00011064     coredll:COREDLL.dll
 0001:00000068       __imp_CreateSemaphoreW     00011068     coredll:COREDLL.dll
 0001:0000006c       __imp_ReleaseSemaphore     0001106c     coredll:COREDLL.dll
 0001:00000070       __imp_GetFileAttributesW   00011070     coredll:COREDLL.dll
 0001:00000074       __imp_DeviceIoControl      00011074     coredll:COREDLL.dll
 0001:00000078       __imp_CreateFileW          00011078     coredll:COREDLL.dll
 0001:0000007c       __imp_GetSystemInfo        0001107c     coredll:COREDLL.dll
 0001:00000080       __imp_GetLastError         00011080     coredll:COREDLL.dll
 0001:00000084       __imp_LocalFree            00011084     coredll:COREDLL.dll
 0001:00000088       __imp_LocalAlloc           00011088     coredll:COREDLL.dll
 0001:0000008c       __imp_ReadFile             0001108c     coredll:COREDLL.dll
 0001:00000090       __imp_ExitThread           00011090     coredll:COREDLL.dll
 0001:00000094       __imp_CeSetThreadPriority  00011094     coredll:COREDLL.dll
 0001:00000098       __imp_printf               00011098     corelibc:COREDLL.dll
 0001:0000009c       __imp_fread                0001109c     corelibc:COREDLL.dll
 0001:000000a0       __imp___rt_sdiv            000110a0     corelibc:COREDLL.dll
 0001:000000a4       __imp_fclose               000110a4     corelibc:COREDLL.dll
 0001:000000a8       __imp_fwrite               000110a8     corelibc:COREDLL.dll
 0001:000000ac       __imp_setvbuf              000110ac     corelibc:COREDLL.dll
 0001:000000b0       __imp_fopen                000110b0     corelibc:COREDLL.dll
 0001:000000b4       __imp_memcpy               000110b4     corelibc:COREDLL.dll
 0001:000000b8       __imp_memset               000110b8     corelibc:COREDLL.dll
 0001:000000bc       __imp_fprintf              000110bc     corelibc:COREDLL.dll
 0001:000000c0       __imp__getstdfilex         000110c0     corelibc:COREDLL.dll
 0001:000000c4       __imp_sscanf               000110c4     corelibc:COREDLL.dll
 0001:000000c8       __imp_atoi                 000110c8     corelibc:COREDLL.dll
 0001:000000cc       __imp_strncpy              000110cc     corelibc:COREDLL.dll
 0001:000000d0       __imp_memcmp               000110d0     corelibc:COREDLL.dll
 0001:000000d4       __imp_free                 000110d4     corelibc:COREDLL.dll
 0001:000000d8       __imp_calloc               000110d8     corelibc:COREDLL.dll
 0001:000000dc       __imp___rt_sdiv64by64      000110dc     corelibc:COREDLL.dll
 0001:000000e0       __imp___rt_udiv            000110e0     corelibc:COREDLL.dll
 0001:000000e4       __imp_strncmp              000110e4     corelibc:COREDLL.dll
 0001:000000e8       __imp_strlen               000110e8     corelibc:COREDLL.dll
 0001:000000ec       __imp_strchr               000110ec     corelibc:COREDLL.dll
 0001:000000f0       __imp_strcmp               000110f0     corelibc:COREDLL.dll
 0001:000000f4       __imp_strcpy               000110f4     corelibc:COREDLL.dll
 0001:000000f8       __imp_sprintf              000110f8     corelibc:COREDLL.dll
 0001:000000fc       __imp_malloc               000110fc     corelibc:COREDLL.dll
 0001:00000100       __imp_getchar              00011100     corelibc:COREDLL.dll
 0001:00000104       __imp_wcstombs             00011104     corelibc:COREDLL.dll
 0001:00000108       __imp_swprintf             00011108     corelibc:COREDLL.dll
 0001:0000010c       __imp_mbstowcs             0001110c     corelibc:COREDLL.dll
 0001:00000110       __imp___security_gen_cookie2 00011110     corelibc:COREDLL.dll
 0001:00000114       __imp___report_gsfailure   00011114     corelibc:COREDLL.dll
 0001:00000118       __imp__isctype             00011118     corelibc:COREDLL.dll
 0001:0000011c       __imp_wcslen               0001111c     corelibc:COREDLL.dll
 0001:00000120       __imp__XcptFilter          00011120     corelibc:COREDLL.dll
 0001:00000124       __imp_realloc              00011124     corelibc:COREDLL.dll
 0001:00000128       __imp__msize               00011128     corelibc:COREDLL.dll
 0001:0000012c       __imp___C_specific_handler 0001112c     corelibc:COREDLL.dll
 0001:00000130       __imp_TerminateProcess     00011130     coredll:COREDLL.dll
 0001:00000134       __imp_GetModuleFileNameW   00011134     coredll:COREDLL.dll
 0001:00000138       \177COREDLL_NULL_THUNK_DATA 00011138     coredll:COREDLL.dll
 0001:0000013c       __xc_a                     0001113c     corelibc:crt0init.obj
 0001:00000140       __xc_z                     00011140     corelibc:crt0init.obj
 0001:00000144       __xi_a                     00011144     corelibc:crt0init.obj
 0001:00000148       __xi_z                     00011148     corelibc:crt0init.obj
 0001:0000014c       __xp_a                     0001114c     corelibc:crt0init.obj
 0001:00000150       __xp_z                     00011150     corelibc:crt0init.obj
 0001:00000154       __xt_a                     00011154     corelibc:crt0init.obj
 0001:00000158       __xt_z                     00011158     corelibc:crt0init.obj
 0001:0000017c       ??_C@_0CL@LLEOPJPL@Read?5420P?5frame?5size?5?$CFd?5?$CI?$CFdx?$CFd?$CJ?5@ 0001117c     appMain.o3530.ov4TCE
 0001:000001a8       ??_C@_0BP@OKMDMFPF@Failed?5to?5read?5data?5from?5file?6?$AA@ 000111a8     appMain.o3530.ov4TCE
 0001:000001c8       ??_C@_0CL@MKLKHKBO@Read?5UYVY?5frame?5size?5?$CFd?5?$CI?$CFdx?$CFd?$CJ?5@ 000111c8     appMain.o3530.ov4TCE
 0001:000001f4       ??_C@_0BF@MHJBDGFK@End?5of?5application?4?6?$AA@ 000111f4     appMain.o3530.ov4TCE
 0001:0000020c       ??_C@_0CB@EJADJHF@freeing?5dummy?5input?5buffer?5?4?4?4?5?6@ 0001120c     appMain.o3530.ov4TCE
 0001:00000230       ??_C@_0N@OEKNMIFC@Total?3?5?$CFuus?6?$AA@ 00011230     appMain.o3530.ov4TCE
 0001:00000240       ??_C@_0BL@JHHCCDOP@Failed?5to?5get?5timer?5total?6?$AA@ 00011240     appMain.o3530.ov4TCE
 0001:0000025c       ??_C@_0BH@MHHLJMFL@File?5write?5time?3?5?$CFuus?6?$AA@ 0001125c     appMain.o3530.ov4TCE
 0001:00000274       ??_C@_0CN@BHMBBEOK@Failed?5to?5write?5reconstructed?5fr@ 00011274     appMain.o3530.ov4TCE
 0001:000002a4       ??_C@_0CM@HIMFJIGD@Failed?5to?5write?5encoded?5video?5da@ 000112a4     appMain.o3530.ov4TCE
 0001:000002d0       ??_C@_0CG@DMDMEAFJ@Post?9process?5cache?5write?5back?3?5?$CF@ 000112d0     appMain.o3530.ov4TCE
 0001:000002f8       ??_C@_0BD@PIAHHIA@?$FL?$CFd?$FN?5Encode?3?5?$CFuus?6?$AA@ 000112f8     appMain.o3530.ov4TCE
 0001:0000030c       ??_C@_0BL@BCHEBBHK@Failed?5to?5get?5encode?5time?6?$AA@ 0001130c     appMain.o3530.ov4TCE
 0001:00000328       ??_C@_0CB@JKBKFMCA@?5Encoder?5generated?50?5size?5frame?6@ 00011328     appMain.o3530.ov4TCE
 0001:0000034c       ??_C@_0BP@MJKEOEL@Failed?5to?5encode?5video?5buffer?6?$AA@ 0001134c     appMain.o3530.ov4TCE
 0001:0000036c       ??_C@_0CG@LJKLHLBN@Pre?9process?5cache?5maintenance?3?5?$CF@ 0001136c     appMain.o3530.ov4TCE
 0001:00000394       ??_C@_0BB@EFILFNHC@Read?5time?3?5?$CFuus?6?$AA@ 00011394     appMain.o3530.ov4TCE
 0001:000003a8       ??_C@_0BL@GOLIHEPK@Failed?5to?5get?5timer?5delta?6?$AA@ 000113a8     appMain.o3530.ov4TCE
 0001:000003c4       ??_C@_0CL@GFCPFKH@?6?4?4?4?5exiting?5with?5flush?5?$CIB?9frame@ 000113c4     appMain.o3530.ov4TCE
 0001:000003f0       ??_C@_0O@NACDHMCL@?4?4?4?5exiting?5?6?$AA@ 000113f0     appMain.o3530.ov4TCE
 0001:00000400       ??_C@_0N@MBGNEAJH@?6?5Frame?5?$CFd?3?5?$AA@ 00011400     appMain.o3530.ov4TCE
 0001:00000410       ??_C@_0BH@MLKEOCFN@Failed?5to?5reset?5timer?6?$AA@ 00011410     appMain.o3530.ov4TCE
 0001:00000428       ??_C@_0DE@NCGDPANI@Failed?5to?5get?5a?5free?5contiguous?5@ 00011428     appMain.o3530.ov4TCE
 0001:0000045c       ??_C@_0CE@FBKNGKPF@Failed?5to?5create?5contiguous?5buff@ 0001145c     appMain.o3530.ov4TCE
 0001:00000480       ??_C@_0CG@BKAIICAG@Failed?5to?5allocate?5contiguous?5bu@ 00011480     appMain.o3530.ov4TCE
 0001:000004a8       ??_C@_0CH@EILGBGOC@Failed?5to?5allocate?5contiguous?5bu@ 000114a8     appMain.o3530.ov4TCE
 0001:000004d0       ??_C@_0CH@DLBJDONG@Failed?5to?5calculate?5buffer?5attri@ 000114d0     appMain.o3530.ov4TCE
 0001:000004f8       ??_C@_0CE@CALCCOPN@Failed?5to?5create?5video?5encoder?3?5@ 000114f8     appMain.o3530.ov4TCE
 0001:0000051c       ??_C@_0CB@IFMHFJKB@Failed?5to?5open?5codec?5engine?3?5?$CFs?6@ 0001151c     appMain.o3530.ov4TCE
 0001:00000540       ??_C@_0CN@GFHEMGAA@Failed?5to?5setvbuf?5on?5output?5file@ 00011540     appMain.o3530.ov4TCE
 0001:00000570       ??_C@_0BP@KNCCGFPP@Failed?5to?5open?5output?5file?5?$CFs?6?$AA@ 00011570     appMain.o3530.ov4TCE
 0001:00000590       ??_C@_02GMLFBBN@wb?$AA@    00011590     appMain.o3530.ov4TCE
 0001:00000594       ??_C@_0CM@NMDKBKMK@Failed?5to?5setvbuf?5on?5input?5file?5@ 00011594     appMain.o3530.ov4TCE
 0001:000005c0       ??_C@_0BO@LHLNMGIL@Failed?5to?5open?5input?5file?5?$CFs?6?$AA@ 000115c0     appMain.o3530.ov4TCE
 0001:000005e0       ??_C@_02JDPG@rb?$AA@       000115e0     appMain.o3530.ov4TCE
 0001:000005e4       ??_C@_0BO@DDFCIKFJ@Failed?5to?5create?5Time?5object?6?$AA@ 000115e4     appMain.o3530.ov4TCE
 0001:00000604       ??_C@_0CC@MLIMFCPP@Failed?5to?5determine?5target?5board@ 00011604     appMain.o3530.ov4TCE
 0001:00000628       ??_C@_0BJ@BLOBKCIA@Starting?5application?4?4?4?6?$AA@ 00011628     appMain.o3530.ov4TCE
 0001:00000644       ??_C@_0CI@NOIOOMFA@Width?5and?5height?5must?5be?5multipl@ 00011644     main.o3530.ov4TCE
 0001:0000066c       ??_C@_0CC@FHNLALMI@Invalid?5resolution?5supplied?5?$CI?$CFs?$CJ@ 0001166c     main.o3530.ov4TCE
 0001:00000690       ??_C@_05OEHCLJIP@?$CFdx?$CFd?$AA@ 00011690     main.o3530.ov4TCE
 0001:00000698       ??_C@_06GDGADLDP@encode?$AA@ 00011698     main.o3530.ov4TCE
 0001:000006a0       ??_C@_0L@CAGNKJED@resolution?$AA@ 000116a0     main.o3530.ov4TCE
 0001:000006ac       ??_C@_0L@EGJHHPDL@recon_file?$AA@ 000116ac     main.o3530.ov4TCE
 0001:000006b8       ??_C@_0M@FGMMJEED@output_file?$AA@ 000116b8     main.o3530.ov4TCE
 0001:000006c4       ??_C@_09KLBNBHHC@numframes?$AA@ 000116c4     main.o3530.ov4TCE
 0001:000006d0       ??_C@_05BDNCCAMC@cache?$AA@ 000116d0     main.o3530.ov4TCE
 0001:000006d8       ??_C@_0L@IIDIFHJE@input_file?$AA@ 000116d8     main.o3530.ov4TCE
 0001:000006e4       ??_C@_04PCJFHION@help?$AA@ 000116e4     main.o3530.ov4TCE
 0001:000006ec       ??_C@_06LOBMEHPF@engine?$AA@ 000116ec     main.o3530.ov4TCE
 0001:000006f4       ??_C@_05GPLHJCMP@codec?$AA@ 000116f4     main.o3530.ov4TCE
 0001:000006fc       ??_C@_07MNHELNBG@bitrate?$AA@ 000116fc     main.o3530.ov4TCE
 0001:00000704       ??_C@_09HHEPMDCB@benchmark?$AA@ 00011704     main.o3530.ov4TCE
 0001:00000710       ??_C@_0BA@BPBOFMFB@b?3c?3e?3hi?3n?3o?3r?3?$AA@ 00011710     main.o3530.ov4TCE
 0001:00000720       ??_C@_0DGF@LFEGIGAN@Usage?3?5video_encode_io1_?$DMplatfor@ 00011720     main.o3530.ov4TCE
 0001:00000a88       ??_C@_04HMHGNEPI@CMEM?$AA@ 00011a88     video_encode_io1_omap3530_exe.ov4TCE
 0001:00000a90       ??_C@_0L@ECHHAMNK@DDRALGHEAP?$AA@ 00011a90     video_encode_io1_omap3530_exe.ov4TCE
 0001:00000a9c       ??_C@_06EAMBFBFL@L4CORE?$AA@ 00011a9c     video_encode_io1_omap3530_exe.ov4TCE
 0001:00000aa4       ??_C@_07FEAKLFCF@L1DSRAM?$AA@ 00011aa4     video_encode_io1_omap3530_exe.ov4TCE
 0001:00000aac       ??_C@_07MMENPFKI@L1PSRAM?$AA@ 00011aac     video_encode_io1_omap3530_exe.ov4TCE
 0001:00000ab4       ??_C@_05LIMNGODL@L2RAM?$AA@ 00011ab4     video_encode_io1_omap3530_exe.ov4TCE
 0001:00000abc       ??_C@_05FHNHPFFC@L4PER?$AA@ 00011abc     video_encode_io1_omap3530_exe.ov4TCE
 0001:00000ac4       ??_C@_0N@LMANHFGD@RESET_VECTOR?$AA@ 00011ac4     video_encode_io1_omap3530_exe.ov4TCE
 0001:00000ad4       ??_C@_0L@DNLAEDIM@DSPLINKMEM?$AA@ 00011ad4     video_encode_io1_omap3530_exe.ov4TCE
 0001:00000ae0       ??_C@_04CJAJHKO@DDR2?$AA@  00011ae0     video_encode_io1_omap3530_exe.ov4TCE
 0001:00000ae8       ??_C@_05IDKHKMLA@local?$AA@ 00011ae8     video_encode_io1_omap3530_exe.ov4TCE
 0001:00000af0       ??_C@_0BA@LDCFOKBI@windows?2cs?4x64P?$AA@ 00011af0     video_encode_io1_omap3530_exe.ov4TCE
 0001:00000b00       ??_C@_0N@IFNGKIFJ@deinterlacer?$AA@ 00011b00     video_encode_io1_omap3530_exe.ov4TCE
 0001:00000b10       ??_C@_08IADFIHKL@mpeg4enc?$AA@ 00011b10     video_encode_io1_omap3530_exe.ov4TCE
 0001:00000b1c       ??_C@_08DENMAPCP@mpeg4dec?$AA@ 00011b1c     video_encode_io1_omap3530_exe.ov4TCE
 0001:00000b28       ??_C@_08LLJMPKIP@mpeg2dec?$AA@ 00011b28     video_encode_io1_omap3530_exe.ov4TCE
 0001:00000b34       ??_C@_07EENEKAAF@jpegenc?$AA@ 00011b34     video_encode_io1_omap3530_exe.ov4TCE
 0001:00000b3c       ??_C@_07PADNCIIB@jpegdec?$AA@ 00011b3c     video_encode_io1_omap3530_exe.ov4TCE
 0001:00000b44       ??_C@_07CAMMAMGK@h264enc?$AA@ 00011b44     video_encode_io1_omap3530_exe.ov4TCE
 0001:00000b4c       ??_C@_07JECFIEOO@h264dec?$AA@ 00011b4c     video_encode_io1_omap3530_exe.ov4TCE
 0001:00000b54       ??_C@_07HODBIOKJ@g711enc?$AA@ 00011b54     video_encode_io1_omap3530_exe.ov4TCE
 0001:00000b5c       ??_C@_07MKNIAGCN@g711dec?$AA@ 00011b5c     video_encode_io1_omap3530_exe.ov4TCE
 0001:00000b64       ??_C@_08PFAMKMBK@aachedec?$AA@ 00011b64     video_encode_io1_omap3530_exe.ov4TCE
 0001:00000b70       ??_C@_0BL@PLDIEAHK@ti?4sdo?4ce?4speech1?4ISPHENC1?$AA@ 00011b70     video_encode_io1_omap3530_exe.ov4TCE
 0001:00000b8c       ??_C@_0BP@CKJCKMBG@ti?4sdo?4ce?4universal?4IUNIVERSAL?$AA@ 00011b8c     video_encode_io1_omap3530_exe.ov4TCE
 0001:00000bac       ??_C@_0BK@BMFGMDGD@ti?4sdo?4ce?4video2?4IVIDDEC2?$AA@ 00011bac     video_encode_io1_omap3530_exe.ov4TCE
 0001:00000bc8       ??_C@_0BK@PIGKHBJC@ti?4sdo?4ce?4audio1?4IAUDDEC1?$AA@ 00011bc8     video_encode_io1_omap3530_exe.ov4TCE
 0001:00000be4       ??_C@_0BK@JFKAIMBL@ti?4sdo?4ce?4image1?4IIMGDEC1?$AA@ 00011be4     video_encode_io1_omap3530_exe.ov4TCE
 0001:00000c00       ??_C@_0BK@HPMBCCKK@ti?4sdo?4ce?4image1?4IIMGENC1?$AA@ 00011c00     video_encode_io1_omap3530_exe.ov4TCE
 0001:00000c1c       ??_C@_0BK@EEPIFIBA@ti?4sdo?4ce?4video1?4IVIDENC1?$AA@ 00011c1c     video_encode_io1_omap3530_exe.ov4TCE
 0001:00000c38       ??_C@_0BL@BBFJOOML@ti?4sdo?4ce?4speech1?4ISPHDEC1?$AA@ 00011c38     video_encode_io1_omap3530_exe.ov4TCE
 0001:00000c58       ??_C@_0MG@EOMMANLD@?5?5?5?5package?5video_encode_io1_oma@ 00011c58     video_encode_io1_omap3530_exe.ov4TCE
 0001:00000d20       ??_C@_0KB@BJEKFOJA@?5?5?5?5package?5ti?4sdo?4codecs?4deinte@ 00011d20     video_encode_io1_omap3530_exe.ov4TCE
 0001:00000dc8       ??_C@_0JD@EGPKHDIC@?5?5?5?5package?5ti?4sdo?4ce?4universal?5@ 00011dc8     video_encode_io1_omap3530_exe.ov4TCE
 0001:00000e60       ??_C@_0JJ@CNCJNPCA@?5?5?5?5package?5ti?4sdo?4codecs?4mpeg4e@ 00011e60     video_encode_io1_omap3530_exe.ov4TCE
 0001:00000f00       ??_C@_0JC@IHKFMEPA@?5?5?5?5package?5ti?4sdo?4codecs?4mpeg4d@ 00011f00     video_encode_io1_omap3530_exe.ov4TCE
 0001:00000f98       ??_C@_0IM@JNAJBABL@?5?5?5?5package?5ti?4sdo?4codecs?4mpeg4d@ 00011f98     video_encode_io1_omap3530_exe.ov4TCE
 0001:00001028       ??_C@_0JJ@PGELNIGI@?5?5?5?5package?5ti?4sdo?4codecs?4mpeg2d@ 00012028     video_encode_io1_omap3530_exe.ov4TCE
 0001:000010c8       ??_C@_0JH@MKEEFJEG@?5?5?5?5package?5ti?4sdo?4codecs?4jpegen@ 000120c8     video_encode_io1_omap3530_exe.ov4TCE
 0001:00001160       ??_C@_0JH@DHLAAADE@?5?5?5?5package?5ti?4sdo?4codecs?4jpegde@ 00012160     video_encode_io1_omap3530_exe.ov4TCE
 0001:000011f8       ??_C@_0JH@CHMEHEKP@?5?5?5?5package?5ti?4sdo?4codecs?4h264en@ 000121f8     video_encode_io1_omap3530_exe.ov4TCE
 0001:00001290       ??_C@_0JA@CFBFLBPA@?5?5?5?5package?5ti?4sdo?4codecs?4h264de@ 00012290     video_encode_io1_omap3530_exe.ov4TCE
 0001:00001320       ??_C@_0IK@CGBLKBFD@?5?5?5?5package?5ti?4sdo?4codecs?4h264de@ 00012320     video_encode_io1_omap3530_exe.ov4TCE
 0001:000013b0       ??_C@_0JH@NEMBFOHF@?5?5?5?5package?5ti?4sdo?4codecs?4g711en@ 000123b0     video_encode_io1_omap3530_exe.ov4TCE
 0001:00001448       ??_C@_0JH@CJDFAHAH@?5?5?5?5package?5ti?4sdo?4codecs?4g711de@ 00012448     video_encode_io1_omap3530_exe.ov4TCE
 0001:000014e0       ??_C@_0JJ@LDEMGBAG@?5?5?5?5package?5ti?4sdo?4codecs?4aached@ 000124e0     video_encode_io1_omap3530_exe.ov4TCE
 0001:00001580       ??_C@_0HL@JKDEJLKB@?5?5?5?5package?5ti?4sdo?4dmai?5?$CIC?3?1WINC@ 00012580     video_encode_io1_omap3530_exe.ov4TCE
 0001:00001600       ??_C@_0IN@PNNLPIMB@?5?5?5?5package?5ti?4sdo?4ce?4image1?5?$CIC?3@ 00012600     video_encode_io1_omap3530_exe.ov4TCE
 0001:00001690       ??_C@_0IL@PMBKLIDP@?5?5?5?5package?5ti?4sdo?4ce?4image?5?$CIC?3?1@ 00012690     video_encode_io1_omap3530_exe.ov4TCE
 0001:00001720       ??_C@_0IN@DNPGBJLO@?5?5?5?5package?5ti?4sdo?4ce?4video2?5?$CIC?3@ 00012720     video_encode_io1_omap3530_exe.ov4TCE
 0001:000017b0       ??_C@_0IN@MDJOEBNN@?5?5?5?5package?5ti?4sdo?4ce?4video1?5?$CIC?3@ 000127b0     video_encode_io1_omap3530_exe.ov4TCE
 0001:00001840       ??_C@_0IL@FJOGAPLD@?5?5?5?5package?5ti?4sdo?4ce?4video?5?$CIC?3?1@ 00012840     video_encode_io1_omap3530_exe.ov4TCE
 0001:000018d0       ??_C@_0IN@MHIHBAOO@?5?5?5?5package?5ti?4sdo?4ce?4audio1?5?$CIC?3@ 000128d0     video_encode_io1_omap3530_exe.ov4TCE
 0001:00001960       ??_C@_0IL@DFPGICHL@?5?5?5?5package?5ti?4sdo?4ce?4audio?5?$CIC?3?1@ 00012960     video_encode_io1_omap3530_exe.ov4TCE
 0001:000019f0       ??_C@_0IP@JDINONK@?5?5?5?5package?5ti?4sdo?4ce?4speech1?5?$CIC@ 000129f0     video_encode_io1_omap3530_exe.ov4TCE
 0001:00001a80       ??_C@_0IN@HCIKBCMK@?5?5?5?5package?5ti?4sdo?4ce?4speech?5?$CIC?3@ 00012a80     video_encode_io1_omap3530_exe.ov4TCE
 0001:00001b10       ??_C@_0HP@HBEELEPD@?5?5?5?5package?5ti?4sdo?4ce?5?$CIC?3?1WINCE6@ 00012b10     video_encode_io1_omap3530_exe.ov4TCE
 0001:00001b90       ??_C@_0IH@HMAHHBOM@?5?5?5?5package?5ti?4sdo?4ce?4alg?5?$CIC?3?1WI@ 00012b90     video_encode_io1_omap3530_exe.ov4TCE
 0001:00001c18       ??_C@_0JH@LBACENEC@?5?5?5?5package?5ti?4sdo?4ce?4ipc?4dsplin@ 00012c18     video_encode_io1_omap3530_exe.ov4TCE
 0001:00001cb0       ??_C@_0IH@JBBCNADF@?5?5?5?5package?5ti?4sdo?4ce?4ipc?5?$CIC?3?1WI@ 00012cb0     video_encode_io1_omap3530_exe.ov4TCE
 0001:00001d38       ??_C@_0JF@JOGFPDGH@?5?5?5?5package?5ti?4sdo?4ce?4osal?4wince@ 00012d38     video_encode_io1_omap3530_exe.ov4TCE
 0001:00001dd0       ??_C@_0IJ@JOAPGEHK@?5?5?5?5package?5ti?4sdo?4ce?4osal?5?$CIC?3?1W@ 00012dd0     video_encode_io1_omap3530_exe.ov4TCE
 0001:00001e60       ??_C@_0GL@HPMFJBFE@?5?5?5?5package?5ti?4platforms?4evm3530@ 00012e60     video_encode_io1_omap3530_exe.ov4TCE
 0001:00001ed0       ??_C@_0GG@MNBFFCJO@?5?5?5?5package?5ti?4catalog?4c6000?5?$CIC?3@ 00012ed0     video_encode_io1_omap3530_exe.ov4TCE
 0001:00001f38       ??_C@_0FH@KMNKILMC@?5?5?5?5package?5ti?4catalog?5?$CIC?3?1TITOO@ 00012f38     video_encode_io1_omap3530_exe.ov4TCE
 0001:00001f90       ??_C@_0GC@KDPFGPHO@?5?5?5?5package?5ti?4catalog?4arm?5?$CIC?3?1T@ 00012f90     video_encode_io1_omap3530_exe.ov4TCE
 0001:00001ff8       ??_C@_0JD@LOBOMGAH@?5?5?5?5package?5ti?4sdo?4fc?4acpy3?5?$CIC?3?1@ 00012ff8     video_encode_io1_omap3530_exe.ov4TCE
 0001:00002090       ??_C@_0JJ@BNGKDEIA@?5?5?5?5package?5ti?4sdo?4fc?4memutils?5?$CI@ 00013090     video_encode_io1_omap3530_exe.ov4TCE
 0001:00002130       ??_C@_0JD@DFMBBBGH@?5?5?5?5package?5ti?4sdo?4fc?4dman3?5?$CIC?3?1@ 00013130     video_encode_io1_omap3530_exe.ov4TCE
 0001:000021c8       ??_C@_0JF@CCFGILMB@?5?5?5?5package?5ti?4sdo?4fc?4global?5?$CIC?3@ 000131c8     video_encode_io1_omap3530_exe.ov4TCE
 0001:00002260       ??_C@_0IJ@DDLAGKJF@?5?5?5?5package?5ti?4sdo?4ce?4node?5?$CIC?3?1W@ 00013260     video_encode_io1_omap3530_exe.ov4TCE
 0001:000022f0       ??_C@_0HI@CHDJFPEG@?5?5?5?5package?5ti?4xdais?5?$CIC?3?1WINCE60@ 000132f0     video_encode_io1_omap3530_exe.ov4TCE
 0001:00002368       ??_C@_0JD@KNOEMAAE@?5?5?5?5package?5ti?4sdo?4ce?4utils?4xdm?5@ 00013368     video_encode_io1_omap3530_exe.ov4TCE
 0001:00002400       ??_C@_0HM@CGBOAEAF@?5?5?5?5package?5ti?4xdais?4dm?5?$CIC?3?1WINC@ 00013400     video_encode_io1_omap3530_exe.ov4TCE
 0001:00002480       ??_C@_0JJ@IMOPLEF@?5?5?5?5package?5ti?4sdo?4utils?4trace?5?$CI@ 00013480     video_encode_io1_omap3530_exe.ov4TCE
 0001:00002520       ??_C@_0IO@FLNGHCCH@?5?5?5?5package?5ti?4bios?4power?5?$CIC?3?1WI@ 00013520     video_encode_io1_omap3530_exe.ov4TCE
 0001:000025b0       ??_C@_0JH@PNBBEMI@?5?5?5?5package?5ti?4sdo?4winceutils?4cm@ 000135b0     video_encode_io1_omap3530_exe.ov4TCE
 0001:00002648       ??_C@_0HF@IILEBFOE@?5?5?5?5package?5dsplink?4gpp?5?$CIC?3?1WINC@ 00013648     video_encode_io1_omap3530_exe.ov4TCE
 0001:000026c0       ??_C@_0IN@OJHFBEHO@?5?5?5?5package?5ti?4sdo?4ce?4global?5?$CIC?3@ 000136c0     video_encode_io1_omap3530_exe.ov4TCE
 0001:00002750       ??_C@_0JL@LHFPAIEM@?5?5?5?5package?5ti?4sdo?4codecs?4deinte@ 00013750     video_encode_io1_omap3530_exe.ov4TCE
 0001:000027f0       ??_C@_0JD@LFBBBKAC@?5?5?5?5package?5ti?4sdo?4codecs?4mpeg4e@ 000137f0     video_encode_io1_omap3530_exe.ov4TCE
 0001:00002888       ??_C@_0JD@IDDFJGOP@?5?5?5?5package?5ti?4sdo?4codecs?4mpeg2d@ 00013888     video_encode_io1_omap3530_exe.ov4TCE
 0001:00002920       ??_C@_0JB@EDIDFFGA@?5?5?5?5package?5ti?4sdo?4codecs?4jpegen@ 00013920     video_encode_io1_omap3530_exe.ov4TCE
 0001:000029b8       ??_C@_0JB@LENKKGDE@?5?5?5?5package?5ti?4sdo?4codecs?4jpegde@ 000139b8     video_encode_io1_omap3530_exe.ov4TCE
 0001:00002a50       ??_C@_0JB@PFHJAEGO@?5?5?5?5package?5ti?4sdo?4codecs?4h264en@ 00013a50     video_encode_io1_omap3530_exe.ov4TCE
 0001:00002ae8       ??_C@_0JB@IMGHGHBP@?5?5?5?5package?5ti?4sdo?4codecs?4g711en@ 00013ae8     video_encode_io1_omap3530_exe.ov4TCE
 0001:00002b80       ??_C@_0JB@HLDOJEEL@?5?5?5?5package?5ti?4sdo?4codecs?4g711de@ 00013b80     video_encode_io1_omap3530_exe.ov4TCE
 0001:00002c18       ??_C@_0JD@GIIBOCCK@?5?5?5?5package?5ti?4sdo?4codecs?4aached@ 00013c18     video_encode_io1_omap3530_exe.ov4TCE
 0001:00002cb0       ??_C@_0HI@CBOLFKGC@?5?5?5?5package?5microsoft?4targets?4ar@ 00013cb0     video_encode_io1_omap3530_exe.ov4TCE
 0001:00002d28       __ASM__                    00013d28     video_encode_io1_omap3530_exe.ov4TCE
 0001:00002df4       __ISA__                    00013df4     video_encode_io1_omap3530_exe.ov4TCE
 0001:00002e08       __PLAT__                   00013e08     video_encode_io1_omap3530_exe.ov4TCE
 0001:00002e2c       __TARG__                   00013e2c     video_encode_io1_omap3530_exe.ov4TCE
 0001:00002e58       ??_C@_08EDLPOAIP@CE_TRACE?$AA@ 00013e58     video_encode_io1_omap3530_exe.ov4TCE
 0001:00002e64       ??_C@_03LFCLGGIM@?$CK?$CL7?$AA@ 00013e64     video_encode_io1_omap3530_exe.ov4TCE
 0001:00002e68       ??_C@_08GGNNOHFG@CE_CHECK?$AA@ 00013e68     video_encode_io1_omap3530_exe.ov4TCE
 0001:00002e74       ??_C@_0CK@LEGFDBOF@?$CK?$CL01234567?0CE?93?0GT_time?$DN0?0GT_pre@ 00013e74     video_encode_io1_omap3530_exe.ov4TCE
 0001:00002ea0       ??_C@_0CF@MLKDEFPI@?$CK?$CL01234567?0GT_prefix?$DN12345?0GT_ti@ 00013ea0     video_encode_io1_omap3530_exe.ov4TCE
 0001:00002ec8       ??_C@_0FG@OMGCGKKB@?$CK?$CL01234567?0CE?93?0ti?4sdo?4ce?4osal?4S@ 00013ec8     video_encode_io1_omap3530_exe.ov4TCE
 0001:00002f20       ??_C@_0EO@KFBBILMI@?$CK?$CL01234567?0CR?$DN67?0ti?4sdo?4fc?4dman3@ 00013f20     video_encode_io1_omap3530_exe.ov4TCE
 0001:00002f70       ??_C@_0CD@MDCEONOA@?$CK?$CL67?0CE?93?0GT_time?$DN0?0GT_prefix?$DN12@ 00013f70     video_encode_io1_omap3530_exe.ov4TCE
 0001:00002f94       ??_C@_0BO@DELMIHJO@?$CK?$CL67?0GT_prefix?$DN1235?0GT_time?$DN3?$AA@ 00013f94     video_encode_io1_omap3530_exe.ov4TCE
 0001:00002fb4       ??_C@_08KKIBLLCI@CE_DEBUG?$AA@ 00013fb4     video_encode_io1_omap3530_exe.ov4TCE
 0001:00002fc0       ??_C@_0BC@LGCPDJEE@universal_stubs?4c?$AA@ 00013fc0     universal:universal_stubs.ov4TCE
 0001:00002fd4       ??_C@_0CC@PGFGHOKK@assertion?5violation?3?5?$CFs?0?5line?5?$CFd@ 00013fd4     universal:universal_stubs.ov4TCE
 0001:00002ff8       ??_C@_0EM@NKCBAILD@process?$DO?5invalid?5arguments?5?9?5too@ 00013ff8     universal:universal_stubs.ov4TCE
 0001:00003044       ??_C@_06KDGMKJOD@inArgs?$AA@ 00014044     universal:universal_stubs.ov4TCE
 0001:0000304c       ??_C@_07FANKMMKE@outArgs?$AA@ 0001404c     universal:universal_stubs.ov4TCE
 0001:00003054       ??_C@_07ILGPOEPK@outBufs?$AA@ 00014054     universal:universal_stubs.ov4TCE
 0001:0000305c       ??_C@_0DH@GMOMDFMG@ERROR?$DO?5codec?5?$CI0x?$CFx?$CJ?5modified?5rea@ 0001405c     universal:universal_stubs.ov4TCE
 0001:00003094       ??_C@_02DKCKIIND@?$CFs?$AA@ 00014094     universal:universal.ov4TCE
 0001:00003098       ??_C@_0DM@EPLBNJIH@ERROR?$DO?5codec?5?$CI0x?$CFx?$CJ?5modified?5rea@ 00014098     universal:universal.ov4TCE
 0001:000030d4       ??_C@_0DK@PCBOMHHO@ERROR?$DO?5codec?5?$CI0x?$CFx?$CJ?5modified?5rea@ 000140d4     universal:universal.ov4TCE
 0001:00003110       ??_C@_06DJIHEMFI@status?$AA@ 00014110     universal:universal.ov4TCE
 0001:00003118       ??_C@_09PJPAJAED@dynParams?$AA@ 00014118     universal:universal.ov4TCE
 0001:00003124       Buffer_Memory_Params_DEFAULT 00014124     dmai_wince_omap3530:Buffer.o3530.ov4TCE
 0001:00003134       Buffer_Attrs_DEFAULT       00014134     dmai_wince_omap3530:Buffer.o3530.ov4TCE
 0001:0000314c       ??_C@_0DG@GKEDICIC@?$FLBuffer?$FN?5Alloc?5Buffer?5of?5size?5?$CFu@ 0001414c     dmai_wince_omap3530:Buffer.o3530.ov4TCE
 0001:00003184       ??_C@_0BM@MFONBCKH@Failed?5to?5allocate?5memory?4?6?$AA@ 00014184     dmai_wince_omap3530:Buffer.o3530.ov4TCE
 0001:000031a0       ??_C@_0DF@JIJLNEFJ@?$FLBuffer?$FN?5Failed?5to?5allocate?5spac@ 000141a0     dmai_wince_omap3530:Buffer.o3530.ov4TCE
 0001:000031d8       ??_C@_0CD@HNKEDEPJ@?$FLBuffer?$FN?5Unknown?5Buffer?5type?5?$CI?$CFd@ 000141d8     dmai_wince_omap3530:Buffer.o3530.ov4TCE
 0001:000031fc       ??_C@_0BN@COMBEICF@?$FLBuffer?$FN?5Must?5provide?5attrs?6?$AA@ 000141fc     dmai_wince_omap3530:Buffer.o3530.ov4TCE
 0001:0000321c       ??_C@_0DE@NMBPOEGM@?$FLBuffer?$FN?5Failed?5to?5create?5new?5Bu@ 0001421c     dmai_wince_omap3530:Buffer.o3530.ov4TCE
 0001:00003250       ??_C@_0DM@EDDKKOJD@?7Width?5?$CFd?5?$CI?$CFd?$CJ?5Height?5?$CFd?5?$CI?$CFd?$CJ?5Po@ 00014250     dmai_wince_omap3530:Buffer.o3530.ov4TCE
 0001:0000328c       ??_C@_0CF@JMAGMGAD@?7Width?5?$CFd?0?5Height?5?$CFd?0?5LineLength@ 0001428c     dmai_wince_omap3530:Buffer.o3530.ov4TCE
 0001:000032b8       ??_C@_0EB@HHOCHFIL@?$FL?$CFd?$FN?5?$EA?50x?$CFx?5?$CI0x?$CFx?5phys?$CJ?5numBytes@ 000142b8     dmai_wince_omap3530:Buffer.o3530.ov4TCE
 0001:000032fc       ??_C@_02KAJCLHKP@no?$AA@   000142fc     dmai_wince_omap3530:Buffer.o3530.ov4TCE
 0001:00003300       ??_C@_03ICICOMAL@yes?$AA@  00014300     dmai_wince_omap3530:Buffer.o3530.ov4TCE
 0001:00003304       ??_C@_0DA@KPPANOB@?$FLBuffer?$FN?5Set?5user?5pointer?50x?$CFx?5?$CI@ 00014304     dmai_wince_omap3530:Buffer.o3530.ov4TCE
 0001:00003334       ??_C@_0DF@IFGFNLAH@?$FLBuffer?$FN?5Free?5Buffer?5of?5size?5?$CFu?5@ 00014334     dmai_wince_omap3530:Buffer.o3530.ov4TCE
 0001:0000336c       BufferGfx_Attrs_DEFAULT    0001436c     dmai_wince_omap3530:BufferGfx.o3530.ov4TCE
 0001:0000339c       Time_Attrs_DEFAULT         0001439c     dmai_wince_omap3530:Time.o3530.ov4TCE
 0001:000033a0       ??_C@_0DB@MAHOHLKJ@?$FLTime?$FN?5Failed?5to?5allocate?5space?5@ 000143a0     dmai_wince_omap3530:Time.o3530.ov4TCE
 0001:000033d4       ??_C@_0CM@LHEHPCPO@?$FLTime?$FN?5Performance?5Frequency?5not@ 000143d4     dmai_wince_omap3530:Time.o3530.ov4TCE
 0001:00003400       ??_C@_0CB@DLALAJDG@?$FLTime?$FN?5NULL?5attrs?5not?5supported?6@ 00014400     dmai_wince_omap3530:Time.o3530.ov4TCE
 0001:00003424       ??_C@_0CK@FFPMJDIH@?$FLTime?$FN?5Performance?5Counter?5not?5s@ 00014424     dmai_wince_omap3530:Time.o3530.ov4TCE
 0001:00003450       ??_C@_0DC@PBCLDBJO@?$FLBufTab?$FN?5Failed?5to?5allocate?5buff@ 00014450     dmai_wince_omap3530:BufTab.o3530.ov4TCE
 0001:00003484       ??_C@_0CL@MLDHOEKJ@?$FLBufTab?$FN?5Failed?5to?5allocate?5BufT@ 00014484     dmai_wince_omap3530:BufTab.o3530.ov4TCE
 0001:000034b0       ??_C@_0DG@JAIBGHOP@?$FLBufTab?$FN?5Failed?5to?5allocate?5spac@ 000144b0     dmai_wince_omap3530:BufTab.o3530.ov4TCE
 0001:000034e8       ??_C@_0CL@CCHAELDI@?$FLBufTab?$FN?5Allocating?5BufTab?5for?5?$CF@ 000144e8     dmai_wince_omap3530:BufTab.o3530.ov4TCE
 0001:00003514       ??_C@_0DF@JHGMKOGM@?$FLBufTab?$FN?5Failed?5to?5allocate?5spac@ 00014514     dmai_wince_omap3530:BufTab.o3530.ov4TCE
 0001:0000354c       ??_C@_0BN@DOOKBPNJ@?$FLBufTab?$FN?5Must?5provide?5attrs?6?$AA@ 0001454c     dmai_wince_omap3530:BufTab.o3530.ov4TCE
 0001:0000356c       ??_C@_0CB@KBHNFEDF@?$FLBufTab?$FN?5Failed?5to?5clone?5buffer?6@ 0001456c     dmai_wince_omap3530:BufTab.o3530.ov4TCE
 0001:00003590       ??_C@_0ED@PFANGGGL@?$FLBufTab?$FN?5New?5chunked?5BufTab?5has?5@ 00014590     dmai_wince_omap3530:BufTab.o3530.ov4TCE
 0001:000035d4       ??_C@_0CL@KEFCLOFI@?$FLBufTab?$FN?5Failed?5to?5allocate?5Buff@ 000145d4     dmai_wince_omap3530:BufTab.o3530.ov4TCE
 0001:00003600       ??_C@_0GD@JHAELMCB@?$FLBufTab?$FN?5Trying?5to?5chunk?5BufTab?5@ 00014600     dmai_wince_omap3530:BufTab.o3530.ov4TCE
 0001:00003664       ??_C@_0DE@IFEHFJCC@?$FLBufTab?$FN?5BufTab?5already?5chunked?0@ 00014664     dmai_wince_omap3530:BufTab.o3530.ov4TCE
 0001:00003698       ??_C@_01EEMJAFIK@?6?$AA@   00014698     dmai_wince_omap3530:BufTab.o3530.ov4TCE
 0001:0000369c       ??_C@_08JEDFIFKD@BufTab?3?6?$AA@ 0001469c     dmai_wince_omap3530:BufTab.o3530.ov4TCE
 0001:000036a8       Venc1_Params_DEFAULT       000146a8     dmai_wince_omap3530:Venc1.o3530.ov4TCE
 0001:000036d8       Venc1_DynamicParams_DEFAULT 000146d8     dmai_wince_omap3530:Venc1.o3530.ov4TCE
 0001:00003708       ??_C@_0DM@CIDAIPLA@?$FLVenc1?$FN?5VIDENC1_process?$CI?$CJ?5failed@ 00014708     dmai_wince_omap3530:Venc1.o3530.ov4TCE
 0001:00003748       ??_C@_0EG@CHHBGMAP@?$FLVenc1?$FN?5VIDENC1_process?$CI?$CJ?5ret?5?$CFd@ 00014748     dmai_wince_omap3530:Venc1.o3530.ov4TCE
 0001:00003790       ??_C@_0DC@DEJFKNAP@?$FLVenc1?$FN?5Unsupported?5color?5format@ 00014790     dmai_wince_omap3530:Venc1.o3530.ov4TCE
 0001:000037c4       ??_C@_0CH@DDPHMOJI@?$FLVenc1?$FN?5XDM_GETBUFINFO?5control?5f@ 000147c4     dmai_wince_omap3530:Venc1.o3530.ov4TCE
 0001:000037ec       ??_C@_0CJ@NOIHGEBP@?$FLVenc1?$FN?5Made?5XDM_SETPARAMS?5contr@ 000147ec     dmai_wince_omap3530:Venc1.o3530.ov4TCE
 0001:00003818       ??_C@_0CJ@GLOABBHK@?$FLVenc1?$FN?5XDM_SETPARAMS?5failed?0?5st@ 00014818     dmai_wince_omap3530:Venc1.o3530.ov4TCE
 0001:00003844       ??_C@_0DB@ILAMGLBE@?$FLVenc1?$FN?5Setting?5dynParams?5size?5?$CF@ 00014844     dmai_wince_omap3530:Venc1.o3530.ov4TCE
 0001:00003878       ??_C@_0DK@DNGBMHDA@?$FLVenc1?$FN?5Failed?5to?5open?5video?5enc@ 00014878     dmai_wince_omap3530:Venc1.o3530.ov4TCE
 0001:000038b8       ??_C@_0EC@JALABBMP@?$FLVenc1?$FN?5Creating?5encoder?5?$CFs?5for?5@ 000148b8     dmai_wince_omap3530:Venc1.o3530.ov4TCE
 0001:000038fc       ??_C@_0DD@NDBAOLAG@?$FLVenc1?$FN?5Failed?5to?5allocate?5space@ 000148fc     dmai_wince_omap3530:Venc1.o3530.ov4TCE
 0001:00003930       ??_C@_0EL@ECGICODK@?$FLVenc1?$FN?5Cannot?5pass?5null?5for?5eng@ 00014930     dmai_wince_omap3530:Venc1.o3530.ov4TCE
 0001:0000397c       ??_C@_0CC@JPMPHAJI@?$FLVenc1?$FN?5XDM_FLUSH?5control?5failed@ 0001497c     dmai_wince_omap3530:Venc1.o3530.ov4TCE
 0001:000039a0       ??_C@_08JMKICBHO@OMAP3530?$AA@ 000149a0     dmai_wince_omap3530:Cpu.o3530.ov4TCE
 0001:000039ac       ??_C@_06IGBDLBHE@DM6437?$AA@ 000149ac     dmai_wince_omap3530:Cpu.o3530.ov4TCE
 0001:000039b4       ??_C@_06IANIHDJP@DM6467?$AA@ 000149b4     dmai_wince_omap3530:Cpu.o3530.ov4TCE
 0001:000039bc       ??_C@_06JKEHJGLA@DM6446?$AA@ 000149bc     dmai_wince_omap3530:Cpu.o3530.ov4TCE
 0001:000039c4       ??_C@_05BIJIDIFM@DM355?$AA@ 000149c4     dmai_wince_omap3530:Cpu.o3530.ov4TCE
 0001:000039cc       Cpu_Attrs_DEFAULT          000149cc     dmai_wince_omap3530:Cpu.o3530.ov4TCE
 0001:000039d0       ??_C@_0CB@NHDJPBNG@?$FLCpu?$FN?5Failed?5to?5get?5device?5type?6@ 000149d0     dmai_wince_omap3530:Cpu.o3530.ov4TCE
 0001:000039f4       ??_C@_0CP@NHDOGHPA@?$FLCpu?$FN?5Failed?5to?5allocate?5space?5f@ 000149f4     dmai_wince_omap3530:Cpu.o3530.ov4TCE
 0001:00003a24       ??_C@_0CL@JMDJIKFL@?$FLDmai?$FN?5Using?5log?5level?5set?5by?5DM@ 00014a24     dmai_wince_omap3530:Dmai.o3530.ov4TCE
 0001:00003a50       ??_C@_0BN@KMGGCCEG@?$FLDmai?$FN?5Log?5level?5set?5to?5?$CFd?4?6?$AA@ 00014a50     dmai_wince_omap3530:Dmai.o3530.ov4TCE
 0001:00003a70       ??_C@_0BF@DAKMIKBG@ti?4sdo?4dmai?$DN01234567?$AA@ 00014a70     dmai_wince_omap3530:Dmai.o3530.ov4TCE
 0001:00003a88       ??_C@_0P@ENPDJHEE@ti?4sdo?4dmai?$DN67?$AA@ 00014a88     dmai_wince_omap3530:Dmai.o3530.ov4TCE
 0001:00003a98       ??_C@_0N@DNNMJFAF@ti?4sdo?4dmai?$DN?$AA@ 00014a98     dmai_wince_omap3530:Dmai.o3530.ov4TCE
 0001:00003aa8       ??_C@_0CC@PFCAMFLO@?$FLDmai?$FN?5Dmai?5log?5level?5set?5to?5?$CFd?4@ 00014aa8     dmai_wince_omap3530:Dmai.o3530.ov4TCE
 0001:00003acc       ??_C@_0M@FMGIJOHE@ti?4sdo?4dmai?$AA@ 00014acc     dmai_wince_omap3530:Dmai.o3530.ov4TCE
 0001:00003ad8       ??_C@_00CNPNBAHC@?$AA@     00014ad8     dmai_wince_omap3530:getopt_long.o3530.ov4TCE
 0001:00003b98       ??_C@_0CI@KKHMLDBE@?$FLVideoStd?$FN?5Unknown?5video?5standar@ 00014b98     dmai_wince_omap3530:VideoStd.o3530.ov4TCE
 0001:00003bc0       ??_C@_0CO@EKKFKKEA@?$FLColorSpace?$FN?5Unknown?5color?5space@ 00014bc0     dmai_wince_omap3530:ColorSpace.o3530.ov4TCE
 0001:00003bf0       ??_C@_0BA@LKGFJPFF@imgdec1_stubs?4c?$AA@ 00014bf0     imgdec1:imgdec1_stubs.ov4TCE
 0001:00003c00       ??_C@_0EE@JICPFPIG@ERROR?$DO?5codec?5?$CI0x?$CFx?$CJ?5modified?5rea@ 00014c00     imgdec1:imgdec1.ov4TCE
 0001:00003c44       ??_C@_0BA@BGGBOCNO@imgenc1_stubs?4c?$AA@ 00014c44     imgenc1:imgenc1_stubs.ov4TCE
 0001:00003c54       ??_C@_0BA@MPICDNEK@viddec2_stubs?4c?$AA@ 00014c54     viddec2:viddec2_stubs.ov4TCE
 0001:00003c68       ??_C@_0FB@IHKLOIJJ@ERROR?$DO?5app?5provided?5codec?5?$CI0x?$CFx?$CJ@ 00014c68     viddec2:viddec2_stubs.ov4TCE
 0001:00003cbc       ??_C@_0DM@HJDCOEFC@ERROR?$DO?5codec?5?$CI0x?$CFx?$CJ?5received?5inv@ 00014cbc     viddec2:viddec2.ov4TCE
 0001:00003cf8       ??_C@_0BA@IILBPLMC@videnc1_stubs?4c?$AA@ 00014cf8     videnc1:videnc1_stubs.ov4TCE
 0001:00003d08       ??_C@_0DC@HDCGCLCJ@VIDENC1_control?$DO?5Exit?5?$CIhandle?$DN0x@ 00014d08     videnc1:videnc1.ov4TCE
 0001:00003d3c       ??_C@_0BA@DAKHOIPA@VIDENC1?3control?$AA@ 00014d3c     videnc1:videnc1.ov4TCE
 0001:00003d50       ??_C@_0GB@JOPAEPOI@VIDENC1_control?$DO?5Enter?5?$CIhandle?$DN0@ 00014d50     videnc1:videnc1.ov4TCE
 0001:00003db4       ??_C@_0BP@HCFCJOEA@VIDENC1_create?$DO?5return?5?$CI0x?$CFx?$CJ?6?$AA@ 00014db4     videnc1:videnc1.ov4TCE
 0001:00003dd4       ??_C@_0DN@LKKHFMDB@VIDENC1_create?$DO?5Enter?5?$CIengine?$DN0x@ 00014dd4     videnc1:videnc1.ov4TCE
 0001:00003e14       ??_C@_0BJ@NKIIJJLO@ti?4sdo?4ce?4video1?4VIDENC1?$AA@ 00014e14     videnc1:videnc1.ov4TCE
 0001:00003e30       ??_C@_0BI@CCDGHKDL@VIDENC1_delete?$DO?5return?6?$AA@ 00014e30     videnc1:videnc1.ov4TCE
 0001:00003e48       ??_C@_0CF@IJLMKJDE@VIDENC1_delete?$DO?5Enter?5?$CIhandle?$DN0x@ 00014e48     videnc1:videnc1.ov4TCE
 0001:00003e70       ??_C@_0DC@MBEHODOO@VIDENC1_process?$DO?5Exit?5?$CIhandle?$DN0x@ 00014e70     videnc1:videnc1.ov4TCE
 0001:00003ea4       ??_C@_0BA@MIKOIAKN@VIDENC1?3process?$AA@ 00014ea4     videnc1:videnc1.ov4TCE
 0001:00003eb8       ??_C@_0FM@POHCCFHF@VIDENC1_process?$DO?5Enter?5?$CIhandle?$DN0@ 00014eb8     videnc1:videnc1.ov4TCE
 0001:00003f14       ??_C@_0BA@DOPMHGAJ@auddec1_stubs?4c?$AA@ 00014f14     auddec1:auddec1_stubs.ov4TCE
 0001:00003f24       ??_C@_0BA@EGAJECFC@sphdec1_stubs?4c?$AA@ 00014f24     sphdec1:sphdec1_stubs.ov4TCE
 0001:00003f34       ??_C@_0BA@OKANDPNJ@sphenc1_stubs?4c?$AA@ 00014f34     sphenc1:sphenc1_stubs.ov4TCE
 0001:00003f44       ??_C@_0CB@GOEMOEMH@Engine_ctrlNode?$DO?5Returning?50x?$CFx?6@ 00014f44     ce:Engine.ov4TCE
 0001:00003f68       ??_C@_0CE@OMDNIMFA@Engine_ctrlNode?$CI0x?$CFlx?0?50x?$CFx?0?50x?$CF@ 00014f68     ce:Engine.ov4TCE
 0001:00003f8c       ??_C@_08HPIBKOPK@Engine?4c?$AA@ 00014f8c     ce:Engine.ov4TCE
 0001:00003f98       ??_C@_0BN@EBNFOHFN@Engine?5freeServerTab?$CI?$CJ?5exit?6?$AA@ 00014f98     ce:Engine.ov4TCE
 0001:00003fb8       ??_C@_0DD@BJEAMLFJ@Engine?5freeServerTab?$CI?$CJ?5engine?9?$DOn@ 00014fb8     ce:Engine.ov4TCE
 0001:00003fec       ??_C@_0CE@CBPGMIAI@Engine?5freeServerTab?$CI?$CJ?5enter?$CI0x?$CF@ 00014fec     ce:Engine.ov4TCE
 0001:00004010       ??_C@_0DI@LGEEKCIG@?5?5?5engine?3?5major?5?$DN?5?$CFd?0?5source?5ke@ 00015010     ce:Engine.ov4TCE
 0001:00004048       ??_C@_0DI@CAMKLEDE@?5?5?5server?3?5major?5?$DN?5?$CFd?0?5source?5ke@ 00015048     ce:Engine.ov4TCE
 0001:00004080       ??_C@_0CJ@FMALIMGN@getServerKey?$CI0x?$CFlx?$CJ?5protocol?5mis@ 00015080     ce:Engine.ov4TCE
 0001:000040ac       ??_C@_0BL@JKIALMLF@rserverClose?$CI0x?$CFlx?$CJ?5done?4?6?$AA@ 000150ac     ce:Engine.ov4TCE
 0001:000040c8       ??_C@_0CB@MFALMDED@rserverClose?$CI0x?$CFlx?$CJ?0?5count?5?$DN?5?$CFd?6@ 000150c8     ce:Engine.ov4TCE
 0001:000040ec       ??_C@_0CA@PJLDBPPN@rserverOpen?$CI?8?$CFs?8?$CJ?3?50x?$CFlx?5done?4?6?$AA@ 000150ec     ce:Engine.ov4TCE
 0001:0000410c       ??_C@_0DF@MBBNMIMB@rserverOpen?3?5can?8t?5start?5?8?$CFs?8?$DL?5?8@ 0001510c     ce:Engine.ov4TCE
 0001:00004144       ??_C@_0DI@DAGHACEB@rserverOpen?3?5can?8t?5start?5?8?$CFs?8?$DL?5P@ 00015144     ce:Engine.ov4TCE
 0001:0000417c       ??_C@_0BP@DFBNCMGH@rserverOpen?$CI?8?$CFs?8?$CJ?0?5count?5?$DN?5?$CFd?6?$AA@ 0001517c     ce:Engine.ov4TCE
 0001:0000419c       ??_C@_0CB@NAGMIKEH@Engine_getNumServerAlgs?5exit?5?$CFd?6@ 0001519c     ce:Engine.ov4TCE
 0001:000041c0       ??_C@_0DE@JNGEBAIL@Engine_getNumServerAlgs?5number?5o@ 000151c0     ce:Engine.ov4TCE
 0001:000041f4       ??_C@_0DL@LMNHIBLI@Engine_getNumServerAlgs?$DO?5interna@ 000151f4     ce:Engine.ov4TCE
 0001:00004230       ??_C@_0DI@NLJJCDGB@Engine_getNumServerAlgs?$DO?5Engine?5@ 00015230     ce:Engine.ov4TCE
 0001:00004268       ??_C@_0CG@MHCLDPEH@Engine_getNumServerAlgs?$CI0x?$CFlx?50x@ 00015268     ce:Engine.ov4TCE
 0001:00004290       ??_C@_0GB@MDBFFHPB@Engine_deleteNode?$CI0x?$CFx?$CJ?3?5algName@ 00015290     ce:Engine.ov4TCE
 0001:000042f4       ??_C@_0BK@MPJEFPPO@Engine_deleteNode?$CI0x?$CFlx?$CJ?6?$AA@ 000152f4     ce:Engine.ov4TCE
 0001:00004310       ??_C@_0CN@NIMLILBB@Engine_initFromServer?5engine?9?$DOse@ 00015310     ce:Engine.ov4TCE
 0001:00004340       ??_C@_0EB@KEKEJJMC@Engine_initFromServer?$DO?5Memory?5al@ 00015340     ce:Engine.ov4TCE
 0001:00004384       ??_C@_0DC@DBENNEAN@Engine_initFromServer?$DO?5Memory?5al@ 00015384     ce:Engine.ov4TCE
 0001:000043b8       ??_C@_0EL@EJCKAJHH@Engine_initFromServer?$DO?5WARNING?5C@ 000153b8     ce:Engine.ov4TCE
 0001:00004408       ??_C@_0FK@PJAMLNNO@Engine_initFromServer?$DO?5failed?5to@ 00015408     ce:Engine.ov4TCE
 0001:00004468       ??_C@_0MA@FKCEAGHG@Engine_initFromServer?$DO?5WARNING?3?5@ 00015468     ce:Engine.ov4TCE
 0001:00004528       ??_C@_0IP@EKGKDKLC@Engine_initFromServer?$DO?5Warning?3?5@ 00015528     ce:Engine.ov4TCE
 0001:000045b8       ??_C@_0EA@JGLEBDAL@Engine_initFromServer?$DO?5Sending?5R@ 000155b8     ce:Engine.ov4TCE
 0001:000045f8       ??_C@_0DJ@DPEILMLN@Engine_initFromServer?$DO?5internal?5@ 000155f8     ce:Engine.ov4TCE
 0001:00004638       ??_C@_0EM@EBLGDOJE@Engine_initFromServer?$DO?5Initializ@ 00015638     ce:Engine.ov4TCE
 0001:00004688       ??_C@_0ED@KHNHNAJD@Engine_initFromServer?$DO?5Failed?5to@ 00015688     ce:Engine.ov4TCE
 0001:000046d0       ??_C@_0EK@OFGAJCNB@Engine_initFromServer?$DO?5Allocatin@ 000156d0     ce:Engine.ov4TCE
 0001:00004720       ??_C@_0GA@FDOJDIEI@Engine_initFromServer?$DO?5Number?5of@ 00015720     ce:Engine.ov4TCE
 0001:00004780       ??_C@_0FC@PHMCCFFH@Engine_initFromServer?$DO?5Number?5of@ 00015780     ce:Engine.ov4TCE
 0001:000047d8       ??_C@_0EA@FFLJGNGN@Engine_initFromServer?$DO?5Server?5ha@ 000157d8     ce:Engine.ov4TCE
 0001:00004818       ??_C@_0EK@MKLMFNOC@Engine_initFromServer?$DO?5Failed?5to@ 00015818     ce:Engine.ov4TCE
 0001:00004864       ??_C@_0CF@FFHLHKOB@Engine_initFromServer?$DO?5Returning@ 00015864     ce:Engine.ov4TCE
 0001:0000488c       ??_C@_0BO@BMDJGNBA@Engine_initFromServer?$CI0x?$CFlx?$CJ?6?$AA@ 0001588c     ce:Engine.ov4TCE
 0001:000048ac       ??_C@_0CK@PABEOIDI@Engine_fwriteTrace?$DO?5returning?5co@ 000158ac     ce:Engine.ov4TCE
 0001:000048d8       ??_C@_0NL@JDFLOEMI@?5?$FLARM?$FN?5WARNING?3?5lost?5?$CFd?5characte@ 000158d8     ce:Engine.ov4TCE
 0001:000049b8       ??_C@_0EM@DFKAGGPB@Engine_fwriteTrace?$DO?5got?5?$CFd?5chars@ 000159b8     ce:Engine.ov4TCE
 0001:00004a04       ??_C@_0DG@JCOOLCPA@Engine_fwriteTrace?$CI?$CJ?3?5requesting@ 00015a04     ce:Engine.ov4TCE
 0001:00004a3c       ??_C@_0CD@NMGMAFFC@Engine_fwriteTrace?$DO?5Engine?5in?5us@ 00015a3c     ce:Engine.ov4TCE
 0001:00004a60       ??_C@_0CK@CEOEOCNE@Engine_fwriteTrace?$DO?5Engine?5has?5n@ 00015a60     ce:Engine.ov4TCE
 0001:00004a8c       ??_C@_0CI@OGHLOPJE@Engine_fwriteTrace?$CI0x?$CFlx?0?5?8?$CFs?8?0?5@ 00015a8c     ce:Engine.ov4TCE
 0001:00004ab8       ??_C@_0GG@OBOMDHPK@Engine_init?$DO?5Descriptor?5for?5engi@ 00015ab8     ce:Engine.ov4TCE
 0001:00004b20       ??_C@_0FL@HFCNFMEL@Engine_init?$DO?5CE?5debugging?5on?5?$CICE@ 00015b20     ce:Engine.ov4TCE
 0001:00004b7c       ??_C@_02PPGMKODE@CE?$AA@   00015b7c     ce:Engine.ov4TCE
 0001:00004b80       ??_C@_0BN@FMJCBGBK@Engine_setTrace?$DO?5return?$CI?$CFd?$CJ?6?$AA@ 00015b80     ce:Engine.ov4TCE
 0001:00004ba0       ??_C@_0CP@KFOJFAHC@Engine_setTrace?$DO?5Requesting?5DSP?5@ 00015ba0     ce:Engine.ov4TCE
 0001:00004bd0       ??_C@_0EO@JEONFKHM@Engine_setTrace?$DO?5Warning?3?5server@ 00015bd0     ce:Engine.ov4TCE
 0001:00004c20       ??_C@_0DA@EDLJELOM@Engine_setTrace?$DO?5Enter?$CIengine?$DN0x@ 00015c20     ce:Engine.ov4TCE
 0001:00004c50       ??_C@_0DM@KMFEMDID@Engine?$DO?5allocNode?$CI?$CJ?4?5Calling?5Com@ 00015c50     ce:Engine.ov4TCE
 0001:00004c8c       ??_C@_0DL@PCGFNNEM@Engine?$DO?5allocNode?$CI?$CJ?4?5Calling?5?$CICo@ 00015c8c     ce:Engine.ov4TCE
 0001:00004cc8       ??_C@_0BD@JCJFIPPH@gppfromnode_?$CFlu_?$CFu?$AA@ 00015cc8     ce:Engine.ov4TCE
 0001:00004cdc       ??_C@_0DC@BKMNDAAK@Engine?$DO?5allocNode?5Enter?$CIengine?$DN0@ 00015cdc     ce:Engine.ov4TCE
 0001:00004d10       ??_C@_0DJ@HNNPFGIK@checkServer?$CI0x?$CFlx?$CJ?5failed?3?5serve@ 00015d10     ce:Engine.ov4TCE
 0001:00004d4c       ??_C@_0BE@MDMEOMF@checkServer?$CI0x?$CFlx?$CJ?6?$AA@ 00015d4c     ce:Engine.ov4TCE
 0001:00004d60       ??_C@_06JCNGPGEO@?$FLDSP?$FN?5?$AA@ 00015d60     ce:Engine.ov4TCE
 0001:00004d68       ??_C@_0BD@FDMDFDJA@Engine_close?5exit?6?$AA@ 00015d68     ce:Engine.ov4TCE
 0001:00004d7c       ??_C@_0BF@BHCGNIL@Engine_close?$CI0x?$CFlx?$CJ?6?$AA@ 00015d7c     ce:Engine.ov4TCE
 0001:00004d94       ??_C@_0CD@BPAJIFFD@Engine_createNode?$DO?5Returning?50x?$CF@ 00015d94     ce:Engine.ov4TCE
 0001:00004db8       ??_C@_0DI@HAKMPKOM@Engine_createNode?$DO?5FAILED?5to?5sen@ 00015db8     ce:Engine.ov4TCE
 0001:00004df0       ??_C@_0HB@ILCICFDN@Engine_createNode?$DO?5created?5node?$CI@ 00015df0     ce:Engine.ov4TCE
 0001:00004e64       ??_C@_0DA@IBLAMEL@Engine_createNode?$DO?5Remote?5start?5@ 00015e64     ce:Engine.ov4TCE
 0001:00004e94       ??_C@_0DI@PJHFKNBJ@Engine_createNode?$DO?5Remote?5node?5c@ 00015e94     ce:Engine.ov4TCE
 0001:00004ecc       ??_C@_0CM@HEFCOFEL@Engine_createNode?$DO?5Node?5allocati@ 00015ecc     ce:Engine.ov4TCE
 0001:00004ef8       ??_C@_0DF@PEOMEHGL@Engine_createNode?$DO?5internal?5erro@ 00015ef8     ce:Engine.ov4TCE
 0001:00004f30       ??_C@_0EO@FGMECAPO@Engine_createNode?$DO?5rms?5message?5s@ 00015f30     ce:Engine.ov4TCE
 0001:00004f80       ??_C@_0DJ@DCONEBAA@Engine_createNode?$CI0x?$CFlx?0?5?8?$CFs?8?0?5?$CF@ 00015f80     ce:Engine.ov4TCE
 0001:00004fbc       ??_C@_0CO@NKEADEP@rmsInit?$CI0x?$CFlx?$CJ?0?5setting?5DSP?5trac@ 00015fbc     ce:Engine.ov4TCE
 0001:00004ff0       ??_C@_0EM@BFBBBJHI@rmsInit?$DO?5RMS?5initialized?$CI0x?$CFlx?$CJ?$DL@ 00015ff0     ce:Engine.ov4TCE
 0001:0000503c       ??_C@_0N@JLDHEACM@CE_DSP0TRACE?$AA@ 0001603c     ce:Engine.ov4TCE
 0001:0000504c       ??_C@_04BDBAAKCN@rmsq?$AA@ 0001604c     ce:Engine.ov4TCE
 0001:00005054       ??_C@_09NMAIOBIO@?$CFs_?$CFlu_?$CFu?$AA@ 00016054     ce:Engine.ov4TCE
 0001:00005060       ??_C@_0BJ@DFJHKBMH@Engine_open?$DO?5return?$CI?$CFd?$CJ?6?$AA@ 00016060     ce:Engine.ov4TCE
 0001:00005080       ??_C@_0FN@COMIHKJD@Engine_open?$DO?5WARNING?3?5Unable?5to?5@ 00016080     ce:Engine.ov4TCE
 0001:000050e0       ??_C@_0CE@PKAINFMI@Engine_open?$DO?5engine?9?$DOserver?5?$DN?50x@ 000160e0     ce:Engine.ov4TCE
 0001:00005104       ??_C@_0CH@DNDFACBO@Engine_open?$DO?5Enter?$CI?8?$CFs?8?0?50x?$CFlx?0?5@ 00016104     ce:Engine.ov4TCE
 0001:0000512c       ??_C@_0DN@HELOJKNI@Engine_getConstName?$DO?5Unable?5to?5l@ 0001612c     ce:Engine.ov4TCE
 0001:0000516c       ??_C@_0CM@BMIICGHG@Engine_getFxns?$DO?5Unable?5to?5locate@ 0001616c     ce:Engine.ov4TCE
 0001:00005198       ??_C@_0CE@FFLBDGCP@Server_disconnectTrace?$DO?5return?$CI?$CF@ 00016198     ce:Server.ov4TCE
 0001:000051bc       ??_C@_08IAEJNEEH@Server?4c?$AA@ 000161bc     ce:Server.ov4TCE
 0001:000051c8       ??_C@_0CG@DIFMBCPL@Server_disconnectTrace?$CI?80x?$CFx?8?0?50@ 000161c8     ce:Server.ov4TCE
 0001:000051f0       ??_C@_0CM@DNAGGABE@Server_connectTrace?$DO?5token?$CI?$CFd?$CJ?0?5@ 000161f0     ce:Server.ov4TCE
 0001:0000521c       ??_C@_0CD@HEMDJIHD@Server_connectTrace?$CI?80x?$CFx?8?0?50x?$CFx@ 0001621c     ce:Server.ov4TCE
 0001:00005240       ??_C@_0CJ@BDBABDJM@Server_init?$DO?5Global_useLinkArbit@ 00016240     ce:Server.ov4TCE
 0001:0000526c       ??_C@_0P@EPMMBJDF@Server_init?$CI?$CJ?6?$AA@ 0001626c     ce:Server.ov4TCE
 0001:0000527c       ??_C@_02ODPEBLOD@CS?$AA@   0001627c     ce:Server.ov4TCE
 0001:00005280       ??_C@_0FB@PJLGAMJE@VISA_allocMsg?$DO?5FAILED?5to?5allocat@ 00016280     ce:visa.ov4TCE
 0001:000052d4       ??_C@_0DI@OLNBBGKP@VISA_allocMsg?$DO?5Allocating?5messag@ 000162d4     ce:visa.ov4TCE
 0001:00005310       ??_C@_0EI@ELILEMOO@VISA_call?5Completed?3?5messageId?$DN0@ 00016310     ce:visa.ov4TCE
 0001:00005358       ??_C@_0EA@BFJDNMAC@VISA_call?$CIvisa?$DN0x?$CFx?0?5msg?$DN0x?$CFx?$CJ?3?5@ 00016358     ce:visa.ov4TCE
 0001:00005398       ??_C@_0EA@PJPMEIHH@VISA_delete?$DO?5Engine_ctrlNode?5fai@ 00016398     ce:visa.ov4TCE
 0001:000053d8       ??_C@_0CC@LEIPDLGD@VISA_delete?$DO?5deleting?5codec?50x?$CFx@ 000163d8     ce:visa.ov4TCE
 0001:00005400       ??_C@_0EB@EOKHDEPG@VISA_delete?$DO?5deleting?5codec?5?$CIloc@ 00016400     ce:visa.ov4TCE
 0001:00005444       ??_C@_0BD@ILBNBIJP@VISA_delete?$CI0x?$CFx?$CJ?6?$AA@ 00016444     ce:visa.ov4TCE
 0001:00005458       ??_C@_0CP@CKFMIEGH@ThreadID?3?50x?$CFx?5codec?5handle?3?50x?$CF@ 00016458     ce:visa.ov4TCE
 0001:00005488       ??_C@_0CJ@POBGKDHB@VISA_enter?$CIvisa?$DN0x?$CFx?$CJ?3?5algHandle@ 00016488     ce:visa.ov4TCE
 0001:000054b4       ??_C@_0CC@CFABHIIN@Codec?5handle?3?50x?$CFx?5pre?9deactivat@ 000164b4     ce:visa.ov4TCE
 0001:000054d8       ??_C@_0CD@ECOIEMFA@Codec?5handle?3?50x?$CFx?5post?9deactiva@ 000164d8     ce:visa.ov4TCE
 0001:000054fc       ??_C@_0CI@JJJDIJNL@VISA_exit?$CIvisa?$DN0x?$CFx?$CJ?3?5algHandle?5@ 000164fc     ce:visa.ov4TCE
 0001:00005524       ??_C@_0CG@HOLEEMMM@VISA_freeMsg?$DO?5FAILED?5?$CINULL?5messa@ 00016524     ce:visa.ov4TCE
 0001:00005550       ??_C@_0EB@KLKCNLIG@VISA_freeMsg?$CI0x?$CFx?0?50x?$CFx?$CJ?3?5Freein@ 00016550     ce:visa.ov4TCE
 0001:00005594       ??_C@_0CK@CPOLBDOO@VISA_getMaxMsgSize?$CI0x?$CFx?$CJ?3?5return@ 00016594     ce:visa.ov4TCE
 0001:000055c0       ??_C@_0FI@NKIFJHBB@VISA_create?$DO?5remote?5codec?5create@ 000165c0     ce:visa.ov4TCE
 0001:00005618       ??_C@_0DF@PIKLCDMI@VISA_create2?$DO?5FAILED?5to?5create?5r@ 00016618     ce:visa.ov4TCE
 0001:00005650       ??_C@_0CP@CMDAOIFN@VISA_create2?$DO?5FAILED?5to?5allocate@ 00016650     ce:visa.ov4TCE
 0001:00005680       ??_C@_0CN@JMHOFAH@VISA_create2?$DO?5FAILED?5to?5allocate@ 00016680     ce:visa.ov4TCE
 0001:000056b0       ??_C@_0DL@FDHCOFAE@VISA_create?$DO?5local?5codec?5created@ 000166b0     ce:visa.ov4TCE
 0001:000056ec       ??_C@_0CN@ECKFMAKP@VISA_create2?$DO?5FAILED?5to?5create?5l@ 000166ec     ce:visa.ov4TCE
 0001:00005720       ??_C@_0HD@NNNCAIGG@VISA_create2?$DO?5FAILED?5to?5get?5IALG@ 00016720     ce:visa.ov4TCE
 0001:00005794       ??_C@_0CK@DKOCJGKC@VISA_create2?$DO?5Unable?5to?5locate?5a@ 00016794     ce:visa.ov4TCE
 0001:000057c0       ??_C@_0EG@KIJKJBIO@VISA_create2?$DO?5name?3?5?$CFs?5?5priority@ 000167c0     ce:visa.ov4TCE
 0001:00005808       ??_C@_0GB@PJCJKOKO@VISA_create2?$DO?5Name?5of?5codec?5?$FL?$CFs?$FN@ 00016808     ce:visa.ov4TCE
 0001:0000586c       ??_C@_0DC@KHAPIMEO@VISA_create2?$CI0x?$CFx?0?5?8?$CFs?8?0?50x?$CFx?0?50@ 0001686c     ce:visa.ov4TCE
 0001:000058a0       ??_C@_02JOIDOPKG@CV?$AA@   000168a0     ce:visa.ov4TCE
 0001:000058a4       ??_C@_0CL@FMEELHCJ@VISA_create?$CI0x?$CFx?0?5?8?$CFs?8?0?50x?$CFx?0?50x@ 000168a4     ce:visa.ov4TCE
 0001:000058d0       ??_C@_0FP@DFKICLCI@?$EA?$CI?$CD?$CJ?5ti?4sdo?4ce?$DL?5version?51?0?50?0?56?$DL@ 000168d0     ce:package_ti.sdo.ce.ov4TCE
 0001:00005930       ??_C@_07CGJPFKDO@1?0?50?0?56?$AA@ 00016930     ce:package_ti.sdo.ce.ov4TCE
 0001:00005938       ??_C@_0BB@OOGEEEML@Algorithm_noOS?4c?$AA@ 00016938     Algorithm_noOS:Algorithm_noOS.ov4TCE
 0001:0000594c       ??_C@_0BK@HLJMNFLP@Algorithm_activate?$DO?5Exit?6?$AA@ 0001694c     Algorithm_noOS:Algorithm_noOS.ov4TCE
 0001:00005968       ??_C@_0CF@PJPNAHLD@Algorithm_activate?$DO?5Enter?$CIalg?$DN0x@ 00016968     Algorithm_noOS:Algorithm_noOS.ov4TCE
 0001:00005990       ??_C@_0CI@IKGJFLP@Algorithm_addGroup?$DO?5Exit?5?$CIstatus@ 00016990     Algorithm_noOS:Algorithm_noOS.ov4TCE
 0001:000059b8       ??_C@_0CH@IFFHPAND@Algorithm_addGroup?$DO?5Enter?$CIgroupI@ 000169b8     Algorithm_noOS:Algorithm_noOS.ov4TCE
 0001:000059e0       ??_C@_0BM@DFDPOIM@Algorithm_deactivate?$DO?5Exit?6?$AA@ 000169e0     Algorithm_noOS:Algorithm_noOS.ov4TCE
 0001:000059fc       ??_C@_0CH@OHADJEDF@Algorithm_deactivate?$DO?5Enter?$CIalg?$DN@ 000169fc     Algorithm_noOS:Algorithm_noOS.ov4TCE
 0001:00005a24       ??_C@_0BI@LMABOHOB@Algorithm_delete?$DO?5Exit?6?$AA@ 00016a24     Algorithm_noOS:Algorithm_noOS.ov4TCE
 0001:00005a40       ??_C@_0EH@PIDJDIMG@Algorithm_delete?$DO?5Freeing?5of?5alg@ 00016a40     Algorithm_noOS:Algorithm_noOS.ov4TCE
 0001:00005a88       ??_C@_0CD@PEIKEIND@Algorithm_delete?$DO?5Enter?$CIalg?$DN0x?$CFx@ 00016a88     Algorithm_noOS:Algorithm_noOS.ov4TCE
 0001:00005aac       ??_C@_0BI@NEEEBLNB@ti?4sdo?4ce?4alg?4Algorithm?$AA@ 00016aac     Algorithm_noOS:Algorithm_noOS.ov4TCE
 0001:00005ac4       ??_C@_0BN@JELCOOBF@Algorithm_removeGroup?$DO?5Exit?6?$AA@ 00016ac4     Algorithm_noOS:Algorithm_noOS.ov4TCE
 0001:00005ae4       ??_C@_0CK@IEHLPDMK@Algorithm_removeGroup?$DO?5Enter?$CIgro@ 00016ae4     Algorithm_noOS:Algorithm_noOS.ov4TCE
 0001:00005b10       ??_C@_0CB@MJHDGPGK@Algorithm_create?$DO?5return?5?$CI0x?$CFx?$CJ?6@ 00016b10     Algorithm_noOS:Algorithm_noOS.ov4TCE
 0001:00005b38       ??_C@_0EK@IKJOLEJG@Algorithm_create?$DO?5Assignment?5of?5@ 00016b38     Algorithm_noOS:Algorithm_noOS.ov4TCE
 0001:00005b88       ??_C@_0FC@NBNFHCLO@Algorithm_create?$DO?5Granting?5DMA?5c@ 00016b88     Algorithm_noOS:Algorithm_noOS.ov4TCE
 0001:00005be0       ??_C@_0KG@FGGJEMNH@Algorithm_create?$DO?5Algorithm?5crea@ 00016be0     Algorithm_noOS:Algorithm_noOS.ov4TCE
 0001:00005c88       ??_C@_0EE@BEDGEEKF@Algorithm_create?$DO?5Alloc?5for?5a?5sm@ 00016c88     Algorithm_noOS:Algorithm_noOS.ov4TCE
 0001:00005ccc       ??_C@_0CF@MBANPNCL@Algorithm_create?$DO?5useCachedMem?5?$DN@ 00016ccc     Algorithm_noOS:Algorithm_noOS.ov4TCE
 0001:00005cf8       ??_C@_0FN@DKNBMEHP@Algorithm_create?$DO?5Enter?5?$CIfxns?$DN0x@ 00016cf8     Algorithm_noOS:Algorithm_noOS.ov4TCE
 0001:00005d58       ??_C@_0N@PDPJABMI@alg_malloc?4c?$AA@ 00016d58     alg:alg_malloc.ov4TCE
 0001:00005d68       ??_C@_0CF@GEPLAEH@ALG_addGroup?$DO?5group?5?$CFd?5out?5of?5ra@ 00016d68     alg:alg_malloc.ov4TCE
 0001:00005d90       ??_C@_0CB@HPKOMGDH@ALG_addGroup?$DO?5Exit?4?5status?5?$DN?5?$CFd?6@ 00016d90     alg:alg_malloc.ov4TCE
 0001:00005db4       ??_C@_0DJ@JMPGNLBD@ALG_addGroup?$DO?5Failed?5to?5create?5s@ 00016db4     alg:alg_malloc.ov4TCE
 0001:00005df0       ??_C@_0CD@DDIIJHDK@ALG_addGroup?$DO?5Enter?4?5groupId?5?$DN?5?$CF@ 00016df0     alg:alg_malloc.ov4TCE
 0001:00005e14       ??_C@_0BA@HMCDAGE@ALG_init?$DO?5Exit?6?$AA@ 00016e14     alg:alg_malloc.ov4TCE
 0001:00005e24       ??_C@_0BB@EPIPDEFM@ALG_init?$DO?5Enter?6?$AA@ 00016e24     alg:alg_malloc.ov4TCE
 0001:00005e38       ??_C@_0O@BHGMKGJ@ti?4sdo?4ce?4alg?$AA@ 00016e38     alg:alg_malloc.ov4TCE
 0001:00005e48       ??_C@_0CM@GNPCNNCK@ALG_removeGroup?$DO?5groupId?3?5?$CFd?5out@ 00016e48     alg:alg_malloc.ov4TCE
 0001:00005e74       ??_C@_0BI@CFIOPFOG@ALG_removeGroup?$DO?5Exit?4?6?$AA@ 00016e74     alg:alg_malloc.ov4TCE
 0001:00005e8c       ??_C@_0CF@CNHLMHPN@ALG_removeGroup?$DO?5Enter?4?5groupId?5@ 00016e8c     alg:alg_malloc.ov4TCE
 0001:00005eb4       ??_C@_0DE@OLBMEBDM@_ALG_allocMemory?$DO?5Invalid?5useCac@ 00016eb4     alg:alg_malloc.ov4TCE
 0001:00005ee8       ??_C@_0DG@BFPBNBEO@_ALG_freeMemory2?$DO?5memTab?$DN0x?$CFx?0?5n@ 00016ee8     alg:alg_malloc.ov4TCE
 0001:00005f20       ??_C@_0CE@KOHCIMJC@_ALG_allocMemory2?$DO?5Returning?5?$CITR@ 00016f20     alg:alg_malloc.ov4TCE
 0001:00005f44       ??_C@_0DF@CPCMIPBB@_ALG_allocMemory2?$DO?5Invalid?5useCa@ 00016f44     alg:alg_malloc.ov4TCE
 0001:00005f7c       ??_C@_0DH@GIFFCPKI@_ALG_allocMemory2?$DO?5memTab?$DN0x?$CFx?0?5@ 00016f7c     alg:alg_malloc.ov4TCE
 0001:00005fb4       ??_C@_0CD@FHPFOOGB@ALG_create?$DO?5Exit?5?$CIalgHandle?$DNNULL@ 00016fb4     alg:alg_create.ov4TCE
 0001:00005fd8       ??_C@_0CE@PLHMDJHN@ALG_create?$DO?5algInit?5call?5failed?5@ 00016fd8     alg:alg_create.ov4TCE
 0001:00005ffc       ??_C@_0CD@LLPLCJDF@ALG_create?$DO?5Exit?5?$CIalgHandle?$DN0x?$CFx@ 00016ffc     alg:alg_create.ov4TCE
 0001:00006020       ??_C@_0CH@GOCKFMNL@ALG_create?$DO?5algInit?5returned?5IAL@ 00017020     alg:alg_create.ov4TCE
 0001:00006048       ??_C@_0FJ@IHIKMACP@ALG_create?$DO?5?5Memory?5requested?5me@ 00017048     alg:alg_create.ov4TCE
 0001:000060a4       ??_C@_0CK@JHHBEKID@ALG_create?$DO?5algAlloc?5returned?5nu@ 000170a4     alg:alg_create.ov4TCE
 0001:000060d0       ??_C@_0EG@DIOHBAAE@ALG_create?$DO?5alg?8s?5algAlloc?$CI?$CJ?5ret@ 000170d0     alg:alg_create.ov4TCE
 0001:00006118       ??_C@_0CI@JDONFDPN@ALG_create?$DO?5algNumAlloc?5?$CFd?5memor@ 00017118     alg:alg_create.ov4TCE
 0001:00006140       ??_C@_0FK@MIEHCAOD@ALG_create?$DO?5Enter?5?$CIscratchId?$DN?$CFd?0@ 00017140     alg:alg_create.ov4TCE
 0001:0000619c       ??_C@_04KHFCIILO@dsp0?$AA@ 0001719c     ipc_dsplink_3530:Processor_dsplink.ov4TCE
 0001:000061a4       ??_C@_0M@LHFNEBAN@CE_DSPDEBUG?$AA@ 000171a4     ipc_dsplink_3530:Processor_dsplink.ov4TCE
 0001:000061b0       ??_C@_0LE@HPNFDGKC@Processor_create_d?$DO?5ERROR?3?5Canno@ 000171b0     ipc_dsplink_3530:Processor_dsplink.ov4TCE
 0001:00006264       ??_C@_0CO@OONHDBKM@Processor_create_d?$DO?5DODSPCTRL?5wa@ 00017264     ipc_dsplink_3530:Processor_dsplink.ov4TCE
 0001:00006298       ??_C@_0IH@LDGDCKMB@Processor_create_d?$DO?5Adding?5DSP?5s@ 00017298     ipc_dsplink_3530:Processor_dsplink.ov4TCE
 0001:00006320       ??_C@_0DP@FEICGEPH@Processor_create_d?$DO?5Setting?5CMEM@ 00017320     ipc_dsplink_3530:Processor_dsplink.ov4TCE
 0001:00006360       ??_C@_0PC@IHIKAJMA@Processor_create_d?$DO?5WARNING?3?5CME@ 00017360     ipc_dsplink_3530:Processor_dsplink.ov4TCE
 0001:00006454       ??_C@_0DD@LFCLONAE@Processor_create_d?$DO?5ERROR?3?5CMEM_@ 00017454     ipc_dsplink_3530:Processor_dsplink.ov4TCE
 0001:00006488       ??_C@_0FO@JKCJKADD@Processor_create_d?$DO?5Found?5?8CMEM?8@ 00017488     ipc_dsplink_3530:Processor_dsplink.ov4TCE
 0001:000064e8       ??_C@_0DA@OFCOMECI@Processor_create_d?$DO?5ERROR?3?5Memor@ 000174e8     ipc_dsplink_3530:Processor_dsplink.ov4TCE
 0001:00006518       ??_C@_0EL@BLIBMENJ@Processor_create_d?$DO?5Using?5DspLin@ 00017518     ipc_dsplink_3530:Processor_dsplink.ov4TCE
 0001:00006564       ??_C@_0BN@FOBIIGIE@dspConfigs?$FL0?$FN?9?$DOmpcsObjects?9?$DO?$AA@ 00017564     ipc_dsplink_3530:Processor_dsplink.ov4TCE
 0001:00006584       ??_C@_0BP@OJJAOMEG@dspConfigs?$FL0?$FN?9?$DOmplistObjects?9?$DO?$AA@ 00017584     ipc_dsplink_3530:Processor_dsplink.ov4TCE
 0001:000065a4       ??_C@_0L@NPBDAHJB@maxEntries?$AA@ 000175a4     ipc_dsplink_3530:Processor_dsplink.ov4TCE
 0001:000065b0       ??_C@_0BP@NLAMGIDF@dspConfigs?$FL0?$FN?9?$DOringIoObjects?9?$DO?$AA@ 000175b0     ipc_dsplink_3530:Processor_dsplink.ov4TCE
 0001:000065d0       ??_C@_0L@HIPOMGDB@maxMsgSize?$AA@ 000175d0     ipc_dsplink_3530:Processor_dsplink.ov4TCE
 0001:000065dc       ??_C@_0BM@KBCJLEPE@dspConfigs?$FL0?$FN?9?$DOmqtObjects?9?$DO?$AA@ 000175dc     ipc_dsplink_3530:Processor_dsplink.ov4TCE
 0001:000065f8       ??_C@_0N@KMJFFJGP@queuePerChnl?$AA@ 000175f8     ipc_dsplink_3530:Processor_dsplink.ov4TCE
 0001:00006608       ??_C@_06GDBBPNOO@poolId?$AA@ 00017608     ipc_dsplink_3530:Processor_dsplink.ov4TCE
 0001:00006610       ??_C@_0L@JFCDCAC@maxBufSize?$AA@ 00017610     ipc_dsplink_3530:Processor_dsplink.ov4TCE
 0001:0000661c       ??_C@_0M@HKCOIMCM@numChannels?$AA@ 0001761c     ipc_dsplink_3530:Processor_dsplink.ov4TCE
 0001:00006628       ??_C@_0L@ELKMCEMD@baseChnlId?$AA@ 00017628     ipc_dsplink_3530:Processor_dsplink.ov4TCE
 0001:00006634       ??_C@_0CB@FCIPDFCN@dspConfigs?$FL0?$FN?9?$DOdataTables?$FL0?$FN?$FLi?$FN?4@ 00017634     ipc_dsplink_3530:Processor_dsplink.ov4TCE
 0001:00006658       ??_C@_0N@HBLLMMJD@poolMemEntry?$AA@ 00017658     ipc_dsplink_3530:Processor_dsplink.ov4TCE
 0001:00006668       ??_C@_0L@GMEEACBC@ipsEventNo?$AA@ 00017668     ipc_dsplink_3530:Processor_dsplink.ov4TCE
 0001:00006674       ??_C@_05JPEEPHJP@ipsId?$AA@ 00017674     ipc_dsplink_3530:Processor_dsplink.ov4TCE
 0001:0000667c       ??_C@_08JKCHBGEI@poolSize?$AA@ 0001767c     ipc_dsplink_3530:Processor_dsplink.ov4TCE
 0001:00006688       ??_C@_0CB@HGFCCBIK@dspConfigs?$FL0?$FN?9?$DOpoolTables?$FL0?$FN?$FLi?$FN?4@ 00017688     ipc_dsplink_3530:Processor_dsplink.ov4TCE
 0001:000066ac       ??_C@_0P@ILHODMNE@dspIntVectorId?$AA@ 000176ac     ipc_dsplink_3530:Processor_dsplink.ov4TCE
 0001:000066bc       ??_C@_08ECBMMAAO@dspIntId?$AA@ 000176bc     ipc_dsplink_3530:Processor_dsplink.ov4TCE
 0001:000066c8       ??_C@_08PFBOPLCI@gppIntId?$AA@ 000176c8     ipc_dsplink_3530:Processor_dsplink.ov4TCE
 0001:000066d4       ??_C@_0N@IFGNBNDC@numIpsEvents?$AA@ 000176d4     ipc_dsplink_3530:Processor_dsplink.ov4TCE
 0001:000066e4       ??_C@_0CA@CMKPFHNC@dspConfigs?$FL0?$FN?9?$DOipsTables?$FL0?$FN?$FLi?$FN?4?$AA@ 000176e4     ipc_dsplink_3530:Processor_dsplink.ov4TCE
 0001:00006704       ??_C@_05KHLAPIGH@syncd?$AA@ 00017704     ipc_dsplink_3530:Processor_dsplink.ov4TCE
 0001:0000670c       ??_C@_06HBFNPGIC@shared?$AA@ 0001770c     ipc_dsplink_3530:Processor_dsplink.ov4TCE
 0001:00006714       ??_C@_04IAGNFIBA@size?$AA@ 00017714     ipc_dsplink_3530:Processor_dsplink.ov4TCE
 0001:0000671c       ??_C@_0M@HGCDAPOA@gppVirtAddr?$AA@ 0001771c     ipc_dsplink_3530:Processor_dsplink.ov4TCE
 0001:00006728       ??_C@_0M@JIFPLLBB@dspVirtAddr?$AA@ 00017728     ipc_dsplink_3530:Processor_dsplink.ov4TCE
 0001:00006734       ??_C@_08JNBNBADI@physAddr?$AA@ 00017734     ipc_dsplink_3530:Processor_dsplink.ov4TCE
 0001:00006740       ??_C@_05HNNDEAND@entry?$AA@ 00017740     ipc_dsplink_3530:Processor_dsplink.ov4TCE
 0001:00006748       ??_C@_0M@IEGCNNFE@entry?5?$CD?$CFd?3?6?$AA@ 00017748     ipc_dsplink_3530:Processor_dsplink.ov4TCE
 0001:00006754       ??_C@_0CA@GKMIBEKP@dspConfigs?$FL0?$FN?9?$DOmemTables?$FL0?$FN?$FLi?$FN?4?$AA@ 00017754     ipc_dsplink_3530:Processor_dsplink.ov4TCE
 0001:00006774       ??_C@_0M@KIHKNHEL@mpcsTableId?$AA@ 00017774     ipc_dsplink_3530:Processor_dsplink.ov4TCE
 0001:00006780       ??_C@_0O@IOBGLBBF@mplistTableId?$AA@ 00017780     ipc_dsplink_3530:Processor_dsplink.ov4TCE
 0001:00006790       ??_C@_0O@GCKLOOHJ@ringIoTableId?$AA@ 00017790     ipc_dsplink_3530:Processor_dsplink.ov4TCE
 0001:000067a0       ??_C@_05KEGCKEIA@mqtId?$AA@ 000177a0     ipc_dsplink_3530:Processor_dsplink.ov4TCE
 0001:000067a8       ??_C@_0P@GGCBGECG@numDataDrivers?$AA@ 000177a8     ipc_dsplink_3530:Processor_dsplink.ov4TCE
 0001:000067b8       ??_C@_0M@BNOPAGLH@dataTableId?$AA@ 000177b8     ipc_dsplink_3530:Processor_dsplink.ov4TCE
 0001:000067c4       ??_C@_0O@EPDDDPDM@numIpsEntries?$AA@ 000177c4     ipc_dsplink_3530:Processor_dsplink.ov4TCE
 0001:000067d4       ??_C@_0L@BHPHANIL@ipsTableId?$AA@ 000177d4     ipc_dsplink_3530:Processor_dsplink.ov4TCE
 0001:000067e0       ??_C@_08PCPCBFOB@memEntry?$AA@ 000177e0     ipc_dsplink_3530:Processor_dsplink.ov4TCE
 0001:000067ec       ??_C@_0O@PNJMMFJH@hshkPollCount?$AA@ 000177ec     ipc_dsplink_3530:Processor_dsplink.ov4TCE
 0001:000067fc       ??_C@_0CA@MPFLFMGA@dspConfigs?$FL0?$FN?9?$DOlinkDrvObjects?9?$DO?$AA@ 000177fc     ipc_dsplink_3530:Processor_dsplink.ov4TCE
 0001:0000681c       ??_C@_04LDBACBBL@arg5?$AA@ 0001781c     ipc_dsplink_3530:Processor_dsplink.ov4TCE
 0001:00006824       ??_C@_04KKALBAFK@arg4?$AA@ 00017824     ipc_dsplink_3530:Processor_dsplink.ov4TCE
 0001:0000682c       ??_C@_04OFEKIGJN@arg3?$AA@ 0001782c     ipc_dsplink_3530:Processor_dsplink.ov4TCE
 0001:00006834       ??_C@_04PMFBLHNM@arg2?$AA@ 00017834     ipc_dsplink_3530:Processor_dsplink.ov4TCE
 0001:0000683c       ??_C@_04NHHMOEBP@arg1?$AA@ 0001783c     ipc_dsplink_3530:Processor_dsplink.ov4TCE
 0001:00006844       ??_C@_09EMOLPCGH@linkDrvId?$AA@ 00017844     ipc_dsplink_3530:Processor_dsplink.ov4TCE
 0001:00006850       ??_C@_0L@DAKPKANF@memEntries?$AA@ 00017850     ipc_dsplink_3530:Processor_dsplink.ov4TCE
 0001:0000685c       ??_C@_0L@CKLKNEG@memTableId?$AA@ 0001785c     ipc_dsplink_3530:Processor_dsplink.ov4TCE
 0001:00006868       ??_C@_08IDBMIOML@wordSwap?$AA@ 00017868     ipc_dsplink_3530:Processor_dsplink.ov4TCE
 0001:00006874       ??_C@_06BBBEKDND@endian?$AA@ 00017874     ipc_dsplink_3530:Processor_dsplink.ov4TCE
 0001:0000687c       ??_C@_07BNIDEPBF@cpuFreq?$AA@ 0001787c     ipc_dsplink_3530:Processor_dsplink.ov4TCE
 0001:00006884       ??_C@_08PEPMKGPF@maduSize?$AA@ 00017884     ipc_dsplink_3530:Processor_dsplink.ov4TCE
 0001:00006890       ??_C@_0O@KAJNADN@resetCodeSize?$AA@ 00017890     ipc_dsplink_3530:Processor_dsplink.ov4TCE
 0001:000068a0       ??_C@_0M@DCDJJGMA@resetVector?$AA@ 000178a0     ipc_dsplink_3530:Processor_dsplink.ov4TCE
 0001:000068ac       ??_C@_0L@BJDONABI@resumeAddr?$AA@ 000178ac     ipc_dsplink_3530:Processor_dsplink.ov4TCE
 0001:000068b8       ??_C@_0BC@PJDHDJN@?5?5doDspCtrl?5?$DN?5?$CFs?6?$AA@ 000178b8     ipc_dsplink_3530:Processor_dsplink.ov4TCE
 0001:000068cc       ??_C@_08BLIFAKPG@execName?$AA@ 000178cc     ipc_dsplink_3530:Processor_dsplink.ov4TCE
 0001:000068d8       ??_C@_09NEHEHBMH@autoStart?$AA@ 000178d8     ipc_dsplink_3530:Processor_dsplink.ov4TCE
 0001:000068e4       ??_C@_0L@DKCMPAOP@?5?5?$CFs?5?$DN?5?$CFs?6?$AA@ 000178e4     ipc_dsplink_3530:Processor_dsplink.ov4TCE
 0001:000068f0       ??_C@_05MAJJAKPI@FALSE?$AA@ 000178f0     ipc_dsplink_3530:Processor_dsplink.ov4TCE
 0001:000068f8       ??_C@_04HCDDPBNL@TRUE?$AA@ 000178f8     ipc_dsplink_3530:Processor_dsplink.ov4TCE
 0001:00006900       ??_C@_0L@FCFLFAOA@loaderName?$AA@ 00017900     ipc_dsplink_3530:Processor_dsplink.ov4TCE
 0001:0000690c       ??_C@_07FLMOMEJI@dspArch?$AA@ 0001790c     ipc_dsplink_3530:Processor_dsplink.ov4TCE
 0001:00006914       ??_C@_0BL@PCKFPGAI@dspConfigs?$FL0?$FN?9?$DOdspObject?9?$DO?$AA@ 00017914     ipc_dsplink_3530:Processor_dsplink.ov4TCE
 0001:00006930       ??_C@_08LCPABEPJ@numPools?$AA@ 00017930     ipc_dsplink_3530:Processor_dsplink.ov4TCE
 0001:0000693c       ??_C@_0M@GOIGGGHK@poolTableId?$AA@ 0001793c     ipc_dsplink_3530:Processor_dsplink.ov4TCE
 0001:00006948       ??_C@_0N@OFKLBNAO@maxChnlQueue?$AA@ 00017948     ipc_dsplink_3530:Processor_dsplink.ov4TCE
 0001:00006958       ??_C@_08INHINHIO@maxMsgqs?$AA@ 00017958     ipc_dsplink_3530:Processor_dsplink.ov4TCE
 0001:00006964       ??_C@_0N@BIMMOLCA@?5?5?$CFs?5?$DN?50x?$CFx?6?$AA@ 00017964     ipc_dsplink_3530:Processor_dsplink.ov4TCE
 0001:00006974       ??_C@_04MEMAJGDJ@name?$AA@ 00017974     ipc_dsplink_3530:Processor_dsplink.ov4TCE
 0001:0000697c       ??_C@_0N@BJBMLINC@?5?5?$CFs?5?$DN?5?$CC?$CFs?$CC?6?$AA@ 0001797c     ipc_dsplink_3530:Processor_dsplink.ov4TCE
 0001:0000698c       ??_C@_0M@HPAOHJLG@gppObject?9?$DO?$AA@ 0001798c     ipc_dsplink_3530:Processor_dsplink.ov4TCE
 0001:00006998       ??_C@_0N@NLIBFLON@linkCfg?9?$DO?$CFs?6?$AA@ 00017998     ipc_dsplink_3530:Processor_dsplink.ov4TCE
 0001:000069a8       ??_C@_0DB@BGHMFLAK@LINKCFG_Object?5generated?5for?5PRO@ 000179a8     ipc_dsplink_3530:Processor_dsplink.ov4TCE
 0001:000069dc       ??_C@_0BC@GGAPAFFC@?$DMINVALID?5SETTING?$DO?$AA@ 000179dc     ipc_dsplink_3530:Processor_dsplink.ov4TCE
 0001:000069f0       ??_C@_0BE@PKNCNPOL@DSP_BootMode_NoBoot?$AA@ 000179f0     ipc_dsplink_3530:Processor_dsplink.ov4TCE
 0001:00006a04       ??_C@_0BI@MPBPJIOG@DSP_BootMode_NoLoad_Pwr?$AA@ 00017a04     ipc_dsplink_3530:Processor_dsplink.ov4TCE
 0001:00006a1c       ??_C@_0BK@NJDADNLP@DSP_BootMode_NoLoad_NoPwr?$AA@ 00017a1c     ipc_dsplink_3530:Processor_dsplink.ov4TCE
 0001:00006a38       ??_C@_0BG@EIGPKDOO@DSP_BootMode_Boot_Pwr?$AA@ 00017a38     ipc_dsplink_3530:Processor_dsplink.ov4TCE
 0001:00006a50       ??_C@_0BI@KAOCNJOD@DSP_BootMode_Boot_NoPwr?$AA@ 00017a50     ipc_dsplink_3530:Processor_dsplink.ov4TCE
 0001:00006a68       ??_C@_0BM@BIIGODNL@Processor_delete_d?$DO?5return?6?$AA@ 00017a68     ipc_dsplink_3530:Processor_dsplink.ov4TCE
 0001:00006a84       ??_C@_0DI@LFAJGOML@Processor_delete_d?$DO?5LAD_disconne@ 00017a84     ipc_dsplink_3530:Processor_dsplink.ov4TCE
 0001:00006abc       ??_C@_0CP@GCBGCJJD@Processor_delete_d?$DO?5Disconnectin@ 00017abc     ipc_dsplink_3530:Processor_dsplink.ov4TCE
 0001:00006aec       ??_C@_0DI@JHKCICDG@Processor_delete_d?$DO?5LAD_releaseD@ 00017aec     ipc_dsplink_3530:Processor_dsplink.ov4TCE
 0001:00006b24       ??_C@_0DJ@EBBLCGMK@Processor_delete_d?$DO?5Releasing?5DS@ 00017b24     ipc_dsplink_3530:Processor_dsplink.ov4TCE
 0001:00006b60       ??_C@_0DI@NDJCFJPC@Processor_delete_d?$DO?5Destroying?5D@ 00017b60     ipc_dsplink_3530:Processor_dsplink.ov4TCE
 0001:00006b98       ??_C@_0DJ@GEJOOEOB@Processor_delete_d?$DO?5Destroying?5D@ 00017b98     ipc_dsplink_3530:Processor_dsplink.ov4TCE
 0001:00006bd4       ??_C@_0DM@LLBEONIC@Processor_delete_d?$DO?5Detaching?5fr@ 00017bd4     ipc_dsplink_3530:Processor_dsplink.ov4TCE
 0001:00006c10       ??_C@_0CL@IGBEOEJK@Processor_delete_d?$DO?5Detaching?5fr@ 00017c10     ipc_dsplink_3530:Processor_dsplink.ov4TCE
 0001:00006c3c       ??_C@_0DG@HJAGABHK@Processor_delete_d?$DO?5Closing?5pool@ 00017c3c     ipc_dsplink_3530:Processor_dsplink.ov4TCE
 0001:00006c74       ??_C@_0CF@BEGGDHDE@Processor_delete_d?$DO?5Closing?5pool@ 00017c74     ipc_dsplink_3530:Processor_dsplink.ov4TCE
 0001:00006c9c       ??_C@_0DG@POMCIPLF@Processor_delete_d?$DO?5Stopping?5DSP@ 00017c9c     ipc_dsplink_3530:Processor_dsplink.ov4TCE
 0001:00006cd4       ??_C@_0CF@GAHGHKCE@Processor_delete_d?$DO?5Stopping?5DSP@ 00017cd4     ipc_dsplink_3530:Processor_dsplink.ov4TCE
 0001:00006d00       ??_C@_0ED@JDONPOCN@Processor_delete_d?$DO?5Closing?5remo@ 00017d00     ipc_dsplink_3530:Processor_dsplink.ov4TCE
 0001:00006d44       ??_C@_0DB@EENOBBEL@Processor_delete_d?$DO?5Closing?5remo@ 00017d44     ipc_dsplink_3530:Processor_dsplink.ov4TCE
 0001:00006d78       ??_C@_0CH@ILLHAEFG@Processor_delete_d?$DO?5Enter?5?$CIproc?$DN@ 00017d78     ipc_dsplink_3530:Processor_dsplink.ov4TCE
 0001:00006da0       ??_C@_0BJ@CDMKFKHI@doCmd?$DO?5Exit?5?$CIresult?$DN?$CFd?$CJ?6?$AA@ 00017da0     ipc_dsplink_3530:Processor_dsplink.ov4TCE
 0001:00006dbc       ??_C@_0CE@JAMHKGGE@doCmd?$DO?5Enter?5?$CIcmdId?$DN?$CFd?0?5proc?$DN0x?$CF@ 00017dbc     ipc_dsplink_3530:Processor_dsplink.ov4TCE
 0001:00006de0       ??_C@_0BM@BDNDFIGN@getCmd_d?$DO?5Exit?5?$CIresult?$DN?$CFd?$CJ?6?$AA@ 00017de0     ipc_dsplink_3530:Processor_dsplink.ov4TCE
 0001:00006dfc       ??_C@_0BN@PDCPJAHM@getCmd_d?$DO?5Enter?5?$CIproc?$DN0x?$CFx?$CJ?6?$AA@ 00017dfc     ipc_dsplink_3530:Processor_dsplink.ov4TCE
 0001:00006e1c       ??_C@_0BL@ICMIPMJJ@Processor_delete?$DO?5return?4?6?$AA@ 00017e1c     ipc_dsplink_3530:Processor_dsplink.ov4TCE
 0001:00006e38       ??_C@_0CL@MFKFCMMK@Processor_delete?$CI0x?$CFx?$CJ?5freeing?5o@ 00017e38     ipc_dsplink_3530:Processor_dsplink.ov4TCE
 0001:00006e64       ??_C@_0CE@PDJJLDLI@Processor_delete?$DO?5Enter?$CIproc?$DN0x?$CF@ 00017e64     ipc_dsplink_3530:Processor_dsplink.ov4TCE
 0001:00006e88       ??_C@_0DJ@EIJIDLHK@?4?4?1?4?4?1?4?4?1?4?4?1?4?4?1ti?1sdo?1ce?1ipc?1dsp@ 00017e88     ipc_dsplink_3530:Processor_dsplink.ov4TCE
 0001:00006ec4       ??_C@_0CB@ODDKGGKH@Processor_create_d?$DO?5return?5?$CI?$CFd?$CJ?6@ 00017ec4     ipc_dsplink_3530:Processor_dsplink.ov4TCE
 0001:00006ee8       ??_C@_0KP@BKHBIKHI@Processor_create_d?$DO?5Loading?5and?5@ 00017ee8     ipc_dsplink_3530:Processor_dsplink.ov4TCE
 0001:00006f98       ??_C@_0BJO@OAJPIFEC@This?5error?5code?5typically?5indica@ 00017f98     ipc_dsplink_3530:Processor_dsplink.ov4TCE
 0001:00007138       ??_C@_0GK@IEODOFA@Codec?5Engine?5system?5message?5?$CIb?1c@ 00018138     ipc_dsplink_3530:Processor_dsplink.ov4TCE
 0001:000071a4       ??_C@_0DB@HFABAFFI@Processor_create_d?$DO?5Opening?5remo@ 000181a4     ipc_dsplink_3530:Processor_dsplink.ov4TCE
 0001:000071d8       ??_C@_0CK@PKAKPCLM@Processor_create_d?$DO?5Starting?5DSP@ 000181d8     ipc_dsplink_3530:Processor_dsplink.ov4TCE
 0001:00007204       ??_C@_0DE@MABFPHNP@Processor_create_d?$DO?5Loading?5?$CFs?5o@ 00018204     ipc_dsplink_3530:Processor_dsplink.ov4TCE
 0001:00007238       ??_C@_0CK@PBCGEALA@Processor_create_d?$DO?5Opening?5MSGQ@ 00018238     ipc_dsplink_3530:Processor_dsplink.ov4TCE
 0001:00007264       ??_C@_0CO@IEBNOMFP@Processor_create_d?$DO?5Attaching?5to@ 00018264     ipc_dsplink_3530:Processor_dsplink.ov4TCE
 0001:00007294       ??_C@_0CO@JKDMCCEE@Processor_create_d?$DO?5Initializing@ 00018294     ipc_dsplink_3530:Processor_dsplink.ov4TCE
 0001:000072c4       ??_C@_0DM@PDIOHPKJ@Processor_create_d?$DO?5LAD_startupD@ 000182c4     ipc_dsplink_3530:Processor_dsplink.ov4TCE
 0001:00007300       ??_C@_0DA@FKPLFIDK@Processor_create_d?$DO?5LAD_startupD@ 00018300     ipc_dsplink_3530:Processor_dsplink.ov4TCE
 0001:00007330       ??_C@_0DP@EABJDKDL@Processor_create_d?$DO?5Loading?5?$CFs?5o@ 00018330     ipc_dsplink_3530:Processor_dsplink.ov4TCE
 0001:00007370       ??_C@_0DJ@BDHKAHJK@Processor_create_d?$DO?5LAD_connect?5@ 00018370     ipc_dsplink_3530:Processor_dsplink.ov4TCE
 0001:000073ac       ??_C@_0DK@EFGCDGAC@Processor_create_d?$DO?5LAD_connect?5@ 000183ac     ipc_dsplink_3530:Processor_dsplink.ov4TCE
 0001:000073e8       ??_C@_0CG@PLHBHLCK@Processor_create_d?$DO?5Power_on?5fai@ 000183e8     ipc_dsplink_3530:Processor_dsplink.ov4TCE
 0001:00007410       ??_C@_0CG@MMHHNCNA@Processor_create_d?$DO?5Enter?$CIproc?$DN0@ 00018410     ipc_dsplink_3530:Processor_dsplink.ov4TCE
 0001:00007438       ??_C@_0BJ@BPDGMNKO@daemon?$DO?5thread?5created?4?6?$AA@ 00018438     ipc_dsplink_3530:Processor_dsplink.ov4TCE
 0001:00007454       ??_C@_0CB@POONFHGL@Processor_create?$DO?5return?5?$CI0x?$CFx?$CJ?6@ 00018454     ipc_dsplink_3530:Processor_dsplink.ov4TCE
 0001:00007478       ??_C@_0CO@LEFPGADB@Processor_create?$DO?5ERROR?3?5Memory_@ 00018478     ipc_dsplink_3530:Processor_dsplink.ov4TCE
 0001:000074a8       ??_C@_0DA@IIONHOHE@Processor_create?$DO?5ERROR?3?5cannot?5@ 000184a8     ipc_dsplink_3530:Processor_dsplink.ov4TCE
 0001:000074d8       ??_C@_0ED@EHEKAKCD@Processor_create?$DO?5Enter?$CIimageNam@ 000184d8     ipc_dsplink_3530:Processor_dsplink.ov4TCE
 0001:0000751c       ??_C@_0DB@DIGGGOAP@Processor_init?$DO?5ERROR?3?5cannot?5cr@ 0001851c     ipc_dsplink_3530:Processor_dsplink.ov4TCE
 0001:00007550       ??_C@_0DJ@CHCJMAHJ@Processor_init?$DO?5ERROR?3?5cannot?5cr@ 00018550     ipc_dsplink_3530:Processor_dsplink.ov4TCE
 0001:0000758c       ??_C@_02MBMDLBEE@OP?$AA@   0001858c     ipc_dsplink_3530:Processor_dsplink.ov4TCE
 0001:00007590       ??_C@_0CG@OFMDBFFI@Comm_alloc?$DO?5msg?$DN0x?$CFx?0?5returning?5@ 00018590     ipc_dsplink_3530:Comm_dsplink.ov4TCE
 0001:000075b8       ??_C@_0DD@KLFJPNDO@Comm_alloc?$DO?5Enter?$CIpoolId?$DN0x?$CFx?0?5m@ 000185b8     ipc_dsplink_3530:Comm_dsplink.ov4TCE
 0001:000075ec       ??_C@_0DE@BOAEKIFD@?4?4?1?4?4?1?4?4?1?4?4?1?4?4?1ti?1sdo?1ce?1ipc?1dsp@ 000185ec     ipc_dsplink_3530:Comm_dsplink.ov4TCE
 0001:00007620       ??_C@_0BM@GHGCLDKJ@Comm_create?$DO?5return?5?$CI0x?$CFx?$CJ?6?$AA@ 00018620     ipc_dsplink_3530:Comm_dsplink.ov4TCE
 0001:0000763c       ??_C@_0CM@FNAANLJP@Comm_create?$CI?8?$CFs?8?0?5?4?4?4?$CJ?5failed?3?5s@ 0001863c     ipc_dsplink_3530:Comm_dsplink.ov4TCE
 0001:00007668       ??_C@_0CM@PIKFJLKJ@Comm_create?$DO?5Unsupported?5Comm_At@ 00018668     ipc_dsplink_3530:Comm_dsplink.ov4TCE
 0001:00007694       ??_C@_0DM@JBOMDBIC@Comm_create?$DO?5Enter?$CIqueueName?$DN?8?$CFs@ 00018694     ipc_dsplink_3530:Comm_dsplink.ov4TCE
 0001:000076d0       ??_C@_0BH@BJHEMIDI@Comm_delete?$DO?5return?$CFs?6?$AA@ 000186d0     ipc_dsplink_3530:Comm_dsplink.ov4TCE
 0001:000076e8       ??_C@_0BN@MPCHBMNB@?5?$CInote?5MSGQ_close?$CI?$CJ?5failure?$CJ?$AA@ 000186e8     ipc_dsplink_3530:Comm_dsplink.ov4TCE
 0001:00007708       ??_C@_0DN@EJLPFCFK@Comm_delete?$CI0x?$CFx?$CJ?5failed?3?5MSGQ_c@ 00018708     ipc_dsplink_3530:Comm_dsplink.ov4TCE
 0001:00007748       ??_C@_0CA@DGPPDPIM@Comm_delete?$DO?5Enter?5?$CIcomm?$DN0x?$CFx?$CJ?6?$AA@ 00018748     ipc_dsplink_3530:Comm_dsplink.ov4TCE
 0001:00007768       ??_C@_0BI@OIDMBOOH@Comm_free?$DO?5return?5?$CI?$CFd?$CJ?6?$AA@ 00018768     ipc_dsplink_3530:Comm_dsplink.ov4TCE
 0001:00007780       ??_C@_0BN@OAHCFIGL@Comm_free?$DO?5Enter?5?$CImsg?$DN0x?$CFx?$CJ?6?$AA@ 00018780     ipc_dsplink_3530:Comm_dsplink.ov4TCE
 0001:000077a0       ??_C@_0CP@CDHFLNJH@Comm_get?$DO?5MSGQ_get?$CI?$CJ?5status?$DN0x?$CFx@ 000187a0     ipc_dsplink_3530:Comm_dsplink.ov4TCE
 0001:000077d0       ??_C@_0DH@OOEIEGGO@Comm_get?$CI?$CJ?$DO?5Error?3?5timeout?5occur@ 000187d0     ipc_dsplink_3530:Comm_dsplink.ov4TCE
 0001:00007808       ??_C@_0FB@DBKLINHL@Comm_get?$DO?5overriding?5timeout?5pro@ 00018808     ipc_dsplink_3530:Comm_dsplink.ov4TCE
 0001:0000785c       ??_C@_0DD@BFDCEKLB@Comm_get?$DO?5Enter?$CIqueue?$DN0x?$CFx?0?5msg?$DN@ 0001885c     ipc_dsplink_3530:Comm_dsplink.ov4TCE
 0001:00007890       ??_C@_0BK@EKDECOCF@Comm_locate?$DO?5return?5?$CI?$CFd?$CJ?6?$AA@ 00018890     ipc_dsplink_3530:Comm_dsplink.ov4TCE
 0001:000078b0       ??_C@_0NE@PPLHMANN@Comm_locate?$DO?5Error?3?5could?5not?5lo@ 000188b0     ipc_dsplink_3530:Comm_dsplink.ov4TCE
 0001:00007988       ??_C@_0EN@ODGEDHOA@Comm_locate?$DO?5Attempt?5?$CFd?5of?5?$CFd?5to@ 00018988     ipc_dsplink_3530:Comm_dsplink.ov4TCE
 0001:000079d8       ??_C@_0DA@KMJOKLKF@Comm_locate?$DO?5Enter?$CIqueueName?$DN?8?$CFs@ 000189d8     ipc_dsplink_3530:Comm_dsplink.ov4TCE
 0001:00007a08       ??_C@_0BH@OKHEIECD@Comm_put?$DO?5return?5?$CI?$CFd?$CJ?6?$AA@ 00018a08     ipc_dsplink_3530:Comm_dsplink.ov4TCE
 0001:00007a20       ??_C@_0CH@PEOCCIA@Comm_put?$DO?5Enter?$CIqueue?$DN0x?$CFx?0?5msg?$DN@ 00018a20     ipc_dsplink_3530:Comm_dsplink.ov4TCE
 0001:00007a48       ??_C@_0BL@LCAAMDLI@Comm_release?$DO?5return?5?$CI?$CFd?$CJ?6?$AA@ 00018a48     ipc_dsplink_3530:Comm_dsplink.ov4TCE
 0001:00007a64       ??_C@_0CB@LJAMGFML@Comm_release?$DO?5Enter?$CIqueue?$DN0x?$CFx?$CJ?6@ 00018a64     ipc_dsplink_3530:Comm_dsplink.ov4TCE
 0001:00007a88       ??_C@_0DD@HDPHBMIK@Comm_init?$DO?5ERROR?3?5could?5not?5crea@ 00018a88     ipc_dsplink_3530:Comm_dsplink.ov4TCE
 0001:00007abc       ??_C@_02KACMPANG@OC?$AA@   00018abc     ipc_dsplink_3530:Comm_dsplink.ov4TCE
 0001:00007ac0       ??_C@_0BH@HJFMPOC@Power_on?$DO?5return?5?$CI?$CFd?$CJ?6?$AA@ 00018ac0     ipc_dsplink_3530:Power_dsplink.ov4TCE
 0001:00007ad8       ??_C@_0CH@FFDPIEOB@Power_on?$DO?5Turning?5on?5DSP?5power?5F@ 00018ad8     ipc_dsplink_3530:Power_dsplink.ov4TCE
 0001:00007b00       ??_C@_0CD@GDIHLIJA@Power_on?$DO?5Turning?5on?5DSP?5power?4?4@ 00018b00     ipc_dsplink_3530:Power_dsplink.ov4TCE
 0001:00007b28       ??_C@_0EH@MPOIBNEK@Power_on?$DO?5Opening?5Local?5Power?5Ma@ 00018b28     ipc_dsplink_3530:Power_dsplink.ov4TCE
[...]
 0001:00029474       calloc                     0003a474 f   corelibc:COREDLL.dll
 0001:00029484       __rt_sdiv64by64            0003a484 f   corelibc:COREDLL.dll
 0001:00029494       __rt_udiv                  0003a494 f   corelibc:COREDLL.dll
 0001:000294a4       strncmp                    0003a4a4 f   corelibc:COREDLL.dll
 0001:000294b4       strlen                     0003a4b4 f   corelibc:COREDLL.dll
 0001:000294c4       strchr                     0003a4c4 f   corelibc:COREDLL.dll
 0001:000294d4       strcmp                     0003a4d4 f   corelibc:COREDLL.dll
 0001:000294e4       strcpy                     0003a4e4 f   corelibc:COREDLL.dll
 0001:000294f4       sprintf                    0003a4f4 f   corelibc:COREDLL.dll
 0001:00029504       malloc                     0003a504 f   corelibc:COREDLL.dll
 0001:00029514       getchar                    0003a514 f   corelibc:COREDLL.dll
 0001:00029524       wcstombs                   0003a524 f   corelibc:COREDLL.dll
 0001:00029534       _onexit                    0003a534 f   corelibc:onexit.obj
 0001:00029604       atexit                     0003a604 f   corelibc:onexit.obj
 0001:00029624       swprintf                   0003a624 f   corelibc:COREDLL.dll
 0001:00029634       mbstowcs                   0003a634 f   corelibc:COREDLL.dll
 0001:00029644       __security_gen_cookie2     0003a644 f   corelibc:COREDLL.dll
 0001:00029654       __report_gsfailure         0003a654 f   corelibc:COREDLL.dll
 0001:00029664       _initterm                  0003a664 f   corelibc:crt0dat.obj
 0001:00029698       _cinit                     0003a698 f   corelibc:crt0dat.obj
 0001:000296cc       _isctype                   0003a6cc f   corelibc:COREDLL.dll
 0001:000296dc       wcslen                     0003a6dc f   corelibc:COREDLL.dll
 0001:000296ec       _XcptFilter                0003a6ec f   corelibc:COREDLL.dll
 0001:000296fc       __GSHandlerCheck_SEH       0003a6fc f   corelibc:gshandlerseh.obj
 0001:0002974c       realloc                    0003a74c f   corelibc:COREDLL.dll
 0001:0002975c       _msize                     0003a75c f   corelibc:COREDLL.dll
 0001:0002976c       __C_specific_handler       0003a76c f   corelibc:COREDLL.dll
 0001:0002977c       TerminateProcess           0003a77c f   coredll:COREDLL.dll
 0001:0002978c       GetModuleFileNameW         0003a78c f   coredll:COREDLL.dll
 0001:000297e0       __IMPORT_DESCRIPTOR_COREDLL 0003a7e0     coredll:COREDLL.dll
 0001:000297f4       __NULL_IMPORT_DESCRIPTOR   0003a7f4     coredll:COREDLL.dll
 0002:00000000       Global_buildInfo           0003c000     video_encode_io1_omap3530_exe.ov4TCE
 0002:00000180       ti_sdo_codecs_h264enc_ce_H264ENC_codecClassConfig 0003c180     video_encode_io1_omap3530_exe.ov4TCE
 0002:000001c0       ti_sdo_codecs_jpegdec_ce_JPEGDEC_codecClassConfig 0003c1c0     video_encode_io1_omap3530_exe.ov4TCE
 0002:00000200       ti_sdo_codecs_jpegenc_ce_JPEGENC_codecClassConfig 0003c200     video_encode_io1_omap3530_exe.ov4TCE
 0002:00000240       ti_sdo_codecs_mpeg2dec_ce_MPEG2DEC_codecClassConfig 0003c240     video_encode_io1_omap3530_exe.ov4TCE
 0002:00000280       ti_sdo_codecs_mpeg4enc_ce_MPEG4ENC_codecClassConfig 0003c280     video_encode_io1_omap3530_exe.ov4TCE
 0002:00000500       Engine_config              0003c500     video_encode_io1_omap3530_exe.ov4TCE
 0002:00000508       ti_sdo_ce_ipc_dsplink_Ipc_maxTimeout 0003c508     video_encode_io1_omap3530_exe.ov4TCE
 0002:0000050c       Comm_MSGSIZE               0003c50c     video_encode_io1_omap3530_exe.ov4TCE
 0002:00000510       Comm_NUMMSGS               0003c510     video_encode_io1_omap3530_exe.ov4TCE
 0002:00000514       Comm_LOCATERETRIES         0003c514     video_encode_io1_omap3530_exe.ov4TCE
 0002:000005fc       ti_sdo_ce_ipc_armDspLinkConfigServerNames 0003c5fc     video_encode_io1_omap3530_exe.ov4TCE
 0002:00000604       ti_sdo_ce_ipc_armDspLinkConfigs 0003c604     video_encode_io1_omap3530_exe.ov4TCE
 0002:0000060c       Memory_maxCbListSize       0003c60c     video_encode_io1_omap3530_exe.ov4TCE
 0002:00000610       _ti_sdo_utils_trace_GT_params 0003c610     video_encode_io1_omap3530_exe.ov4TCE
 0002:00000638       GT                         0003c638     video_encode_io1_omap3530_exe.ov4TCE
 0002:0000063c       ti_sdo_ce_alg_ALG_maxGroups 0003c63c     video_encode_io1_omap3530_exe.ov4TCE
 0002:00000640       ti_sdo_ce_alg_ipcKey       0003c640     video_encode_io1_omap3530_exe.ov4TCE
 0002:00000644       ti_sdo_fc_multiProcess     0003c644     video_encode_io1_omap3530_exe.ov4TCE
 0002:00000648       UNIVERSAL_STUBS            0003c648     universal:universal_stubs.ov4TCE
 0002:00000690       Dmai_debugLogLevel         0003c690     dmai_wince_omap3530:Dmai.o3530.ov4TCE
 0002:00000694       opterr                     0003c694     dmai_wince_omap3530:getopt_long.o3530.ov4TCE
 0002:00000698       optind                     0003c698     dmai_wince_omap3530:getopt_long.o3530.ov4TCE
 0002:0000069c       optopt                     0003c69c     dmai_wince_omap3530:getopt_long.o3530.ov4TCE
 0002:000006ac       IMGDEC1_STUBS              0003c6ac     imgdec1:imgdec1_stubs.ov4TCE
 0002:000006d8       IMGENC1_STUBS              0003c6d8     imgenc1:imgenc1_stubs.ov4TCE
 0002:00000704       VIDDEC2_STUBS              0003c704     viddec2:viddec2_stubs.ov4TCE
 0002:00000730       VIDENC1_STUBS              0003c730     videnc1:videnc1_stubs.ov4TCE
 0002:0000075c       AUDDEC1_STUBS              0003c75c     auddec1:auddec1_stubs.ov4TCE
 0002:00000788       SPHDEC1_STUBS              0003c788     sphdec1:sphdec1_stubs.ov4TCE
 0002:000007b4       SPHENC1_STUBS              0003c7b4     sphenc1:sphenc1_stubs.ov4TCE
 0002:000007e0       Engine_ALGCREATEATTRS      0003c7e0     ce:Engine.ov4TCE
 0002:000007e8       Engine_ceDebugDspTraceMask 0003c7e8     ce:Engine.ov4TCE
 0002:000007f0       ti_sdo_ce__versionString   0003c7f0     ce:package_ti.sdo.ce.ov4TCE
 0002:000007f4       ti_sdo_ce__versionNumArray 0003c7f4     ce:package_ti.sdo.ce.ov4TCE
 0002:00000800       ti_sdo_ce__whatString      0003c800     ce:package_ti.sdo.ce.ov4TCE
 0002:00000804       Processor_ATTRS            0003c804     ipc_dsplink_3530:Processor_dsplink.ov4TCE
 0002:00000820       Global_cePoolAttrs         0003c820     ipc_dsplink_3530:Comm_dsplink.ov4TCE
 0002:00000b28       LINKCFG_dspConfig          0003cb28     ipc_dsplink_3530:Processor_dsplink_linkcfg_OMAP3530.ov4TCE
 0002:00000b78       ti_sdo_ce_ipc_Processor_linkcfg 0003cb78     ipc_dsplink_3530:Processor_dsplink_linkcfg_OMAP3530.ov4TCE
 0002:00000ba0       ti_sdo_ce_ipc_Processor_linkcfg_OS 0003cba0     ipc_dsplink_3530:Processor_dsplink_linkcfg_OS.ov4TCE
 0002:00000bac       Memory_DEFAULTPARAMS       0003cbac     osal_wince:Memory_cmem.ov4TCE
 0002:00000bc4       Thread_ATTRS               0003cbc4     osal_wince:Thread_wince.ov4TCE
 0002:00000be4       CMEM_DEFAULTPARAMS         0003cbe4     cmem:cmem.obj
 0002:00000bf0       LINKCFG_config             0003cbf0     dsplinkapi:CFG_system.o
 0002:000010f0       OMAP3530_SHMEM_Config      0003d0f0     dsplinkapi:CFG_OMAP3530_SHMEM.o
 0002:00001140       LINKCFG_gppObject          0003d140     dsplinkapi:CFG_ARM.o
 0002:00001174       __security_cookie          0003d174     corelibc:seccinit.obj
 0002:00001178       __security_cookie_complement 0003d178     corelibc:seccinit.obj
 0002:00010180       ti_sdo_ce_dvtLog           0004c180     video_encode_io1_omap3530_exe.ov4TCE
 0002:00010184       Memory_skipVirtualAddressTranslation 0004c184     video_encode_io1_omap3530_exe.ov4TCE
 0002:00010188       ti_sdo_codecs_h264dec_ce_H264DEC_codecClassConfig 0004c188     video_encode_io1_omap3530_exe.ov4TCE
 0002:000101c8       ti_sdo_codecs_mpeg4dec_ce_MPEG4DEC_codecClassConfig 0004c1c8     video_encode_io1_omap3530_exe.ov4TCE
 0002:00010238       ti_sdo_ce_Engine_noCommName 0004c238     video_encode_io1_omap3530_exe.ov4TCE
 0002:0001023c       VISA_checked               0004c23c     video_encode_io1_omap3530_exe.ov4TCE
 0002:00010250       Global_useLinkArbiter      0004c250     video_encode_io1_omap3530_exe.ov4TCE
 0002:00010254       PWRM_doImcopConfig         0004c254     video_encode_io1_omap3530_exe.ov4TCE
 0002:00010258       ti_sdo_ce_alg_ALG_useHeap  0004c258     video_encode_io1_omap3530_exe.ov4TCE
 0002:0001025c       ti_sdo_ce_alg_ALG_useCache 0004c25c     video_encode_io1_omap3530_exe.ov4TCE
 0002:00010260       _ALG_groupUsed             0004c260     video_encode_io1_omap3530_exe.ov4TCE
 0002:000102b0       _ALG_groupRefCount         0004c2b0     video_encode_io1_omap3530_exe.ov4TCE
 0002:00010300       _Algorithm_lockOwner       0004c300     video_encode_io1_omap3530_exe.ov4TCE
 0002:00010350       ti_sdo_ce_universal_UNIVERSAL_curTrace 0004c350     universal:universal.ov4TCE
 0002:0001036c       ti_sdo_dmai_GTMask         0004c36c     dmai_wince_omap3530:Dmai.o3530.ov4TCE
 0002:00010374       ti_sdo_ce_image1_IMGDEC1_curTrace 0004c374     imgdec1:imgdec1.ov4TCE
 0002:00010380       ti_sdo_ce_image1_IMGENC1_curTrace 0004c380     imgenc1:imgenc1.ov4TCE
 0002:0001038c       ti_sdo_ce_video2_VIDDEC2_curTrace 0004c38c     viddec2:viddec2.ov4TCE
 0002:00010398       ti_sdo_ce_video1_VIDENC1_curTrace 0004c398     videnc1:videnc1.ov4TCE
 0002:000103a4       ti_sdo_ce_audio1_AUDDEC1_curTrace 0004c3a4     auddec1:auddec1.ov4TCE
 0002:000103b0       ti_sdo_ce_speech1_SPHDEC1_curTrace 0004c3b0     sphdec1:sphdec1.ov4TCE
 0002:000103bc       ti_sdo_ce_speech1_SPHENC1_curTrace 0004c3bc     sphenc1:sphenc1.ov4TCE
 0002:000104c8       Engine_alwaysCollectDspTrace 0004c4c8     ce:Engine.ov4TCE
 0002:000104f0       Server_holdingTraceToken   0004c4f0     ce:Server.ov4TCE
 0002:00010568       Comm_ATTRS                 0004c568     ipc_dsplink_3530:Comm_dsplink.ov4TCE
 0002:0001057c       Global_cePoolId            0004c57c     ipc_dsplink_3530:Comm_dsplink.ov4TCE
 0002:00010754       GT_config_traceOutStream   0004c754     osal_wince:GT_config_wince.ov4TCE
 0002:00010874       Lock_system                0004c874     osal_wince:Lock_wince.ov4TCE
 0002:00010884       gListCSInitialized         0004c884     osal_wince:Thread_wince.ov4TCE
 0002:00010888       pListCS                    0004c888     osal_wince:Thread_wince.ov4TCE
 0002:000108f0       DRV_handle                 0004c8f0     dsplinkapi:proc.o
 0002:000108f4       PROC_linkCfgPtr            0004c8f4     dsplinkapi:proc.o
 0002:000108f8       PROC_stateObj              0004c8f8     dsplinkapi:proc.o
 0002:00010cc4       LINKCFG_gppOsObject        0004ccc4     dsplinkapi:CFG_WinCE.o
 0002:00010cd0       _exitflag                  0004ccd0     corelibc:cexit.obj
 0002:00010cd4       __argv                     0004ccd4     corelibc:crtstrta.obj
 0002:00010cd8       __argc                     0004ccd8     corelibc:crtstrta.obj
 0002:00010ce0       _ALG_sems                  0004cce0     <common>
 0002:00010d30       optreset                   0004cd30     <common>
 0002:00010d34       optarg                     0004cd34     <common>
 0002:00010d38       PerformanceFrequency       0004cd38     <common>
 0002:00010d40       ti_sdo_ce_alg_GTMask       0004cd40     <common>
 0002:00010d50       gThreadPrivateDataList     0004cd50     <common>
 0002:00010d60       NOTIFY_state               0004cd60     <common>
 0002:00010dc0       POOL_addrConfig            0004cdc0     <common>
 0002:000110c0       RingIO_State               0004d0c0     <common>
 0002:000110e0       MPLIST_State               0004d0e0     <common>
 0002:00011100       MPCS_State                 0004d100     <common>
 0002:00011120       __onexitend                0004d120     <common>
 0002:00011124       __onexitbegin              0004d124     <common>

 entry point at        0001:00029430

 Static symbols

 0001:0000b2ac       parseArgs                  0001c2ac f   main.o3530.ov4TCE
 0001:0000b89c       usage                      0001c89c f   main.o3530.ov4TCE
 0001:0000bbe4       marshallMsg                0001cbe4 f   universal:universal_stubs.ov4TCE
 0001:0000bfd4       process                    0001cfd4 f   universal:universal_stubs.ov4TCE
 0001:0000c0a0       control                    0001d0a0 f   universal:universal_stubs.ov4TCE
 0001:0000c688       _Buffer_init               0001d688 f   dmai_wince_omap3530:Buffer.o3530.ov4TCE
 0001:0000de54       cleanup                    0001ee54 f   dmai_wince_omap3530:BufTab.o3530.ov4TCE
 0001:0000e000       cleanupBufs                0001f000 f   dmai_wince_omap3530:BufTab.o3530.ov4TCE
 0001:0000f8bc       getDevice                  000208bc f   dmai_wince_omap3530:Cpu.o3530.ov4TCE
 0001:0001043c       permute_args               0002143c f   dmai_wince_omap3530:getopt_long.o3530.ov4TCE
 0001:000105b4       gcd                        000215b4 f   dmai_wince_omap3530:getopt_long.o3530.ov4TCE
 0001:0001061c       getopt_internal            0002161c f   dmai_wince_omap3530:getopt_long.o3530.ov4TCE
 0001:0001100c       marshallMsg                0002200c f   imgdec1:imgdec1_stubs.ov4TCE
 0001:00011250       process                    00022250 f   imgdec1:imgdec1_stubs.ov4TCE
 0001:00011318       control                    00022318 f   imgdec1:imgdec1_stubs.ov4TCE
 0001:00011554       marshallMsg                00022554 f   imgenc1:imgenc1_stubs.ov4TCE
 0001:00011798       process                    00022798 f   imgenc1:imgenc1_stubs.ov4TCE
 0001:00011860       control                    00022860 f   imgenc1:imgenc1_stubs.ov4TCE
 0001:00011a9c       marshallMsg                00022a9c f   viddec2:viddec2_stubs.ov4TCE
 0001:00011d7c       unmarshallMsg              00022d7c f   viddec2:viddec2_stubs.ov4TCE
 0001:00011fe8       process                    00022fe8 f   viddec2:viddec2_stubs.ov4TCE
 0001:0001205c       control                    0002305c f   viddec2:viddec2_stubs.ov4TCE
 0001:00012298       marshallMsg                00023298 f   videnc1:videnc1_stubs.ov4TCE
 0001:000124f8       unmarshallMsg              000234f8 f   videnc1:videnc1_stubs.ov4TCE
 0001:000125ec       process                    000235ec f   videnc1:videnc1_stubs.ov4TCE
 0001:00012660       control                    00023660 f   videnc1:videnc1_stubs.ov4TCE
 0001:00012f20       marshallMsg                00023f20 f   auddec1:auddec1_stubs.ov4TCE
 0001:00013164       process                    00024164 f   auddec1:auddec1_stubs.ov4TCE
 0001:0001322c       control                    0002422c f   auddec1:auddec1_stubs.ov4TCE
 0001:00013468       marshallMsg                00024468 f   sphdec1:sphdec1_stubs.ov4TCE
 0001:00013620       unmarshallMsg              00024620 f   sphdec1:sphdec1_stubs.ov4TCE
 0001:000136b8       process                    000246b8 f   sphdec1:sphdec1_stubs.ov4TCE
 0001:0001372c       control                    0002472c f   sphdec1:sphdec1_stubs.ov4TCE
 0001:00013978       marshallMsg                00024978 f   sphenc1:sphenc1_stubs.ov4TCE
 0001:00013b30       unmarshallMsg              00024b30 f   sphenc1:sphenc1_stubs.ov4TCE
 0001:00013bc8       process                    00024bc8 f   sphenc1:sphenc1_stubs.ov4TCE
 0001:00013c3c       control                    00024c3c f   sphenc1:sphenc1_stubs.ov4TCE
 0001:00014000       cleanup                    00025000 f   ce:Engine.ov4TCE
 0001:00014100       outputDspTrace             00025100 f   ce:Engine.ov4TCE
 0001:00014230       freeServerTab              00025230 f   ce:Engine.ov4TCE
 0001:00014374       getServerKey               00025374 f   ce:Engine.ov4TCE
 0001:000144dc       getRpcProtocolVersion      000254dc f   ce:Engine.ov4TCE
 0001:000145ac       isa                        000255ac f   ce:Engine.ov4TCE
 0001:0001469c       name2Uuid                  0002569c f   ce:Engine.ov4TCE
 0001:00014758       rserverClose               00025758 f   ce:Engine.ov4TCE
 0001:000147f8       rserverOpen                000257f8 f   ce:Engine.ov4TCE
 0001:00015a78       allocNode                  00026a78 f   ce:Engine.ov4TCE
 0001:00015c1c       checkServer                00026c1c f   ce:Engine.ov4TCE
 0001:00016304       rmsInit                    00027304 f   ce:Engine.ov4TCE
 0001:00016d0c       cleanup                    00027d0c f   ce:Server.ov4TCE
 0001:00018dc4       modifyDefaultLinkCfgObjectBasedOnUserCfgData 00029dc4 f   ipc_dsplink_3530:Processor_dsplink.ov4TCE
 0001:0001aca8       procDelete                 0002bca8 f   ipc_dsplink_3530:Processor_dsplink.ov4TCE
 0001:0001b068       doCmd                      0002c068 f   ipc_dsplink_3530:Processor_dsplink.ov4TCE
 0001:0001b21c       cleanup                    0002c21c f   ipc_dsplink_3530:Processor_dsplink.ov4TCE
 0001:0001b2e0       procCreate                 0002c2e0 f   ipc_dsplink_3530:Processor_dsplink.ov4TCE
 0001:0001b780       daemon                     0002c780 f   ipc_dsplink_3530:Processor_dsplink.ov4TCE
 0001:0001cad4       cleanup                    0002dad4 f   ipc_dsplink_3530:Power_dsplink.ov4TCE
 0001:0001cb48       getPhysicalAddress         0002db48 f   osal_wince:Memory_cmem.ov4TCE
 0001:0001cc4c       getVirtualAddress          0002dc4c f   osal_wince:Memory_cmem.ov4TCE
 0001:0001cd48       myMalloc                   0002dd48 f   osal_wince:Memory_cmem.ov4TCE
 0001:0001cdac       contigAlloc                0002ddac f   osal_wince:Memory_cmem.ov4TCE
 0001:0001cff0       contigFree                 0002dff0 f   osal_wince:Memory_cmem.ov4TCE
 0001:0001d230       cleanup                    0002e230 f   osal_wince:Memory_cmem.ov4TCE
 0001:0001d52c       addContigBuf               0002e52c f   osal_wince:Memory_cmem.ov4TCE
 0001:0001d950       removeContigBuf            0002e950 f   osal_wince:Memory_cmem.ov4TCE
 0001:0001dd28       cleanup                    0002ed28 f   osal_wince:GT_config_wince.ov4TCE
 0001:0001ddb4       formatNum                  0002edb4 f   osal_wince:GT_config_wince.ov4TCE
 0001:0001df30       doPrint                    0002ef30 f   osal_wince:GT_config_wince.ov4TCE
 0001:0001e81c       cleanup                    0002f81c f   osal_wince:Lock_wince.ov4TCE
 0001:0001e900       cleanup                    0002f900 f   osal_wince:LockMP_wince.ov4TCE
 0001:0001eaa4       runStub                    0002faa4 f   osal_wince:Thread_wince.ov4TCE
 0001:0001eafc       cleanup                    0002fafc f   osal_wince:Thread_wince.ov4TCE
 0001:0001f09c       cleanup                    0003009c f   osal_wince:Queue_wince.ov4TCE
 0001:0001f400       cleanup                    00030400 f   osal_wince:SemMP_wince.ov4TCE
 0001:0001f788       cleanup                    00030788 f   osal_wince:Sem_wince.ov4TCE
 0001:00020358       getModNameFlagsAddr        00031358 f   gt:gt.ov4TCE
 0001:00020430       addModName                 00031430 f   gt:gt.ov4TCE
 0001:00020518       applyOp                    00031518 f   gt:gt.ov4TCE
 0001:00020598       wildcardUpdate             00031598 f   gt:gt.ov4TCE
 0001:0002070c       setMask                    0003170c f   gt:gt.ov4TCE
 0001:00020ce8       validate_init              00031ce8 f   cmem:cmem.obj
 0001:00020d48       allocFromPool              00031d48 f   cmem:cmem.obj
 0001:00020df8       allocFromHeap              00031df8 f   cmem:cmem.obj
 0001:00020f44       getPoolFromBlock           00031f44 f   cmem:cmem.obj
 0001:0002127c       getBlock                   0003227c f   cmem:cmem.obj
 0001:0002355c       DRV_installCleanupRoutines 0003455c f   dsplinkapi:drv_api.o
 0001:00024e84       NOTIFY_eventWorker         00035e84 f   dsplinkapi:_notify.o
 0001:00028f0c       doexit                     00039f0c f   corelibc:cexit.obj
 0001:0002904c       ?crtstart_FreeArguments@@YAXXZ 0003a04c f   corelibc:crtstrta.obj
 0001:0002906c       ?crtstart_CountSpaceA@@YAXAAH0PBD@Z 0003a06c f   corelibc:crtstrta.obj
 0001:00029138       ?crtstart_ParseArgsWA@@YAHPBG0AAHAAPAPAD@Z 0003a138 f   corelibc:crtstrta.obj
 0001:00029344       ?mainCRTStartupHelper@@YAXPAUHINSTANCE__@@PBG@Z 0003a344 f   corelibc:crtstrta.obj
