 video_decode_io2_omap3530

 Timestamp is 4d349da4 (Mon Jan 17 14:51:00 2011)

 Preferred load address is 00010000

 Start         Length     Name                   Class
 0001:00000000 00000144H .idata$5                CODE
 0001:00000144 00000004H .CRT$XCA                CODE
 0001:00000148 00000004H .CRT$XCZ                CODE
 0001:0000014c 00000004H .CRT$XIA                CODE
 0001:00000150 00000004H .CRT$XIZ                CODE
 0001:00000154 00000004H .CRT$XPA                CODE
 0001:00000158 00000004H .CRT$XPZ                CODE
 0001:0000015c 00000004H .CRT$XTA                CODE
 0001:00000160 00000004H .CRT$XTZ                CODE
 0001:00000170 00009e14H .rdata                  CODE
 0001:00009f84 000000acH .rdata$debug            CODE
 0001:0000a040 0002113cH .text                   CODE
 0001:0002b17c 00000044H .xdata                  CODE
 0001:0002b1c0 00000014H .idata$2                CODE
 0001:0002b1d4 00000014H .idata$3                CODE
 0001:0002b1e8 00000144H .idata$4                CODE
 0001:0002b32c 0000000cH .idata$6                CODE
 0001:0002b340 00000899H .edata                  CODE
 0002:00000000 0000117cH .data                   DATA
 0002:00001180 00005fa8H .bss                    DATA
 0003:00000000 00000f48H .pdata                  DATA

  Address         Publics by Value              Rva+Base       Lib:Object

 0000:00000000       ___safe_se_handler_count   00000000     <absolute>
 0000:00000000       ___safe_se_handler_table   00000000     <absolute>
 0001:00000000       __imp_QueryPerformanceFrequency 00011000     coredll:COREDLL.dll
 0001:00000004       __imp_QueryPerformanceCounter 00011004     coredll:COREDLL.dll
 0001:00000008       __imp_GetIdleTime          00011008     coredll:COREDLL.dll
 0001:0000000c       __imp_GetTickCount         0001100c     coredll:COREDLL.dll
 0001:00000010       __imp___GetUserKData       00011010     coredll:COREDLL.dll
 0001:00000014       __imp_WaitForSingleObject  00011014     coredll:COREDLL.dll
 0001:00000018       __imp_ReleaseMutex         00011018     coredll:COREDLL.dll
 0001:0000001c       __imp_CloseHandle          0001101c     coredll:COREDLL.dll
 0001:00000020       __imp_NKDbgPrintfW         00011020     coredll:COREDLL.dll
 0001:00000024       __imp_CreateMutexW         00011024     coredll:COREDLL.dll
 0001:00000028       __imp_RegCloseKey          00011028     coredll:COREDLL.dll
 0001:0000002c       __imp_RegQueryValueExW     0001102c     coredll:COREDLL.dll
 0001:00000030       __imp_MultiByteToWideChar  00011030     coredll:COREDLL.dll
 0001:00000034       __imp_RegCreateKeyExW      00011034     coredll:COREDLL.dll
 0001:00000038       __imp_LeaveCriticalSection 00011038     coredll:COREDLL.dll
 0001:0000003c       __imp_EnterCriticalSection 0001103c     coredll:COREDLL.dll
 0001:00000040       __imp_InterlockedDecrement 00011040     coredll:COREDLL.dll
 0001:00000044       __imp_InterlockedExchange  00011044     coredll:COREDLL.dll
 0001:00000048       __imp_InitializeCriticalSection 00011048     coredll:COREDLL.dll
 0001:0000004c       __imp_InterlockedIncrement 0001104c     coredll:COREDLL.dll
 0001:00000050       __imp_SetThreadPriority    00011050     coredll:COREDLL.dll
 0001:00000054       __imp_Sleep                00011054     coredll:COREDLL.dll
 0001:00000058       __imp_ResumeThread         00011058     coredll:COREDLL.dll
 0001:0000005c       __imp_CreateThread         0001105c     coredll:COREDLL.dll
 0001:00000060       __imp_TerminateThread      00011060     coredll:COREDLL.dll
 0001:00000064       __imp_DeleteCriticalSection 00011064     coredll:COREDLL.dll
 0001:00000068       __imp_CreateSemaphoreW     00011068     coredll:COREDLL.dll
 0001:0000006c       __imp_ReleaseSemaphore     0001106c     coredll:COREDLL.dll
 0001:00000070       __imp_GetFileAttributesW   00011070     coredll:COREDLL.dll
 0001:00000074       __imp_DeviceIoControl      00011074     coredll:COREDLL.dll
 0001:00000078       __imp_CreateFileW          00011078     coredll:COREDLL.dll
 0001:0000007c       __imp_GetSystemInfo        0001107c     coredll:COREDLL.dll
 0001:00000080       __imp_GetLastError         00011080     coredll:COREDLL.dll
 0001:00000084       __imp_LocalFree            00011084     coredll:COREDLL.dll
 0001:00000088       __imp_LocalAlloc           00011088     coredll:COREDLL.dll
 0001:0000008c       __imp_ReadFile             0001108c     coredll:COREDLL.dll
 0001:00000090       __imp_ExitThread           00011090     coredll:COREDLL.dll
 0001:00000094       __imp_CeSetThreadPriority  00011094     coredll:COREDLL.dll
 0001:00000098       __imp_printf               00011098     corelibc:COREDLL.dll
 0001:0000009c       __imp_fwrite               0001109c     corelibc:COREDLL.dll
 0001:000000a0       __imp___rt_sdiv            000110a0     corelibc:COREDLL.dll
 0001:000000a4       __imp_fclose               000110a4     corelibc:COREDLL.dll
 0001:000000a8       __imp_setvbuf              000110a8     corelibc:COREDLL.dll
 0001:000000ac       __imp_fopen                000110ac     corelibc:COREDLL.dll
 0001:000000b0       __imp_memcpy               000110b0     corelibc:COREDLL.dll
 0001:000000b4       __imp_memset               000110b4     corelibc:COREDLL.dll
 0001:000000b8       __imp_atoi                 000110b8     corelibc:COREDLL.dll
 0001:000000bc       __imp_strncpy              000110bc     corelibc:COREDLL.dll
 0001:000000c0       __imp_fprintf              000110c0     corelibc:COREDLL.dll
 0001:000000c4       __imp__getstdfilex         000110c4     corelibc:COREDLL.dll
 0001:000000c8       __imp_memcmp               000110c8     corelibc:COREDLL.dll
 0001:000000cc       __imp_free                 000110cc     corelibc:COREDLL.dll
 0001:000000d0       __imp_calloc               000110d0     corelibc:COREDLL.dll
 0001:000000d4       __imp___rt_udiv            000110d4     corelibc:COREDLL.dll
 0001:000000d8       __imp___rt_sdiv64by64      000110d8     corelibc:COREDLL.dll
 0001:000000dc       __imp_ferror               000110dc     corelibc:COREDLL.dll
 0001:000000e0       __imp_fread                000110e0     corelibc:COREDLL.dll
 0001:000000e4       __imp_clearerr             000110e4     corelibc:COREDLL.dll
 0001:000000e8       __imp_fseek                000110e8     corelibc:COREDLL.dll
 0001:000000ec       __imp_strncmp              000110ec     corelibc:COREDLL.dll
 0001:000000f0       __imp_strlen               000110f0     corelibc:COREDLL.dll
 0001:000000f4       __imp_strchr               000110f4     corelibc:COREDLL.dll
 0001:000000f8       __imp_strcmp               000110f8     corelibc:COREDLL.dll
 0001:000000fc       __imp_strcpy               000110fc     corelibc:COREDLL.dll
 0001:00000100       __imp_sprintf              00011100     corelibc:COREDLL.dll
 0001:00000104       __imp_malloc               00011104     corelibc:COREDLL.dll
 0001:00000108       __imp_getchar              00011108     corelibc:COREDLL.dll
 0001:0000010c       __imp_wcstombs             0001110c     corelibc:COREDLL.dll
 0001:00000110       __imp_swprintf             00011110     corelibc:COREDLL.dll
 0001:00000114       __imp_mbstowcs             00011114     corelibc:COREDLL.dll
 0001:00000118       __imp___security_gen_cookie2 00011118     corelibc:COREDLL.dll
 0001:0000011c       __imp___report_gsfailure   0001111c     corelibc:COREDLL.dll
 0001:00000120       __imp__isctype             00011120     corelibc:COREDLL.dll
 0001:00000124       __imp_wcslen               00011124     corelibc:COREDLL.dll
 0001:00000128       __imp__XcptFilter          00011128     corelibc:COREDLL.dll
 0001:0000012c       __imp_realloc              0001112c     corelibc:COREDLL.dll
 0001:00000130       __imp__msize               00011130     corelibc:COREDLL.dll
 0001:00000134       __imp___C_specific_handler 00011134     corelibc:COREDLL.dll
 0001:00000138       __imp_TerminateProcess     00011138     coredll:COREDLL.dll
 0001:0000013c       __imp_GetModuleFileNameW   0001113c     coredll:COREDLL.dll
 0001:00000140       \177COREDLL_NULL_THUNK_DATA 00011140     coredll:COREDLL.dll
 0001:00000144       __xc_a                     00011144     corelibc:crt0init.obj
 0001:00000148       __xc_z                     00011148     corelibc:crt0init.obj
 0001:0000014c       __xi_a                     0001114c     corelibc:crt0init.obj
 0001:00000150       __xi_z                     00011150     corelibc:crt0init.obj
 0001:00000154       __xp_a                     00011154     corelibc:crt0init.obj
 0001:00000158       __xp_z                     00011158     corelibc:crt0init.obj
 0001:0000015c       __xt_a                     0001115c     corelibc:crt0init.obj
 0001:00000160       __xt_z                     00011160     corelibc:crt0init.obj
 0001:0000018c       ??_C@_0CJ@JDOOODN@Failed?5to?5expand?5BufTab?5with?5?$CFd?5@ 0001118c     appMain.o3530.ov4TCE
 0001:000001b8       ??_C@_0DC@NGLLJKJL@Failed?5to?5chunk?5?$CFd?5bufs?5size?5?$CFd?5@ 000111b8     appMain.o3530.ov4TCE
 0001:000001ec       ??_C@_0CD@PCEFKAEB@Failed?5to?5get?5buffer?5requirement@ 000111ec     appMain.o3530.ov4TCE
 0001:00000210       ??_C@_0CK@PBHHJOEI@Wrote?5420P?5frame?5size?5?$CFd?5?$CI?$CFdx?$CFd?$CJ@ 00011210     appMain.o3530.ov4TCE
 0001:0000023c       ??_C@_0BO@DFICHDEJ@Failed?5to?5write?5data?5to?5disk?6?$AA@ 0001123c     appMain.o3530.ov4TCE
 0001:0000025c       ??_C@_0CK@CIEHKPGF@Wrote?5UYVY?5frame?5size?5?$CFd?5?$CI?$CFdx?$CFd?$CJ@ 0001125c     appMain.o3530.ov4TCE
 0001:00000288       ??_C@_0BF@MHJBDGFK@End?5of?5application?4?6?$AA@ 00011288     appMain.o3530.ov4TCE
 0001:000002a0       ??_C@_0N@OEKNMIFC@Total?3?5?$CFuus?6?$AA@ 000112a0     appMain.o3530.ov4TCE
 0001:000002b0       ??_C@_0BL@JHHCCDOP@Failed?5to?5get?5timer?5total?6?$AA@ 000112b0     appMain.o3530.ov4TCE
 0001:000002cc       ??_C@_0CB@EGCDBKKE@Failed?5to?5allocate?5dummy?5buffer?6@ 000112cc     appMain.o3530.ov4TCE
 0001:000002f0       ??_C@_0CA@MDINLFAE@Loaded?5Frame?5?$CFd?3?5frame?5size?5?$CFd?6?$AA@ 000112f0     appMain.o3530.ov4TCE
 0001:00000310       ??_C@_0BD@FGNGEKPB@Display?5Frame?5?$CFd?3?5?$AA@ 00011310     appMain.o3530.ov4TCE
 0001:00000324       ??_C@_0CG@DMDMEAFJ@Post?9process?5cache?5write?5back?3?5?$CF@ 00011324     appMain.o3530.ov4TCE
 0001:0000034c       ??_C@_0BJ@HINIAOKL@Frame?5?$CFd?5?9?5Decode?3?5?$CFuus?6?$AA@ 0001134c     appMain.o3530.ov4TCE
 0001:00000368       ??_C@_0BL@LOHAGMPB@Failed?5to?5get?5decode?5time?6?$AA@ 00011368     appMain.o3530.ov4TCE
 0001:00000384       ??_C@_0BP@KBDCFGKN@Failed?5to?5decode?5video?5buffer?6?$AA@ 00011384     appMain.o3530.ov4TCE
 0001:000003a4       ??_C@_0CG@LJKLHLBN@Pre?9process?5cache?5maintenance?3?5?$CF@ 000113a4     appMain.o3530.ov4TCE
 0001:000003cc       ??_C@_0BL@GOLIHEPK@Failed?5to?5get?5timer?5delta?6?$AA@ 000113cc     appMain.o3530.ov4TCE
 0001:000003e8       ??_C@_0BH@MLKEOCFN@Failed?5to?5reset?5timer?6?$AA@ 000113e8     appMain.o3530.ov4TCE
 0001:00000400       ??_C@_0DE@NCGDPANI@Failed?5to?5get?5a?5free?5contiguous?5@ 00011400     appMain.o3530.ov4TCE
 0001:00000434       ??_C@_0DB@MAJPDIFB@Loader?5created?5and?5primed?0?5enter@ 00011434     appMain.o3530.ov4TCE
 0001:00000468       ??_C@_0BJ@JKKPKLJM@Failed?5to?5create?5loader?6?$AA@ 00011468     appMain.o3530.ov4TCE
 0001:00000484       ??_C@_0CH@EILGBGOC@Failed?5to?5allocate?5contiguous?5bu@ 00011484     appMain.o3530.ov4TCE
 0001:000004ac       ??_C@_0CE@IMLGFDHG@Failed?5to?5create?5video?5decoder?3?5@ 000114ac     appMain.o3530.ov4TCE
 0001:000004d0       ??_C@_0CA@MJPOHPOA@Failed?5to?5open?5codec?5engine?5?$CFs?6?$AA@ 000114d0     appMain.o3530.ov4TCE
 0001:000004f0       ??_C@_0CG@EHJDDJFC@Failed?5to?5setvbuf?5on?5file?5descri@ 000114f0     appMain.o3530.ov4TCE
 0001:00000518       ??_C@_0CB@GACAHDKN@Failed?5to?5create?5output?5file?5?$CFs?6@ 00011518     appMain.o3530.ov4TCE
 0001:0000053c       ??_C@_02GMLFBBN@wb?$AA@    0001153c     appMain.o3530.ov4TCE
 0001:00000540       ??_C@_0BO@DDFCIKFJ@Failed?5to?5create?5Time?5object?6?$AA@ 00011540     appMain.o3530.ov4TCE
 0001:00000560       ??_C@_0CC@MLIMFCPP@Failed?5to?5determine?5target?5board@ 00011560     appMain.o3530.ov4TCE
 0001:00000584       ??_C@_0BJ@BLOBKCIA@Starting?5application?4?4?4?6?$AA@ 00011584     appMain.o3530.ov4TCE
 0001:000005a0       ??_C@_06KPNAMAEI@decode?$AA@ 000115a0     main.o3530.ov4TCE
 0001:000005a8       ??_C@_0L@DHPAKACO@startframe?$AA@ 000115a8     main.o3530.ov4TCE
 0001:000005b4       ??_C@_0M@FGMMJEED@output_file?$AA@ 000115b4     main.o3530.ov4TCE
 0001:000005c0       ??_C@_09KLBNBHHC@numframes?$AA@ 000115c0     main.o3530.ov4TCE
 0001:000005cc       ??_C@_05BDNCCAMC@cache?$AA@ 000115cc     main.o3530.ov4TCE
 0001:000005d4       ??_C@_0L@IIDIFHJE@input_file?$AA@ 000115d4     main.o3530.ov4TCE
 0001:000005e0       ??_C@_04PCJFHION@help?$AA@ 000115e0     main.o3530.ov4TCE
 0001:000005e8       ??_C@_06LOBMEHPF@engine?$AA@ 000115e8     main.o3530.ov4TCE
 0001:000005f0       ??_C@_05GPLHJCMP@codec?$AA@ 000115f0     main.o3530.ov4TCE
 0001:000005f8       ??_C@_09HHEPMDCB@benchmark?$AA@ 000115f8     main.o3530.ov4TCE
 0001:00000604       ??_C@_0M@PKIFAEPG@c?3e?3hi?3n?3o?3?$AA@ 00011604     main.o3530.ov4TCE
 0001:00000610       ??_C@_0CMK@ODGFIMEM@Usage?3?5video_decode_io2_?$DMplatfor@ 00011610     main.o3530.ov4TCE
 0001:000008dc       ??_C@_04HMHGNEPI@CMEM?$AA@ 000118dc     video_decode_io2_omap3530_exe.ov4TCE
 0001:000008e4       ??_C@_0L@ECHHAMNK@DDRALGHEAP?$AA@ 000118e4     video_decode_io2_omap3530_exe.ov4TCE
 0001:000008f0       ??_C@_06EAMBFBFL@L4CORE?$AA@ 000118f0     video_decode_io2_omap3530_exe.ov4TCE
 0001:000008f8       ??_C@_07FEAKLFCF@L1DSRAM?$AA@ 000118f8     video_decode_io2_omap3530_exe.ov4TCE
 0001:00000900       ??_C@_07MMENPFKI@L1PSRAM?$AA@ 00011900     video_decode_io2_omap3530_exe.ov4TCE
 0001:00000908       ??_C@_05LIMNGODL@L2RAM?$AA@ 00011908     video_decode_io2_omap3530_exe.ov4TCE
 0001:00000910       ??_C@_05FHNHPFFC@L4PER?$AA@ 00011910     video_decode_io2_omap3530_exe.ov4TCE
 0001:00000918       ??_C@_0N@LMANHFGD@RESET_VECTOR?$AA@ 00011918     video_decode_io2_omap3530_exe.ov4TCE
 0001:00000928       ??_C@_0L@DNLAEDIM@DSPLINKMEM?$AA@ 00011928     video_decode_io2_omap3530_exe.ov4TCE
 0001:00000934       ??_C@_04CJAJHKO@DDR2?$AA@  00011934     video_decode_io2_omap3530_exe.ov4TCE
 0001:0000093c       ??_C@_05IDKHKMLA@local?$AA@ 0001193c     video_decode_io2_omap3530_exe.ov4TCE
 0001:00000944       ??_C@_0BA@LDCFOKBI@windows?2cs?4x64P?$AA@ 00011944     video_decode_io2_omap3530_exe.ov4TCE
 0001:00000954       ??_C@_0N@IFNGKIFJ@deinterlacer?$AA@ 00011954     video_decode_io2_omap3530_exe.ov4TCE
 0001:00000964       ??_C@_08IADFIHKL@mpeg4enc?$AA@ 00011964     video_decode_io2_omap3530_exe.ov4TCE
 0001:00000970       ??_C@_08DENMAPCP@mpeg4dec?$AA@ 00011970     video_decode_io2_omap3530_exe.ov4TCE
 0001:0000097c       ??_C@_08LLJMPKIP@mpeg2dec?$AA@ 0001197c     video_decode_io2_omap3530_exe.ov4TCE
 0001:00000988       ??_C@_07EENEKAAF@jpegenc?$AA@ 00011988     video_decode_io2_omap3530_exe.ov4TCE
 0001:00000990       ??_C@_07PADNCIIB@jpegdec?$AA@ 00011990     video_decode_io2_omap3530_exe.ov4TCE
 0001:00000998       ??_C@_07CAMMAMGK@h264enc?$AA@ 00011998     video_decode_io2_omap3530_exe.ov4TCE
 0001:000009a0       ??_C@_07JECFIEOO@h264dec?$AA@ 000119a0     video_decode_io2_omap3530_exe.ov4TCE
 0001:000009a8       ??_C@_07HODBIOKJ@g711enc?$AA@ 000119a8     video_decode_io2_omap3530_exe.ov4TCE
 0001:000009b0       ??_C@_07MKNIAGCN@g711dec?$AA@ 000119b0     video_decode_io2_omap3530_exe.ov4TCE
 0001:000009b8       ??_C@_08PFAMKMBK@aachedec?$AA@ 000119b8     video_decode_io2_omap3530_exe.ov4TCE
 0001:000009c4       ??_C@_0BL@PLDIEAHK@ti?4sdo?4ce?4speech1?4ISPHENC1?$AA@ 000119c4     video_decode_io2_omap3530_exe.ov4TCE
 0001:000009e0       ??_C@_0BP@CKJCKMBG@ti?4sdo?4ce?4universal?4IUNIVERSAL?$AA@ 000119e0     video_decode_io2_omap3530_exe.ov4TCE
 0001:00000a00       ??_C@_0BK@BMFGMDGD@ti?4sdo?4ce?4video2?4IVIDDEC2?$AA@ 00011a00     video_decode_io2_omap3530_exe.ov4TCE
 0001:00000a1c       ??_C@_0BK@PIGKHBJC@ti?4sdo?4ce?4audio1?4IAUDDEC1?$AA@ 00011a1c     video_decode_io2_omap3530_exe.ov4TCE
 0001:00000a38       ??_C@_0BK@JFKAIMBL@ti?4sdo?4ce?4image1?4IIMGDEC1?$AA@ 00011a38     video_decode_io2_omap3530_exe.ov4TCE
 0001:00000a54       ??_C@_0BK@HPMBCCKK@ti?4sdo?4ce?4image1?4IIMGENC1?$AA@ 00011a54     video_decode_io2_omap3530_exe.ov4TCE
 0001:00000a70       ??_C@_0BK@EEPIFIBA@ti?4sdo?4ce?4video1?4IVIDENC1?$AA@ 00011a70     video_decode_io2_omap3530_exe.ov4TCE
 0001:00000a8c       ??_C@_0BL@BBFJOOML@ti?4sdo?4ce?4speech1?4ISPHDEC1?$AA@ 00011a8c     video_decode_io2_omap3530_exe.ov4TCE
 0001:00000aa8       ??_C@_0MG@PCJNDLKB@?5?5?5?5package?5video_decode_io2_oma@ 00011aa8     video_decode_io2_omap3530_exe.ov4TCE
 0001:00000b70       ??_C@_0KB@BJEKFOJA@?5?5?5?5package?5ti?4sdo?4codecs?4deinte@ 00011b70     video_decode_io2_omap3530_exe.ov4TCE
 0001:00000c18       ??_C@_0JD@EGPKHDIC@?5?5?5?5package?5ti?4sdo?4ce?4universal?5@ 00011c18     video_decode_io2_omap3530_exe.ov4TCE
 0001:00000cb0       ??_C@_0JJ@CNCJNPCA@?5?5?5?5package?5ti?4sdo?4codecs?4mpeg4e@ 00011cb0     video_decode_io2_omap3530_exe.ov4TCE
 0001:00000d50       ??_C@_0JC@IHKFMEPA@?5?5?5?5package?5ti?4sdo?4codecs?4mpeg4d@ 00011d50     video_decode_io2_omap3530_exe.ov4TCE
 0001:00000de8       ??_C@_0IM@JNAJBABL@?5?5?5?5package?5ti?4sdo?4codecs?4mpeg4d@ 00011de8     video_decode_io2_omap3530_exe.ov4TCE
 0001:00000e78       ??_C@_0JJ@PGELNIGI@?5?5?5?5package?5ti?4sdo?4codecs?4mpeg2d@ 00011e78     video_decode_io2_omap3530_exe.ov4TCE
 0001:00000f18       ??_C@_0JH@MKEEFJEG@?5?5?5?5package?5ti?4sdo?4codecs?4jpegen@ 00011f18     video_decode_io2_omap3530_exe.ov4TCE
 0001:00000fb0       ??_C@_0JH@DHLAAADE@?5?5?5?5package?5ti?4sdo?4codecs?4jpegde@ 00011fb0     video_decode_io2_omap3530_exe.ov4TCE
 0001:00001048       ??_C@_0JH@CHMEHEKP@?5?5?5?5package?5ti?4sdo?4codecs?4h264en@ 00012048     video_decode_io2_omap3530_exe.ov4TCE
 0001:000010e0       ??_C@_0JA@CFBFLBPA@?5?5?5?5package?5ti?4sdo?4codecs?4h264de@ 000120e0     video_decode_io2_omap3530_exe.ov4TCE
 0001:00001170       ??_C@_0IK@CGBLKBFD@?5?5?5?5package?5ti?4sdo?4codecs?4h264de@ 00012170     video_decode_io2_omap3530_exe.ov4TCE
 0001:00001200       ??_C@_0JH@NEMBFOHF@?5?5?5?5package?5ti?4sdo?4codecs?4g711en@ 00012200     video_decode_io2_omap3530_exe.ov4TCE
 0001:00001298       ??_C@_0JH@CJDFAHAH@?5?5?5?5package?5ti?4sdo?4codecs?4g711de@ 00012298     video_decode_io2_omap3530_exe.ov4TCE
 0001:00001330       ??_C@_0JJ@LDEMGBAG@?5?5?5?5package?5ti?4sdo?4codecs?4aached@ 00012330     video_decode_io2_omap3530_exe.ov4TCE
 0001:000013d0       ??_C@_0HL@JKDEJLKB@?5?5?5?5package?5ti?4sdo?4dmai?5?$CIC?3?1WINC@ 000123d0     video_decode_io2_omap3530_exe.ov4TCE
 0001:00001450       ??_C@_0IN@PNNLPIMB@?5?5?5?5package?5ti?4sdo?4ce?4image1?5?$CIC?3@ 00012450     video_decode_io2_omap3530_exe.ov4TCE
 0001:000014e0       ??_C@_0IL@PMBKLIDP@?5?5?5?5package?5ti?4sdo?4ce?4image?5?$CIC?3?1@ 000124e0     video_decode_io2_omap3530_exe.ov4TCE
 0001:00001570       ??_C@_0IN@DNPGBJLO@?5?5?5?5package?5ti?4sdo?4ce?4video2?5?$CIC?3@ 00012570     video_decode_io2_omap3530_exe.ov4TCE
 0001:00001600       ??_C@_0IN@MDJOEBNN@?5?5?5?5package?5ti?4sdo?4ce?4video1?5?$CIC?3@ 00012600     video_decode_io2_omap3530_exe.ov4TCE
 0001:00001690       ??_C@_0IL@FJOGAPLD@?5?5?5?5package?5ti?4sdo?4ce?4video?5?$CIC?3?1@ 00012690     video_decode_io2_omap3530_exe.ov4TCE
 0001:00001720       ??_C@_0IN@MHIHBAOO@?5?5?5?5package?5ti?4sdo?4ce?4audio1?5?$CIC?3@ 00012720     video_decode_io2_omap3530_exe.ov4TCE
 0001:000017b0       ??_C@_0IL@DFPGICHL@?5?5?5?5package?5ti?4sdo?4ce?4audio?5?$CIC?3?1@ 000127b0     video_decode_io2_omap3530_exe.ov4TCE
 0001:00001840       ??_C@_0IP@JDINONK@?5?5?5?5package?5ti?4sdo?4ce?4speech1?5?$CIC@ 00012840     video_decode_io2_omap3530_exe.ov4TCE
 0001:000018d0       ??_C@_0IN@HCIKBCMK@?5?5?5?5package?5ti?4sdo?4ce?4speech?5?$CIC?3@ 000128d0     video_decode_io2_omap3530_exe.ov4TCE
 0001:00001960       ??_C@_0HP@HBEELEPD@?5?5?5?5package?5ti?4sdo?4ce?5?$CIC?3?1WINCE6@ 00012960     video_decode_io2_omap3530_exe.ov4TCE
 0001:000019e0       ??_C@_0IH@HMAHHBOM@?5?5?5?5package?5ti?4sdo?4ce?4alg?5?$CIC?3?1WI@ 000129e0     video_decode_io2_omap3530_exe.ov4TCE
 0001:00001a68       ??_C@_0JH@LBACENEC@?5?5?5?5package?5ti?4sdo?4ce?4ipc?4dsplin@ 00012a68     video_decode_io2_omap3530_exe.ov4TCE
 0001:00001b00       ??_C@_0IH@JBBCNADF@?5?5?5?5package?5ti?4sdo?4ce?4ipc?5?$CIC?3?1WI@ 00012b00     video_decode_io2_omap3530_exe.ov4TCE
 0001:00001b88       ??_C@_0JF@JOGFPDGH@?5?5?5?5package?5ti?4sdo?4ce?4osal?4wince@ 00012b88     video_decode_io2_omap3530_exe.ov4TCE
 0001:00001c20       ??_C@_0IJ@JOAPGEHK@?5?5?5?5package?5ti?4sdo?4ce?4osal?5?$CIC?3?1W@ 00012c20     video_decode_io2_omap3530_exe.ov4TCE
 0001:00001cb0       ??_C@_0GL@HPMFJBFE@?5?5?5?5package?5ti?4platforms?4evm3530@ 00012cb0     video_decode_io2_omap3530_exe.ov4TCE
 0001:00001d20       ??_C@_0GG@MNBFFCJO@?5?5?5?5package?5ti?4catalog?4c6000?5?$CIC?3@ 00012d20     video_decode_io2_omap3530_exe.ov4TCE
 0001:00001d88       ??_C@_0FH@KMNKILMC@?5?5?5?5package?5ti?4catalog?5?$CIC?3?1TITOO@ 00012d88     video_decode_io2_omap3530_exe.ov4TCE
 0001:00001de0       ??_C@_0GC@KDPFGPHO@?5?5?5?5package?5ti?4catalog?4arm?5?$CIC?3?1T@ 00012de0     video_decode_io2_omap3530_exe.ov4TCE
 0001:00001e48       ??_C@_0JD@LOBOMGAH@?5?5?5?5package?5ti?4sdo?4fc?4acpy3?5?$CIC?3?1@ 00012e48     video_decode_io2_omap3530_exe.ov4TCE
 0001:00001ee0       ??_C@_0JJ@BNGKDEIA@?5?5?5?5package?5ti?4sdo?4fc?4memutils?5?$CI@ 00012ee0     video_decode_io2_omap3530_exe.ov4TCE
 0001:00001f80       ??_C@_0JD@DFMBBBGH@?5?5?5?5package?5ti?4sdo?4fc?4dman3?5?$CIC?3?1@ 00012f80     video_decode_io2_omap3530_exe.ov4TCE
 0001:00002018       ??_C@_0JF@CCFGILMB@?5?5?5?5package?5ti?4sdo?4fc?4global?5?$CIC?3@ 00013018     video_decode_io2_omap3530_exe.ov4TCE
 0001:000020b0       ??_C@_0IJ@DDLAGKJF@?5?5?5?5package?5ti?4sdo?4ce?4node?5?$CIC?3?1W@ 000130b0     video_decode_io2_omap3530_exe.ov4TCE
 0001:00002140       ??_C@_0HI@CHDJFPEG@?5?5?5?5package?5ti?4xdais?5?$CIC?3?1WINCE60@ 00013140     video_decode_io2_omap3530_exe.ov4TCE
 0001:000021b8       ??_C@_0JD@KNOEMAAE@?5?5?5?5package?5ti?4sdo?4ce?4utils?4xdm?5@ 000131b8     video_decode_io2_omap3530_exe.ov4TCE
 0001:00002250       ??_C@_0HM@CGBOAEAF@?5?5?5?5package?5ti?4xdais?4dm?5?$CIC?3?1WINC@ 00013250     video_decode_io2_omap3530_exe.ov4TCE
 0001:000022d0       ??_C@_0JJ@IMOPLEF@?5?5?5?5package?5ti?4sdo?4utils?4trace?5?$CI@ 000132d0     video_decode_io2_omap3530_exe.ov4TCE
 0001:00002370       ??_C@_0IO@FLNGHCCH@?5?5?5?5package?5ti?4bios?4power?5?$CIC?3?1WI@ 00013370     video_decode_io2_omap3530_exe.ov4TCE
 0001:00002400       ??_C@_0JH@PNBBEMI@?5?5?5?5package?5ti?4sdo?4winceutils?4cm@ 00013400     video_decode_io2_omap3530_exe.ov4TCE
 0001:00002498       ??_C@_0HF@IILEBFOE@?5?5?5?5package?5dsplink?4gpp?5?$CIC?3?1WINC@ 00013498     video_decode_io2_omap3530_exe.ov4TCE
 0001:00002510       ??_C@_0IN@OJHFBEHO@?5?5?5?5package?5ti?4sdo?4ce?4global?5?$CIC?3@ 00013510     video_decode_io2_omap3530_exe.ov4TCE
 0001:000025a0       ??_C@_0JL@LHFPAIEM@?5?5?5?5package?5ti?4sdo?4codecs?4deinte@ 000135a0     video_decode_io2_omap3530_exe.ov4TCE
 0001:00002640       ??_C@_0JD@LFBBBKAC@?5?5?5?5package?5ti?4sdo?4codecs?4mpeg4e@ 00013640     video_decode_io2_omap3530_exe.ov4TCE
 0001:000026d8       ??_C@_0JD@IDDFJGOP@?5?5?5?5package?5ti?4sdo?4codecs?4mpeg2d@ 000136d8     video_decode_io2_omap3530_exe.ov4TCE
 0001:00002770       ??_C@_0JB@EDIDFFGA@?5?5?5?5package?5ti?4sdo?4codecs?4jpegen@ 00013770     video_decode_io2_omap3530_exe.ov4TCE
 0001:00002808       ??_C@_0JB@LENKKGDE@?5?5?5?5package?5ti?4sdo?4codecs?4jpegde@ 00013808     video_decode_io2_omap3530_exe.ov4TCE
 0001:000028a0       ??_C@_0JB@PFHJAEGO@?5?5?5?5package?5ti?4sdo?4codecs?4h264en@ 000138a0     video_decode_io2_omap3530_exe.ov4TCE
 0001:00002938       ??_C@_0JB@IMGHGHBP@?5?5?5?5package?5ti?4sdo?4codecs?4g711en@ 00013938     video_decode_io2_omap3530_exe.ov4TCE
 0001:000029d0       ??_C@_0JB@HLDOJEEL@?5?5?5?5package?5ti?4sdo?4codecs?4g711de@ 000139d0     video_decode_io2_omap3530_exe.ov4TCE
 0001:00002a68       ??_C@_0JD@GIIBOCCK@?5?5?5?5package?5ti?4sdo?4codecs?4aached@ 00013a68     video_decode_io2_omap3530_exe.ov4TCE
 0001:00002b00       ??_C@_0HI@CBOLFKGC@?5?5?5?5package?5microsoft?4targets?4ar@ 00013b00     video_decode_io2_omap3530_exe.ov4TCE
 0001:00002b78       __ASM__                    00013b78     video_decode_io2_omap3530_exe.ov4TCE
 0001:00002c44       __ISA__                    00013c44     video_decode_io2_omap3530_exe.ov4TCE
 0001:00002c58       __PLAT__                   00013c58     video_decode_io2_omap3530_exe.ov4TCE
 0001:00002c7c       __TARG__                   00013c7c     video_decode_io2_omap3530_exe.ov4TCE
 0001:00002ca8       ??_C@_08EDLPOAIP@CE_TRACE?$AA@ 00013ca8     video_decode_io2_omap3530_exe.ov4TCE
 0001:00002cb4       ??_C@_03LFCLGGIM@?$CK?$CL7?$AA@ 00013cb4     video_decode_io2_omap3530_exe.ov4TCE
 0001:00002cb8       ??_C@_08GGNNOHFG@CE_CHECK?$AA@ 00013cb8     video_decode_io2_omap3530_exe.ov4TCE
 0001:00002cc4       ??_C@_0CK@LEGFDBOF@?$CK?$CL01234567?0CE?93?0GT_time?$DN0?0GT_pre@ 00013cc4     video_decode_io2_omap3530_exe.ov4TCE
 0001:00002cf0       ??_C@_0CF@MLKDEFPI@?$CK?$CL01234567?0GT_prefix?$DN12345?0GT_ti@ 00013cf0     video_decode_io2_omap3530_exe.ov4TCE
 0001:00002d18       ??_C@_0FG@OMGCGKKB@?$CK?$CL01234567?0CE?93?0ti?4sdo?4ce?4osal?4S@ 00013d18     video_decode_io2_omap3530_exe.ov4TCE
 0001:00002d70       ??_C@_0EO@KFBBILMI@?$CK?$CL01234567?0CR?$DN67?0ti?4sdo?4fc?4dman3@ 00013d70     video_decode_io2_omap3530_exe.ov4TCE
 0001:00002dc0       ??_C@_0CD@MDCEONOA@?$CK?$CL67?0CE?93?0GT_time?$DN0?0GT_prefix?$DN12@ 00013dc0     video_decode_io2_omap3530_exe.ov4TCE
 0001:00002de4       ??_C@_0BO@DELMIHJO@?$CK?$CL67?0GT_prefix?$DN1235?0GT_time?$DN3?$AA@ 00013de4     video_decode_io2_omap3530_exe.ov4TCE
 0001:00002e04       ??_C@_08KKIBLLCI@CE_DEBUG?$AA@ 00013e04     video_decode_io2_omap3530_exe.ov4TCE
 0001:00002e10       ??_C@_0BC@LGCPDJEE@universal_stubs?4c?$AA@ 00013e10     universal:universal_stubs.ov4TCE
 0001:00002e24       ??_C@_0CC@PGFGHOKK@assertion?5violation?3?5?$CFs?0?5line?5?$CFd@ 00013e24     universal:universal_stubs.ov4TCE
 0001:00002e48       ??_C@_0EM@NKCBAILD@process?$DO?5invalid?5arguments?5?9?5too@ 00013e48     universal:universal_stubs.ov4TCE
 0001:00002e94       ??_C@_06KDGMKJOD@inArgs?$AA@ 00013e94     universal:universal_stubs.ov4TCE
 0001:00002e9c       ??_C@_07FANKMMKE@outArgs?$AA@ 00013e9c     universal:universal_stubs.ov4TCE
 0001:00002ea4       ??_C@_06HINJIBLN@inBufs?$AA@ 00013ea4     universal:universal_stubs.ov4TCE
 0001:00002eac       ??_C@_07ILGPOEPK@outBufs?$AA@ 00013eac     universal:universal_stubs.ov4TCE
 0001:00002eb4       ??_C@_0DH@GMOMDFMG@ERROR?$DO?5codec?5?$CI0x?$CFx?$CJ?5modified?5rea@ 00013eb4     universal:universal_stubs.ov4TCE
 0001:00002eec       ??_C@_02DKCKIIND@?$CFs?$AA@ 00013eec     universal:universal.ov4TCE
 0001:00002ef0       ??_C@_0DM@EPLBNJIH@ERROR?$DO?5codec?5?$CI0x?$CFx?$CJ?5modified?5rea@ 00013ef0     universal:universal.ov4TCE
 0001:00002f2c       ??_C@_0DK@PCBOMHHO@ERROR?$DO?5codec?5?$CI0x?$CFx?$CJ?5modified?5rea@ 00013f2c     universal:universal.ov4TCE
 0001:00002f68       ??_C@_06DJIHEMFI@status?$AA@ 00013f68     universal:universal.ov4TCE
 0001:00002f70       ??_C@_09PJPAJAED@dynParams?$AA@ 00013f70     universal:universal.ov4TCE
 0001:00002f7c       ??_C@_0DC@PBCLDBJO@?$FLBufTab?$FN?5Failed?5to?5allocate?5buff@ 00013f7c     dmai_wince_omap3530:BufTab.o3530.ov4TCE
 0001:00002fb0       ??_C@_0CL@MLDHOEKJ@?$FLBufTab?$FN?5Failed?5to?5allocate?5BufT@ 00013fb0     dmai_wince_omap3530:BufTab.o3530.ov4TCE
 0001:00002fdc       ??_C@_0DG@JAIBGHOP@?$FLBufTab?$FN?5Failed?5to?5allocate?5spac@ 00013fdc     dmai_wince_omap3530:BufTab.o3530.ov4TCE
 0001:00003014       ??_C@_0CL@CCHAELDI@?$FLBufTab?$FN?5Allocating?5BufTab?5for?5?$CF@ 00014014     dmai_wince_omap3530:BufTab.o3530.ov4TCE
 0001:00003040       ??_C@_0DF@JHGMKOGM@?$FLBufTab?$FN?5Failed?5to?5allocate?5spac@ 00014040     dmai_wince_omap3530:BufTab.o3530.ov4TCE
 0001:00003078       ??_C@_0BN@DOOKBPNJ@?$FLBufTab?$FN?5Must?5provide?5attrs?6?$AA@ 00014078     dmai_wince_omap3530:BufTab.o3530.ov4TCE
 0001:00003098       ??_C@_0CB@KBHNFEDF@?$FLBufTab?$FN?5Failed?5to?5clone?5buffer?6@ 00014098     dmai_wince_omap3530:BufTab.o3530.ov4TCE
 0001:000030c0       ??_C@_0ED@PFANGGGL@?$FLBufTab?$FN?5New?5chunked?5BufTab?5has?5@ 000140c0     dmai_wince_omap3530:BufTab.o3530.ov4TCE
 0001:00003104       ??_C@_0CL@KEFCLOFI@?$FLBufTab?$FN?5Failed?5to?5allocate?5Buff@ 00014104     dmai_wince_omap3530:BufTab.o3530.ov4TCE
 0001:00003130       ??_C@_0GD@JHAELMCB@?$FLBufTab?$FN?5Trying?5to?5chunk?5BufTab?5@ 00014130     dmai_wince_omap3530:BufTab.o3530.ov4TCE
 0001:00003194       ??_C@_0DE@IFEHFJCC@?$FLBufTab?$FN?5BufTab?5already?5chunked?0@ 00014194     dmai_wince_omap3530:BufTab.o3530.ov4TCE
 0001:000031c8       ??_C@_01EEMJAFIK@?6?$AA@   000141c8     dmai_wince_omap3530:BufTab.o3530.ov4TCE
 0001:000031cc       ??_C@_08JEDFIFKD@BufTab?3?6?$AA@ 000141cc     dmai_wince_omap3530:BufTab.o3530.ov4TCE
 0001:000031d8       Buffer_Memory_Params_DEFAULT 000141d8     dmai_wince_omap3530:Buffer.o3530.ov4TCE
 0001:000031e8       Buffer_Attrs_DEFAULT       000141e8     dmai_wince_omap3530:Buffer.o3530.ov4TCE
 0001:00003200       ??_C@_0DG@GKEDICIC@?$FLBuffer?$FN?5Alloc?5Buffer?5of?5size?5?$CFu@ 00014200     dmai_wince_omap3530:Buffer.o3530.ov4TCE
 0001:00003238       ??_C@_0BM@MFONBCKH@Failed?5to?5allocate?5memory?4?6?$AA@ 00014238     dmai_wince_omap3530:Buffer.o3530.ov4TCE
 0001:00003254       ??_C@_0DF@JIJLNEFJ@?$FLBuffer?$FN?5Failed?5to?5allocate?5spac@ 00014254     dmai_wince_omap3530:Buffer.o3530.ov4TCE
 0001:0000328c       ??_C@_0CD@HNKEDEPJ@?$FLBuffer?$FN?5Unknown?5Buffer?5type?5?$CI?$CFd@ 0001428c     dmai_wince_omap3530:Buffer.o3530.ov4TCE
 0001:000032b0       ??_C@_0BN@COMBEICF@?$FLBuffer?$FN?5Must?5provide?5attrs?6?$AA@ 000142b0     dmai_wince_omap3530:Buffer.o3530.ov4TCE
 0001:000032d0       ??_C@_0DE@NMBPOEGM@?$FLBuffer?$FN?5Failed?5to?5create?5new?5Bu@ 000142d0     dmai_wince_omap3530:Buffer.o3530.ov4TCE
 0001:00003304       ??_C@_0DM@EDDKKOJD@?7Width?5?$CFd?5?$CI?$CFd?$CJ?5Height?5?$CFd?5?$CI?$CFd?$CJ?5Po@ 00014304     dmai_wince_omap3530:Buffer.o3530.ov4TCE
 0001:00003340       ??_C@_0CF@JMAGMGAD@?7Width?5?$CFd?0?5Height?5?$CFd?0?5LineLength@ 00014340     dmai_wince_omap3530:Buffer.o3530.ov4TCE
 0001:00003368       ??_C@_0EB@HHOCHFIL@?$FL?$CFd?$FN?5?$EA?50x?$CFx?5?$CI0x?$CFx?5phys?$CJ?5numBytes@ 00014368     dmai_wince_omap3530:Buffer.o3530.ov4TCE
 0001:000033ac       ??_C@_02KAJCLHKP@no?$AA@   000143ac     dmai_wince_omap3530:Buffer.o3530.ov4TCE
 0001:000033b0       ??_C@_03ICICOMAL@yes?$AA@  000143b0     dmai_wince_omap3530:Buffer.o3530.ov4TCE
 0001:000033b4       ??_C@_0DA@KPPANOB@?$FLBuffer?$FN?5Set?5user?5pointer?50x?$CFx?5?$CI@ 000143b4     dmai_wince_omap3530:Buffer.o3530.ov4TCE
 0001:000033e4       ??_C@_0DF@IFGFNLAH@?$FLBuffer?$FN?5Free?5Buffer?5of?5size?5?$CFu?5@ 000143e4     dmai_wince_omap3530:Buffer.o3530.ov4TCE
 0001:0000341c       Vdec2_Params_DEFAULT       0001441c     dmai_wince_omap3530:Vdec2.o3530.ov4TCE
 0001:00003438       Vdec2_DynamicParams_DEFAULT 00014438     dmai_wince_omap3530:Vdec2.o3530.ov4TCE
 0001:00003454       ??_C@_0DA@LLMILCKC@?$FLVdec2?$FN?5Frame?5does?5not?5fit?5in?5al@ 00014454     dmai_wince_omap3530:Vdec2.o3530.ov4TCE
 0001:00003484       ??_C@_0DA@MFPLBADN@?$FLVdec2?$FN?5VIDDEC2_process?$CI?$CJ?5non?9fa@ 00014484     dmai_wince_omap3530:Vdec2.o3530.ov4TCE
 0001:000034b4       ??_C@_0DM@JHHEGGPM@?$FLVdec2?$FN?5VIDDEC2_process?$CI?$CJ?5failed@ 000144b4     dmai_wince_omap3530:Vdec2.o3530.ov4TCE
 0001:000034f0       ??_C@_0DP@PIHPEDPG@?$FLVdec2?$FN?5VIDDEC2_process?$CI?$CJ?5ret?5?$CFd@ 000144f0     dmai_wince_omap3530:Vdec2.o3530.ov4TCE
 0001:00003530       ??_C@_0DI@PGCOHCEM@?$FLVdec2?$FN?5Unsupported?5color?5format@ 00014530     dmai_wince_omap3530:Vdec2.o3530.ov4TCE
 0001:00003568       ??_C@_0CK@BHGFKJBJ@?$FLVdec2?$FN?5Made?5XDM_GETBUFINFO?5cont@ 00014568     dmai_wince_omap3530:Vdec2.o3530.ov4TCE
 0001:00003594       ??_C@_0CH@MKMBOAAN@?$FLVdec2?$FN?5XDM_GETBUFINFO?5control?5f@ 00014594     dmai_wince_omap3530:Vdec2.o3530.ov4TCE
 0001:000035bc       ??_C@_0CJ@OGHOOLJ@?$FLVdec2?$FN?5Made?5XDM_SETPARAMS?5contr@ 000145bc     dmai_wince_omap3530:Vdec2.o3530.ov4TCE
 0001:000035e8       ??_C@_0CG@JLKFAGPC@?$FLVdec2?$FN?5XDM_SETPARAMS?5control?5fa@ 000145e8     dmai_wince_omap3530:Vdec2.o3530.ov4TCE
 0001:00003610       ??_C@_0CI@KEBONDHF@?$FLVdec2?$FN?5Video?5decoder?5instance?5c@ 00014610     dmai_wince_omap3530:Vdec2.o3530.ov4TCE
 0001:00003638       ??_C@_0CP@CAFGHJAG@?$FLVdec2?$FN?5Failed?5to?5open?5video?5dec@ 00014638     dmai_wince_omap3530:Vdec2.o3530.ov4TCE
 0001:00003668       ??_C@_0DD@OLANPLON@?$FLVdec2?$FN?5Failed?5to?5allocate?5space@ 00014668     dmai_wince_omap3530:Vdec2.o3530.ov4TCE
 0001:000036a0       ??_C@_0EL@HGPEHBD@?$FLVdec2?$FN?5Cannot?5pass?5null?5for?5eng@ 000146a0     dmai_wince_omap3530:Vdec2.o3530.ov4TCE
 0001:000036ec       BufferGfx_Attrs_DEFAULT    000146ec     dmai_wince_omap3530:BufferGfx.o3530.ov4TCE
 0001:0000371c       Time_Attrs_DEFAULT         0001471c     dmai_wince_omap3530:Time.o3530.ov4TCE
 0001:00003720       ??_C@_0DB@MAHOHLKJ@?$FLTime?$FN?5Failed?5to?5allocate?5space?5@ 00014720     dmai_wince_omap3530:Time.o3530.ov4TCE
 0001:00003754       ??_C@_0CM@LHEHPCPO@?$FLTime?$FN?5Performance?5Frequency?5not@ 00014754     dmai_wince_omap3530:Time.o3530.ov4TCE
 0001:00003780       ??_C@_0CB@DLALAJDG@?$FLTime?$FN?5NULL?5attrs?5not?5supported?6@ 00014780     dmai_wince_omap3530:Time.o3530.ov4TCE
 0001:000037a4       ??_C@_0CK@FFPMJDIH@?$FLTime?$FN?5Performance?5Counter?5not?5s@ 000147a4     dmai_wince_omap3530:Time.o3530.ov4TCE
 0001:000037d0       Loader_Attrs_DEFAULT       000147d0     dmai_wince_omap3530:Loader.o3530.ov4TCE
 0001:000037f4       ??_C@_0CG@FMFLBHGE@?$FLLoader?$FN?5Failed?5to?5create?5semaph@ 000147f4     dmai_wince_omap3530:Loader.o3530.ov4TCE
 0001:0000381c       ??_C@_0DC@DJLDEKOI@?$FLLoader?$FN?5Failed?5to?5allocate?5wind@ 0001481c     dmai_wince_omap3530:Loader.o3530.ov4TCE
 0001:00003850       ??_C@_0CJ@EDDEOOAG@?$FLLoader?$FN?5Failed?5to?5allocate?5ring@ 00014850     dmai_wince_omap3530:Loader.o3530.ov4TCE
 0001:0000387c       ??_C@_0DB@BPAPHLD@?$FLLoader?$FN?5Failed?5setvbuf?5?$CI?$CFd?$CJ?5on?5@ 0001487c     dmai_wince_omap3530:Loader.o3530.ov4TCE
 0001:000038b0       ??_C@_0DK@GJBDGGCK@?$FLLoader?$FN?5Failed?5to?5allocate?5memo@ 000148b0     dmai_wince_omap3530:Loader.o3530.ov4TCE
 0001:000038ec       ??_C@_0BM@BMPILHFF@?$FLLoader?$FN?5Failed?5to?5open?5?$CFs?6?$AA@ 000148ec     dmai_wince_omap3530:Loader.o3530.ov4TCE
 0001:00003908       ??_C@_02JDPG@rb?$AA@       00014908     dmai_wince_omap3530:Loader.o3530.ov4TCE
 0001:00003910       ??_C@_0FD@GLJMLMEH@?$FLLoader?$FN?5Creating?5Loader?5for?5?$CFs?5@ 00014910     dmai_wince_omap3530:Loader.o3530.ov4TCE
 0001:00003964       ??_C@_0CL@POLNNKMA@?$FLLoader?$FN?5Failed?5to?5allocate?5Load@ 00014964     dmai_wince_omap3530:Loader.o3530.ov4TCE
 0001:00003990       ??_C@_0DH@NHLBANNF@?$FLLoader?$FN?5Must?5supply?5a?5file?5name@ 00014990     dmai_wince_omap3530:Loader.o3530.ov4TCE
 0001:000039c8       ??_C@_0BK@OHDILKNI@?$FLLoader?$FN?5File?5is?50?5bytes?6?$AA@ 000149c8     dmai_wince_omap3530:Loader.o3530.ov4TCE
 0001:000039e4       ??_C@_0CN@KPKFDDCF@?$FLLoader?$FN?5Error?5reading?5data?5from@ 000149e4     dmai_wince_omap3530:Loader.o3530.ov4TCE
 0001:00003a14       ??_C@_0CH@FAHIPIDG@?$FLLoader?$FN?5Error?5reading?5data?5from@ 00014a14     dmai_wince_omap3530:Loader.o3530.ov4TCE
 0001:00003a3c       ??_C@_0CI@MGEDPCMF@?$FLLoader?$FN?5You?5need?5a?5bigger?5ring?5@ 00014a3c     dmai_wince_omap3530:Loader.o3530.ov4TCE
 0001:00003a64       ??_C@_0CG@DBNNPGIB@?$FLLoader?$FN?5Failed?5to?5pend?5on?5semap@ 00014a64     dmai_wince_omap3530:Loader.o3530.ov4TCE
 0001:00003a8c       ??_C@_0DA@CBJOLGIH@?$FLLoader?$FN?5Reader?5not?5keeping?5up?5w@ 00014a8c     dmai_wince_omap3530:Loader.o3530.ov4TCE
 0001:00003abc       ??_C@_0CL@JMDJIKFL@?$FLDmai?$FN?5Using?5log?5level?5set?5by?5DM@ 00014abc     dmai_wince_omap3530:Dmai.o3530.ov4TCE
 0001:00003ae8       ??_C@_0BN@KMGGCCEG@?$FLDmai?$FN?5Log?5level?5set?5to?5?$CFd?4?6?$AA@ 00014ae8     dmai_wince_omap3530:Dmai.o3530.ov4TCE
 0001:00003b08       ??_C@_0BF@DAKMIKBG@ti?4sdo?4dmai?$DN01234567?$AA@ 00014b08     dmai_wince_omap3530:Dmai.o3530.ov4TCE
 0001:00003b20       ??_C@_0P@ENPDJHEE@ti?4sdo?4dmai?$DN67?$AA@ 00014b20     dmai_wince_omap3530:Dmai.o3530.ov4TCE
 0001:00003b30       ??_C@_0N@DNNMJFAF@ti?4sdo?4dmai?$DN?$AA@ 00014b30     dmai_wince_omap3530:Dmai.o3530.ov4TCE
 0001:00003b40       ??_C@_0CC@PFCAMFLO@?$FLDmai?$FN?5Dmai?5log?5level?5set?5to?5?$CFd?4@ 00014b40     dmai_wince_omap3530:Dmai.o3530.ov4TCE
 0001:00003b64       ??_C@_0M@FMGIJOHE@ti?4sdo?4dmai?$AA@ 00014b64     dmai_wince_omap3530:Dmai.o3530.ov4TCE
 0001:00003b70       ??_C@_08JMKICBHO@OMAP3530?$AA@ 00014b70     dmai_wince_omap3530:Cpu.o3530.ov4TCE
 0001:00003b7c       ??_C@_06IGBDLBHE@DM6437?$AA@ 00014b7c     dmai_wince_omap3530:Cpu.o3530.ov4TCE
 0001:00003b84       ??_C@_06IANIHDJP@DM6467?$AA@ 00014b84     dmai_wince_omap3530:Cpu.o3530.ov4TCE
 0001:00003b8c       ??_C@_06JKEHJGLA@DM6446?$AA@ 00014b8c     dmai_wince_omap3530:Cpu.o3530.ov4TCE
 0001:00003b94       ??_C@_05BIJIDIFM@DM355?$AA@ 00014b94     dmai_wince_omap3530:Cpu.o3530.ov4TCE
 0001:00003b9c       Cpu_Attrs_DEFAULT          00014b9c     dmai_wince_omap3530:Cpu.o3530.ov4TCE
 0001:00003ba0       ??_C@_0CB@NHDJPBNG@?$FLCpu?$FN?5Failed?5to?5get?5device?5type?6@ 00014ba0     dmai_wince_omap3530:Cpu.o3530.ov4TCE
 0001:00003bc4       ??_C@_0CP@NHDOGHPA@?$FLCpu?$FN?5Failed?5to?5allocate?5space?5f@ 00014bc4     dmai_wince_omap3530:Cpu.o3530.ov4TCE
 0001:00003bf3       ??_C@_00CNPNBAHC@?$AA@     00014bf3     dmai_wince_omap3530:getopt_long.o3530.ov4TCE
 0001:00003cb0       ??_C@_0CO@EKKFKKEA@?$FLColorSpace?$FN?5Unknown?5color?5space@ 00014cb0     dmai_wince_omap3530:ColorSpace.o3530.ov4TCE
 0001:00003ce0       ??_C@_0CI@KKHMLDBE@?$FLVideoStd?$FN?5Unknown?5video?5standar@ 00014ce0     dmai_wince_omap3530:VideoStd.o3530.ov4TCE
 0001:00003d08       ??_C@_0BA@LKGFJPFF@imgdec1_stubs?4c?$AA@ 00014d08     imgdec1:imgdec1_stubs.ov4TCE
 0001:00003d18       ??_C@_0EE@JICPFPIG@ERROR?$DO?5codec?5?$CI0x?$CFx?$CJ?5modified?5rea@ 00014d18     imgdec1:imgdec1.ov4TCE
 0001:00003d5c       ??_C@_0BA@BGGBOCNO@imgenc1_stubs?4c?$AA@ 00014d5c     imgenc1:imgenc1_stubs.ov4TCE
 0001:00003d6c       ??_C@_0BA@MPICDNEK@viddec2_stubs?4c?$AA@ 00014d6c     viddec2:viddec2_stubs.ov4TCE
 0001:00003d80       ??_C@_0FB@IHKLOIJJ@ERROR?$DO?5app?5provided?5codec?5?$CI0x?$CFx?$CJ@ 00014d80     viddec2:viddec2_stubs.ov4TCE
 0001:00003dd4       ??_C@_0DC@KMNDBEEF@VIDDEC2_control?$DO?5Exit?5?$CIhandle?$DN0x@ 00014dd4     viddec2:viddec2.ov4TCE
 0001:00003e08       ??_C@_0BA@HHJECOHI@VIDDEC2?3control?$AA@ 00014e08     viddec2:viddec2.ov4TCE
 0001:00003e18       ??_C@_0GB@HAOBGHPN@VIDDEC2_control?$DO?5Enter?5?$CIhandle?$DN0@ 00014e18     viddec2:viddec2.ov4TCE
 0001:00003e7c       ??_C@_0BP@DHBMCOEH@VIDDEC2_create?$DO?5return?5?$CI0x?$CFx?$CJ?6?$AA@ 00014e7c     viddec2:viddec2.ov4TCE
 0001:00003e9c       ??_C@_0DN@HKMNGDBO@VIDDEC2_create?$DO?5Enter?5?$CIengine?$DN0x@ 00014e9c     viddec2:viddec2.ov4TCE
 0001:00003edc       ??_C@_0BJ@PAPDNPMP@ti?4sdo?4ce?4video2?4VIDDEC2?$AA@ 00014edc     viddec2:viddec2.ov4TCE
 0001:00003ef8       ??_C@_0BI@GFBILPLP@VIDDEC2_delete?$DO?5return?6?$AA@ 00014ef8     viddec2:viddec2.ov4TCE
 0001:00003f10       ??_C@_0CF@IJOEPBLN@VIDDEC2_delete?$DO?5Enter?5?$CIhandle?$DN0x@ 00014f10     viddec2:viddec2.ov4TCE
 0001:00003f38       ??_C@_0DC@BOLCNMIC@VIDDEC2_process?$DO?5Exit?5?$CIhandle?$DN0x@ 00014f38     viddec2:viddec2.ov4TCE
 0001:00003f6c       ??_C@_0M@NJAIFDJI@displayBufs?$AA@ 00014f6c     viddec2:viddec2.ov4TCE
 0001:00003f78       ??_C@_0M@BPCHODPE@decodedBufs?$AA@ 00014f78     viddec2:viddec2.ov4TCE
 0001:00003f84       ??_C@_0DM@HJDCOEFC@ERROR?$DO?5codec?5?$CI0x?$CFx?$CJ?5received?5inv@ 00014f84     viddec2:viddec2.ov4TCE
 0001:00003fc0       ??_C@_0BA@IPJNEGCF@VIDDEC2?3process?$AA@ 00014fc0     viddec2:viddec2.ov4TCE
 0001:00003fd0       ??_C@_0FM@MFBFIKCC@VIDDEC2_process?$DO?5Enter?5?$CIhandle?$DN0@ 00014fd0     viddec2:viddec2.ov4TCE
 0001:0000402c       ??_C@_0BA@IILBPLMC@videnc1_stubs?4c?$AA@ 0001502c     videnc1:videnc1_stubs.ov4TCE
 0001:0000403c       ??_C@_0BA@DOPMHGAJ@auddec1_stubs?4c?$AA@ 0001503c     auddec1:auddec1_stubs.ov4TCE
 0001:0000404c       ??_C@_0BA@EGAJECFC@sphdec1_stubs?4c?$AA@ 0001504c     sphdec1:sphdec1_stubs.ov4TCE
 0001:0000405c       ??_C@_0BA@OKANDPNJ@sphenc1_stubs?4c?$AA@ 0001505c     sphenc1:sphenc1_stubs.ov4TCE
 0001:0000406c       ??_C@_0CB@GOEMOEMH@Engine_ctrlNode?$DO?5Returning?50x?$CFx?6@ 0001506c     ce:Engine.ov4TCE
 0001:00004090       ??_C@_0CE@OMDNIMFA@Engine_ctrlNode?$CI0x?$CFlx?0?50x?$CFx?0?50x?$CF@ 00015090     ce:Engine.ov4TCE
 0001:000040b4       ??_C@_08HPIBKOPK@Engine?4c?$AA@ 000150b4     ce:Engine.ov4TCE
 0001:000040c0       ??_C@_0BN@EBNFOHFN@Engine?5freeServerTab?$CI?$CJ?5exit?6?$AA@ 000150c0     ce:Engine.ov4TCE
 0001:000040e0       ??_C@_0DD@BJEAMLFJ@Engine?5freeServerTab?$CI?$CJ?5engine?9?$DOn@ 000150e0     ce:Engine.ov4TCE
 0001:00004114       ??_C@_0CE@CBPGMIAI@Engine?5freeServerTab?$CI?$CJ?5enter?$CI0x?$CF@ 00015114     ce:Engine.ov4TCE
 0001:00004138       ??_C@_0DI@LGEEKCIG@?5?5?5engine?3?5major?5?$DN?5?$CFd?0?5source?5ke@ 00015138     ce:Engine.ov4TCE
 0001:00004170       ??_C@_0DI@CAMKLEDE@?5?5?5server?3?5major?5?$DN?5?$CFd?0?5source?5ke@ 00015170     ce:Engine.ov4TCE
 0001:000041a8       ??_C@_0CJ@FMALIMGN@getServerKey?$CI0x?$CFlx?$CJ?5protocol?5mis@ 000151a8     ce:Engine.ov4TCE
 0001:000041d4       ??_C@_0BL@JKIALMLF@rserverClose?$CI0x?$CFlx?$CJ?5done?4?6?$AA@ 000151d4     ce:Engine.ov4TCE
 0001:000041f0       ??_C@_0CB@MFALMDED@rserverClose?$CI0x?$CFlx?$CJ?0?5count?5?$DN?5?$CFd?6@ 000151f0     ce:Engine.ov4TCE
 0001:00004214       ??_C@_0CA@PJLDBPPN@rserverOpen?$CI?8?$CFs?8?$CJ?3?50x?$CFlx?5done?4?6?$AA@ 00015214     ce:Engine.ov4TCE
 0001:00004234       ??_C@_0DF@MBBNMIMB@rserverOpen?3?5can?8t?5start?5?8?$CFs?8?$DL?5?8@ 00015234     ce:Engine.ov4TCE
 0001:0000426c       ??_C@_0DI@DAGHACEB@rserverOpen?3?5can?8t?5start?5?8?$CFs?8?$DL?5P@ 0001526c     ce:Engine.ov4TCE
 0001:000042a4       ??_C@_0BP@DFBNCMGH@rserverOpen?$CI?8?$CFs?8?$CJ?0?5count?5?$DN?5?$CFd?6?$AA@ 000152a4     ce:Engine.ov4TCE
 0001:000042c4       ??_C@_0CB@NAGMIKEH@Engine_getNumServerAlgs?5exit?5?$CFd?6@ 000152c4     ce:Engine.ov4TCE
 0001:000042e8       ??_C@_0DE@JNGEBAIL@Engine_getNumServerAlgs?5number?5o@ 000152e8     ce:Engine.ov4TCE
 0001:0000431c       ??_C@_0DL@LMNHIBLI@Engine_getNumServerAlgs?$DO?5interna@ 0001531c     ce:Engine.ov4TCE
 0001:00004358       ??_C@_0DI@NLJJCDGB@Engine_getNumServerAlgs?$DO?5Engine?5@ 00015358     ce:Engine.ov4TCE
 0001:00004390       ??_C@_0CG@MHCLDPEH@Engine_getNumServerAlgs?$CI0x?$CFlx?50x@ 00015390     ce:Engine.ov4TCE
 0001:000043b8       ??_C@_0GB@MDBFFHPB@Engine_deleteNode?$CI0x?$CFx?$CJ?3?5algName@ 000153b8     ce:Engine.ov4TCE
 0001:0000441c       ??_C@_0BK@MPJEFPPO@Engine_deleteNode?$CI0x?$CFlx?$CJ?6?$AA@ 0001541c     ce:Engine.ov4TCE
 0001:00004438       ??_C@_0CN@NIMLILBB@Engine_initFromServer?5engine?9?$DOse@ 00015438     ce:Engine.ov4TCE
 0001:00004468       ??_C@_0EB@KEKEJJMC@Engine_initFromServer?$DO?5Memory?5al@ 00015468     ce:Engine.ov4TCE
 0001:000044ac       ??_C@_0DC@DBENNEAN@Engine_initFromServer?$DO?5Memory?5al@ 000154ac     ce:Engine.ov4TCE
 0001:000044e0       ??_C@_0EL@EJCKAJHH@Engine_initFromServer?$DO?5WARNING?5C@ 000154e0     ce:Engine.ov4TCE
 0001:00004530       ??_C@_0FK@PJAMLNNO@Engine_initFromServer?$DO?5failed?5to@ 00015530     ce:Engine.ov4TCE
 0001:00004590       ??_C@_0MA@FKCEAGHG@Engine_initFromServer?$DO?5WARNING?3?5@ 00015590     ce:Engine.ov4TCE
 0001:00004650       ??_C@_0IP@EKGKDKLC@Engine_initFromServer?$DO?5Warning?3?5@ 00015650     ce:Engine.ov4TCE
 0001:000046e0       ??_C@_0EA@JGLEBDAL@Engine_initFromServer?$DO?5Sending?5R@ 000156e0     ce:Engine.ov4TCE
 0001:00004720       ??_C@_0DJ@DPEILMLN@Engine_initFromServer?$DO?5internal?5@ 00015720     ce:Engine.ov4TCE
 0001:00004760       ??_C@_0EM@EBLGDOJE@Engine_initFromServer?$DO?5Initializ@ 00015760     ce:Engine.ov4TCE
 0001:000047b0       ??_C@_0ED@KHNHNAJD@Engine_initFromServer?$DO?5Failed?5to@ 000157b0     ce:Engine.ov4TCE
 0001:000047f8       ??_C@_0EK@OFGAJCNB@Engine_initFromServer?$DO?5Allocatin@ 000157f8     ce:Engine.ov4TCE
 0001:00004848       ??_C@_0GA@FDOJDIEI@Engine_initFromServer?$DO?5Number?5of@ 00015848     ce:Engine.ov4TCE
 0001:000048a8       ??_C@_0FC@PHMCCFFH@Engine_initFromServer?$DO?5Number?5of@ 000158a8     ce:Engine.ov4TCE
 0001:00004900       ??_C@_0EA@FFLJGNGN@Engine_initFromServer?$DO?5Server?5ha@ 00015900     ce:Engine.ov4TCE
 0001:00004940       ??_C@_0EK@MKLMFNOC@Engine_initFromServer?$DO?5Failed?5to@ 00015940     ce:Engine.ov4TCE
 0001:0000498c       ??_C@_0CF@FFHLHKOB@Engine_initFromServer?$DO?5Returning@ 0001598c     ce:Engine.ov4TCE
 0001:000049b4       ??_C@_0BO@BMDJGNBA@Engine_initFromServer?$CI0x?$CFlx?$CJ?6?$AA@ 000159b4     ce:Engine.ov4TCE
 0001:000049d4       ??_C@_0CK@PABEOIDI@Engine_fwriteTrace?$DO?5returning?5co@ 000159d4     ce:Engine.ov4TCE
 0001:00004a00       ??_C@_0NL@JDFLOEMI@?5?$FLARM?$FN?5WARNING?3?5lost?5?$CFd?5characte@ 00015a00     ce:Engine.ov4TCE
 0001:00004ae0       ??_C@_0EM@DFKAGGPB@Engine_fwriteTrace?$DO?5got?5?$CFd?5chars@ 00015ae0     ce:Engine.ov4TCE
 0001:00004b2c       ??_C@_0DG@JCOOLCPA@Engine_fwriteTrace?$CI?$CJ?3?5requesting@ 00015b2c     ce:Engine.ov4TCE
 0001:00004b64       ??_C@_0CD@NMGMAFFC@Engine_fwriteTrace?$DO?5Engine?5in?5us@ 00015b64     ce:Engine.ov4TCE
 0001:00004b88       ??_C@_0CK@CEOEOCNE@Engine_fwriteTrace?$DO?5Engine?5has?5n@ 00015b88     ce:Engine.ov4TCE
 0001:00004bb4       ??_C@_0CI@OGHLOPJE@Engine_fwriteTrace?$CI0x?$CFlx?0?5?8?$CFs?8?0?5@ 00015bb4     ce:Engine.ov4TCE
 0001:00004be0       ??_C@_0GG@OBOMDHPK@Engine_init?$DO?5Descriptor?5for?5engi@ 00015be0     ce:Engine.ov4TCE
 0001:00004c48       ??_C@_0FL@HFCNFMEL@Engine_init?$DO?5CE?5debugging?5on?5?$CICE@ 00015c48     ce:Engine.ov4TCE
 0001:00004ca4       ??_C@_02PPGMKODE@CE?$AA@   00015ca4     ce:Engine.ov4TCE
 0001:00004ca8       ??_C@_0BN@FMJCBGBK@Engine_setTrace?$DO?5return?$CI?$CFd?$CJ?6?$AA@ 00015ca8     ce:Engine.ov4TCE
 0001:00004cc8       ??_C@_0CP@KFOJFAHC@Engine_setTrace?$DO?5Requesting?5DSP?5@ 00015cc8     ce:Engine.ov4TCE
 0001:00004cf8       ??_C@_0EO@JEONFKHM@Engine_setTrace?$DO?5Warning?3?5server@ 00015cf8     ce:Engine.ov4TCE
 0001:00004d48       ??_C@_0DA@EDLJELOM@Engine_setTrace?$DO?5Enter?$CIengine?$DN0x@ 00015d48     ce:Engine.ov4TCE
 0001:00004d78       ??_C@_0DM@KMFEMDID@Engine?$DO?5allocNode?$CI?$CJ?4?5Calling?5Com@ 00015d78     ce:Engine.ov4TCE
 0001:00004db4       ??_C@_0DL@PCGFNNEM@Engine?$DO?5allocNode?$CI?$CJ?4?5Calling?5?$CICo@ 00015db4     ce:Engine.ov4TCE
 0001:00004df0       ??_C@_0BD@JCJFIPPH@gppfromnode_?$CFlu_?$CFu?$AA@ 00015df0     ce:Engine.ov4TCE
 0001:00004e04       ??_C@_0DC@BKMNDAAK@Engine?$DO?5allocNode?5Enter?$CIengine?$DN0@ 00015e04     ce:Engine.ov4TCE
 0001:00004e38       ??_C@_0DJ@HNNPFGIK@checkServer?$CI0x?$CFlx?$CJ?5failed?3?5serve@ 00015e38     ce:Engine.ov4TCE
 0001:00004e74       ??_C@_0BE@MDMEOMF@checkServer?$CI0x?$CFlx?$CJ?6?$AA@ 00015e74     ce:Engine.ov4TCE
 0001:00004e88       ??_C@_06JCNGPGEO@?$FLDSP?$FN?5?$AA@ 00015e88     ce:Engine.ov4TCE
 0001:00004e90       ??_C@_0BD@FDMDFDJA@Engine_close?5exit?6?$AA@ 00015e90     ce:Engine.ov4TCE
 0001:00004ea4       ??_C@_0BF@BHCGNIL@Engine_close?$CI0x?$CFlx?$CJ?6?$AA@ 00015ea4     ce:Engine.ov4TCE
 0001:00004ebc       ??_C@_0CD@BPAJIFFD@Engine_createNode?$DO?5Returning?50x?$CF@ 00015ebc     ce:Engine.ov4TCE
 0001:00004ee0       ??_C@_0DI@HAKMPKOM@Engine_createNode?$DO?5FAILED?5to?5sen@ 00015ee0     ce:Engine.ov4TCE
 0001:00004f18       ??_C@_0HB@ILCICFDN@Engine_createNode?$DO?5created?5node?$CI@ 00015f18     ce:Engine.ov4TCE
 0001:00004f8c       ??_C@_0DA@IBLAMEL@Engine_createNode?$DO?5Remote?5start?5@ 00015f8c     ce:Engine.ov4TCE
 0001:00004fbc       ??_C@_0DI@PJHFKNBJ@Engine_createNode?$DO?5Remote?5node?5c@ 00015fbc     ce:Engine.ov4TCE
 0001:00004ff4       ??_C@_0CM@HEFCOFEL@Engine_createNode?$DO?5Node?5allocati@ 00015ff4     ce:Engine.ov4TCE
 0001:00005020       ??_C@_0DF@PEOMEHGL@Engine_createNode?$DO?5internal?5erro@ 00016020     ce:Engine.ov4TCE
 0001:00005058       ??_C@_0EO@FGMECAPO@Engine_createNode?$DO?5rms?5message?5s@ 00016058     ce:Engine.ov4TCE
 0001:000050a8       ??_C@_0DJ@DCONEBAA@Engine_createNode?$CI0x?$CFlx?0?5?8?$CFs?8?0?5?$CF@ 000160a8     ce:Engine.ov4TCE
 0001:000050e4       ??_C@_0CO@NKEADEP@rmsInit?$CI0x?$CFlx?$CJ?0?5setting?5DSP?5trac@ 000160e4     ce:Engine.ov4TCE
 0001:00005118       ??_C@_0EM@BFBBBJHI@rmsInit?$DO?5RMS?5initialized?$CI0x?$CFlx?$CJ?$DL@ 00016118     ce:Engine.ov4TCE
 0001:00005164       ??_C@_0N@JLDHEACM@CE_DSP0TRACE?$AA@ 00016164     ce:Engine.ov4TCE
 0001:00005174       ??_C@_04BDBAAKCN@rmsq?$AA@ 00016174     ce:Engine.ov4TCE
 0001:0000517c       ??_C@_09NMAIOBIO@?$CFs_?$CFlu_?$CFu?$AA@ 0001617c     ce:Engine.ov4TCE
 0001:00005188       ??_C@_0BJ@DFJHKBMH@Engine_open?$DO?5return?$CI?$CFd?$CJ?6?$AA@ 00016188     ce:Engine.ov4TCE
 0001:000051a8       ??_C@_0FN@COMIHKJD@Engine_open?$DO?5WARNING?3?5Unable?5to?5@ 000161a8     ce:Engine.ov4TCE
 0001:00005208       ??_C@_0CE@PKAINFMI@Engine_open?$DO?5engine?9?$DOserver?5?$DN?50x@ 00016208     ce:Engine.ov4TCE
 0001:0000522c       ??_C@_0CH@DNDFACBO@Engine_open?$DO?5Enter?$CI?8?$CFs?8?0?50x?$CFlx?0?5@ 0001622c     ce:Engine.ov4TCE
 0001:00005254       ??_C@_0DN@HELOJKNI@Engine_getConstName?$DO?5Unable?5to?5l@ 00016254     ce:Engine.ov4TCE
 0001:00005294       ??_C@_0CM@BMIICGHG@Engine_getFxns?$DO?5Unable?5to?5locate@ 00016294     ce:Engine.ov4TCE
 0001:000052c0       ??_C@_0CE@FFLBDGCP@Server_disconnectTrace?$DO?5return?$CI?$CF@ 000162c0     ce:Server.ov4TCE
 0001:000052e4       ??_C@_08IAEJNEEH@Server?4c?$AA@ 000162e4     ce:Server.ov4TCE
 0001:000052f0       ??_C@_0CG@DIFMBCPL@Server_disconnectTrace?$CI?80x?$CFx?8?0?50@ 000162f0     ce:Server.ov4TCE
 0001:00005318       ??_C@_0CM@DNAGGABE@Server_connectTrace?$DO?5token?$CI?$CFd?$CJ?0?5@ 00016318     ce:Server.ov4TCE
 0001:00005344       ??_C@_0CD@HEMDJIHD@Server_connectTrace?$CI?80x?$CFx?8?0?50x?$CFx@ 00016344     ce:Server.ov4TCE
 0001:00005368       ??_C@_0CJ@BDBABDJM@Server_init?$DO?5Global_useLinkArbit@ 00016368     ce:Server.ov4TCE
 0001:00005394       ??_C@_0P@EPMMBJDF@Server_init?$CI?$CJ?6?$AA@ 00016394     ce:Server.ov4TCE
 0001:000053a4       ??_C@_02ODPEBLOD@CS?$AA@   000163a4     ce:Server.ov4TCE
 0001:000053a8       ??_C@_0FB@PJLGAMJE@VISA_allocMsg?$DO?5FAILED?5to?5allocat@ 000163a8     ce:visa.ov4TCE
 0001:000053fc       ??_C@_0DI@OLNBBGKP@VISA_allocMsg?$DO?5Allocating?5messag@ 000163fc     ce:visa.ov4TCE
 0001:00005438       ??_C@_0EI@ELILEMOO@VISA_call?5Completed?3?5messageId?$DN0@ 00016438     ce:visa.ov4TCE
 0001:00005480       ??_C@_0EA@BFJDNMAC@VISA_call?$CIvisa?$DN0x?$CFx?0?5msg?$DN0x?$CFx?$CJ?3?5@ 00016480     ce:visa.ov4TCE
 0001:000054c0       ??_C@_0EA@PJPMEIHH@VISA_delete?$DO?5Engine_ctrlNode?5fai@ 000164c0     ce:visa.ov4TCE
 0001:00005500       ??_C@_0CC@LEIPDLGD@VISA_delete?$DO?5deleting?5codec?50x?$CFx@ 00016500     ce:visa.ov4TCE
 0001:00005528       ??_C@_0EB@EOKHDEPG@VISA_delete?$DO?5deleting?5codec?5?$CIloc@ 00016528     ce:visa.ov4TCE
 0001:0000556c       ??_C@_0BD@ILBNBIJP@VISA_delete?$CI0x?$CFx?$CJ?6?$AA@ 0001656c     ce:visa.ov4TCE
 0001:00005580       ??_C@_0CP@CKFMIEGH@ThreadID?3?50x?$CFx?5codec?5handle?3?50x?$CF@ 00016580     ce:visa.ov4TCE
 0001:000055b0       ??_C@_0CJ@POBGKDHB@VISA_enter?$CIvisa?$DN0x?$CFx?$CJ?3?5algHandle@ 000165b0     ce:visa.ov4TCE
 0001:000055dc       ??_C@_0CC@CFABHIIN@Codec?5handle?3?50x?$CFx?5pre?9deactivat@ 000165dc     ce:visa.ov4TCE
 0001:00005600       ??_C@_0CD@ECOIEMFA@Codec?5handle?3?50x?$CFx?5post?9deactiva@ 00016600     ce:visa.ov4TCE
 0001:00005624       ??_C@_0CI@JJJDIJNL@VISA_exit?$CIvisa?$DN0x?$CFx?$CJ?3?5algHandle?5@ 00016624     ce:visa.ov4TCE
 0001:0000564c       ??_C@_0CG@HOLEEMMM@VISA_freeMsg?$DO?5FAILED?5?$CINULL?5messa@ 0001664c     ce:visa.ov4TCE
 0001:00005678       ??_C@_0EB@KLKCNLIG@VISA_freeMsg?$CI0x?$CFx?0?50x?$CFx?$CJ?3?5Freein@ 00016678     ce:visa.ov4TCE
 0001:000056bc       ??_C@_0CK@CPOLBDOO@VISA_getMaxMsgSize?$CI0x?$CFx?$CJ?3?5return@ 000166bc     ce:visa.ov4TCE
 0001:000056e8       ??_C@_0FI@NKIFJHBB@VISA_create?$DO?5remote?5codec?5create@ 000166e8     ce:visa.ov4TCE
 0001:00005740       ??_C@_0DF@PIKLCDMI@VISA_create2?$DO?5FAILED?5to?5create?5r@ 00016740     ce:visa.ov4TCE
 0001:00005778       ??_C@_0CP@CMDAOIFN@VISA_create2?$DO?5FAILED?5to?5allocate@ 00016778     ce:visa.ov4TCE
 0001:000057a8       ??_C@_0CN@JMHOFAH@VISA_create2?$DO?5FAILED?5to?5allocate@ 000167a8     ce:visa.ov4TCE
 0001:000057d8       ??_C@_0DL@FDHCOFAE@VISA_create?$DO?5local?5codec?5created@ 000167d8     ce:visa.ov4TCE
 0001:00005814       ??_C@_0CN@ECKFMAKP@VISA_create2?$DO?5FAILED?5to?5create?5l@ 00016814     ce:visa.ov4TCE
 0001:00005848       ??_C@_0HD@NNNCAIGG@VISA_create2?$DO?5FAILED?5to?5get?5IALG@ 00016848     ce:visa.ov4TCE
 0001:000058bc       ??_C@_0CK@DKOCJGKC@VISA_create2?$DO?5Unable?5to?5locate?5a@ 000168bc     ce:visa.ov4TCE
 0001:000058e8       ??_C@_0EG@KIJKJBIO@VISA_create2?$DO?5name?3?5?$CFs?5?5priority@ 000168e8     ce:visa.ov4TCE
 0001:00005930       ??_C@_0GB@PJCJKOKO@VISA_create2?$DO?5Name?5of?5codec?5?$FL?$CFs?$FN@ 00016930     ce:visa.ov4TCE
 0001:00005994       ??_C@_0DC@KHAPIMEO@VISA_create2?$CI0x?$CFx?0?5?8?$CFs?8?0?50x?$CFx?0?50@ 00016994     ce:visa.ov4TCE
 0001:000059c8       ??_C@_02JOIDOPKG@CV?$AA@   000169c8     ce:visa.ov4TCE
 0001:000059cc       ??_C@_0CL@FMEELHCJ@VISA_create?$CI0x?$CFx?0?5?8?$CFs?8?0?50x?$CFx?0?50x@ 000169cc     ce:visa.ov4TCE
 0001:000059f8       ??_C@_0FP@DFKICLCI@?$EA?$CI?$CD?$CJ?5ti?4sdo?4ce?$DL?5version?51?0?50?0?56?$DL@ 000169f8     ce:package_ti.sdo.ce.ov4TCE
 0001:00005a58       ??_C@_07CGJPFKDO@1?0?50?0?56?$AA@ 00016a58     ce:package_ti.sdo.ce.ov4TCE
 0001:00005a60       ??_C@_0BB@OOGEEEML@Algorithm_noOS?4c?$AA@ 00016a60     Algorithm_noOS:Algorithm_noOS.ov4TCE
 0001:00005a74       ??_C@_0BK@HLJMNFLP@Algorithm_activate?$DO?5Exit?6?$AA@ 00016a74     Algorithm_noOS:Algorithm_noOS.ov4TCE
 0001:00005a90       ??_C@_0CF@PJPNAHLD@Algorithm_activate?$DO?5Enter?$CIalg?$DN0x@ 00016a90     Algorithm_noOS:Algorithm_noOS.ov4TCE
 0001:00005ab8       ??_C@_0CI@IKGJFLP@Algorithm_addGroup?$DO?5Exit?5?$CIstatus@ 00016ab8     Algorithm_noOS:Algorithm_noOS.ov4TCE
 0001:00005ae0       ??_C@_0CH@IFFHPAND@Algorithm_addGroup?$DO?5Enter?$CIgroupI@ 00016ae0     Algorithm_noOS:Algorithm_noOS.ov4TCE
 0001:00005b08       ??_C@_0BM@DFDPOIM@Algorithm_deactivate?$DO?5Exit?6?$AA@ 00016b08     Algorithm_noOS:Algorithm_noOS.ov4TCE
 0001:00005b24       ??_C@_0CH@OHADJEDF@Algorithm_deactivate?$DO?5Enter?$CIalg?$DN@ 00016b24     Algorithm_noOS:Algorithm_noOS.ov4TCE
 0001:00005b4c       ??_C@_0BI@LMABOHOB@Algorithm_delete?$DO?5Exit?6?$AA@ 00016b4c     Algorithm_noOS:Algorithm_noOS.ov4TCE
 0001:00005b68       ??_C@_0EH@PIDJDIMG@Algorithm_delete?$DO?5Freeing?5of?5alg@ 00016b68     Algorithm_noOS:Algorithm_noOS.ov4TCE
 0001:00005bb0       ??_C@_0CD@PEIKEIND@Algorithm_delete?$DO?5Enter?$CIalg?$DN0x?$CFx@ 00016bb0     Algorithm_noOS:Algorithm_noOS.ov4TCE
 0001:00005bd4       ??_C@_0BI@NEEEBLNB@ti?4sdo?4ce?4alg?4Algorithm?$AA@ 00016bd4     Algorithm_noOS:Algorithm_noOS.ov4TCE
 0001:00005bec       ??_C@_0BN@JELCOOBF@Algorithm_removeGroup?$DO?5Exit?6?$AA@ 00016bec     Algorithm_noOS:Algorithm_noOS.ov4TCE
 0001:00005c0c       ??_C@_0CK@IEHLPDMK@Algorithm_removeGroup?$DO?5Enter?$CIgro@ 00016c0c     Algorithm_noOS:Algorithm_noOS.ov4TCE
 0001:00005c38       ??_C@_0CB@MJHDGPGK@Algorithm_create?$DO?5return?5?$CI0x?$CFx?$CJ?6@ 00016c38     Algorithm_noOS:Algorithm_noOS.ov4TCE
 0001:00005c60       ??_C@_0EK@IKJOLEJG@Algorithm_create?$DO?5Assignment?5of?5@ 00016c60     Algorithm_noOS:Algorithm_noOS.ov4TCE
 0001:00005cb0       ??_C@_0FC@NBNFHCLO@Algorithm_create?$DO?5Granting?5DMA?5c@ 00016cb0     Algorithm_noOS:Algorithm_noOS.ov4TCE
 0001:00005d08       ??_C@_0KG@FGGJEMNH@Algorithm_create?$DO?5Algorithm?5crea@ 00016d08     Algorithm_noOS:Algorithm_noOS.ov4TCE
 0001:00005db0       ??_C@_0EE@BEDGEEKF@Algorithm_create?$DO?5Alloc?5for?5a?5sm@ 00016db0     Algorithm_noOS:Algorithm_noOS.ov4TCE
 0001:00005df4       ??_C@_0CF@MBANPNCL@Algorithm_create?$DO?5useCachedMem?5?$DN@ 00016df4     Algorithm_noOS:Algorithm_noOS.ov4TCE
 0001:00005e20       ??_C@_0FN@DKNBMEHP@Algorithm_create?$DO?5Enter?5?$CIfxns?$DN0x@ 00016e20     Algorithm_noOS:Algorithm_noOS.ov4TCE
 0001:00005e80       ??_C@_0N@PDPJABMI@alg_malloc?4c?$AA@ 00016e80     alg:alg_malloc.ov4TCE
 0001:00005e90       ??_C@_0CF@GEPLAEH@ALG_addGroup?$DO?5group?5?$CFd?5out?5of?5ra@ 00016e90     alg:alg_malloc.ov4TCE
 0001:00005eb8       ??_C@_0CB@HPKOMGDH@ALG_addGroup?$DO?5Exit?4?5status?5?$DN?5?$CFd?6@ 00016eb8     alg:alg_malloc.ov4TCE
 0001:00005edc       ??_C@_0DJ@JMPGNLBD@ALG_addGroup?$DO?5Failed?5to?5create?5s@ 00016edc     alg:alg_malloc.ov4TCE
 0001:00005f18       ??_C@_0CD@DDIIJHDK@ALG_addGroup?$DO?5Enter?4?5groupId?5?$DN?5?$CF@ 00016f18     alg:alg_malloc.ov4TCE
 0001:00005f3c       ??_C@_0BA@HMCDAGE@ALG_init?$DO?5Exit?6?$AA@ 00016f3c     alg:alg_malloc.ov4TCE
 0001:00005f4c       ??_C@_0BB@EPIPDEFM@ALG_init?$DO?5Enter?6?$AA@ 00016f4c     alg:alg_malloc.ov4TCE
 0001:00005f60       ??_C@_0O@BHGMKGJ@ti?4sdo?4ce?4alg?$AA@ 00016f60     alg:alg_malloc.ov4TCE
 0001:00005f70       ??_C@_0CM@GNPCNNCK@ALG_removeGroup?$DO?5groupId?3?5?$CFd?5out@ 00016f70     alg:alg_malloc.ov4TCE
 0001:00005f9c       ??_C@_0BI@CFIOPFOG@ALG_removeGroup?$DO?5Exit?4?6?$AA@ 00016f9c     alg:alg_malloc.ov4TCE
 0001:00005fb4       ??_C@_0CF@CNHLMHPN@ALG_removeGroup?$DO?5Enter?4?5groupId?5@ 00016fb4     alg:alg_malloc.ov4TCE
 0001:00005fdc       ??_C@_0DE@OLBMEBDM@_ALG_allocMemory?$DO?5Invalid?5useCac@ 00016fdc     alg:alg_malloc.ov4TCE
 0001:00006010       ??_C@_0DG@BFPBNBEO@_ALG_freeMemory2?$DO?5memTab?$DN0x?$CFx?0?5n@ 00017010     alg:alg_malloc.ov4TCE
 0001:00006048       ??_C@_0CE@KOHCIMJC@_ALG_allocMemory2?$DO?5Returning?5?$CITR@ 00017048     alg:alg_malloc.ov4TCE
 0001:0000606c       ??_C@_0DF@CPCMIPBB@_ALG_allocMemory2?$DO?5Invalid?5useCa@ 0001706c     alg:alg_malloc.ov4TCE
 0001:000060a4       ??_C@_0DH@GIFFCPKI@_ALG_allocMemory2?$DO?5memTab?$DN0x?$CFx?0?5@ 000170a4     alg:alg_malloc.ov4TCE
 0001:000060dc       ??_C@_0CD@FHPFOOGB@ALG_create?$DO?5Exit?5?$CIalgHandle?$DNNULL@ 000170dc     alg:alg_create.ov4TCE
 0001:00006100       ??_C@_0CE@PLHMDJHN@ALG_create?$DO?5algInit?5call?5failed?5@ 00017100     alg:alg_create.ov4TCE
 0001:00006124       ??_C@_0CD@LLPLCJDF@ALG_create?$DO?5Exit?5?$CIalgHandle?$DN0x?$CFx@ 00017124     alg:alg_create.ov4TCE
 0001:00006148       ??_C@_0CH@GOCKFMNL@ALG_create?$DO?5algInit?5returned?5IAL@ 00017148     alg:alg_create.ov4TCE
 0001:00006170       ??_C@_0FJ@IHIKMACP@ALG_create?$DO?5?5Memory?5requested?5me@ 00017170     alg:alg_create.ov4TCE
 0001:000061cc       ??_C@_0CK@JHHBEKID@ALG_create?$DO?5algAlloc?5returned?5nu@ 000171cc     alg:alg_create.ov4TCE
 0001:000061f8       ??_C@_0EG@DIOHBAAE@ALG_create?$DO?5alg?8s?5algAlloc?$CI?$CJ?5ret@ 000171f8     alg:alg_create.ov4TCE
 0001:00006240       ??_C@_0CI@JDONFDPN@ALG_create?$DO?5algNumAlloc?5?$CFd?5memor@ 00017240     alg:alg_create.ov4TCE
 0001:00006268       ??_C@_0FK@MIEHCAOD@ALG_create?$DO?5Enter?5?$CIscratchId?$DN?$CFd?0@ 00017268     alg:alg_create.ov4TCE
 0001:000062c4       ??_C@_04KHFCIILO@dsp0?$AA@ 000172c4     ipc_dsplink_3530:Processor_dsplink.ov4TCE
 0001:000062cc       ??_C@_0M@LHFNEBAN@CE_DSPDEBUG?$AA@ 000172cc     ipc_dsplink_3530:Processor_dsplink.ov4TCE
 0001:000062d8       ??_C@_0LE@HPNFDGKC@Processor_create_d?$DO?5ERROR?3?5Canno@ 000172d8     ipc_dsplink_3530:Processor_dsplink.ov4TCE
 0001:0000638c       ??_C@_0CO@OONHDBKM@Processor_create_d?$DO?5DODSPCTRL?5wa@ 0001738c     ipc_dsplink_3530:Processor_dsplink.ov4TCE
 0001:000063c0       ??_C@_0IH@LDGDCKMB@Processor_create_d?$DO?5Adding?5DSP?5s@ 000173c0     ipc_dsplink_3530:Processor_dsplink.ov4TCE
 0001:00006448       ??_C@_0DP@FEICGEPH@Processor_create_d?$DO?5Setting?5CMEM@ 00017448     ipc_dsplink_3530:Processor_dsplink.ov4TCE
 0001:00006488       ??_C@_0PC@IHIKAJMA@Processor_create_d?$DO?5WARNING?3?5CME@ 00017488     ipc_dsplink_3530:Processor_dsplink.ov4TCE
 0001:0000657c       ??_C@_0DD@LFCLONAE@Processor_create_d?$DO?5ERROR?3?5CMEM_@ 0001757c     ipc_dsplink_3530:Processor_dsplink.ov4TCE
 0001:000065b0       ??_C@_0FO@JKCJKADD@Processor_create_d?$DO?5Found?5?8CMEM?8@ 000175b0     ipc_dsplink_3530:Processor_dsplink.ov4TCE
 0001:00006610       ??_C@_0DA@OFCOMECI@Processor_create_d?$DO?5ERROR?3?5Memor@ 00017610     ipc_dsplink_3530:Processor_dsplink.ov4TCE
 0001:00006640       ??_C@_0EL@BLIBMENJ@Processor_create_d?$DO?5Using?5DspLin@ 00017640     ipc_dsplink_3530:Processor_dsplink.ov4TCE
 0001:0000668c       ??_C@_0BN@FOBIIGIE@dspConfigs?$FL0?$FN?9?$DOmpcsObjects?9?$DO?$AA@ 0001768c     ipc_dsplink_3530:Processor_dsplink.ov4TCE
 0001:000066ac       ??_C@_0BP@OJJAOMEG@dspConfigs?$FL0?$FN?9?$DOmplistObjects?9?$DO?$AA@ 000176ac     ipc_dsplink_3530:Processor_dsplink.ov4TCE
 0001:000066cc       ??_C@_0L@NPBDAHJB@maxEntries?$AA@ 000176cc     ipc_dsplink_3530:Processor_dsplink.ov4TCE
 0001:000066d8       ??_C@_0BP@NLAMGIDF@dspConfigs?$FL0?$FN?9?$DOringIoObjects?9?$DO?$AA@ 000176d8     ipc_dsplink_3530:Processor_dsplink.ov4TCE
 0001:000066f8       ??_C@_0L@HIPOMGDB@maxMsgSize?$AA@ 000176f8     ipc_dsplink_3530:Processor_dsplink.ov4TCE
 0001:00006704       ??_C@_0BM@KBCJLEPE@dspConfigs?$FL0?$FN?9?$DOmqtObjects?9?$DO?$AA@ 00017704     ipc_dsplink_3530:Processor_dsplink.ov4TCE
 0001:00006720       ??_C@_0N@KMJFFJGP@queuePerChnl?$AA@ 00017720     ipc_dsplink_3530:Processor_dsplink.ov4TCE
 0001:00006730       ??_C@_06GDBBPNOO@poolId?$AA@ 00017730     ipc_dsplink_3530:Processor_dsplink.ov4TCE
 0001:00006738       ??_C@_0L@JFCDCAC@maxBufSize?$AA@ 00017738     ipc_dsplink_3530:Processor_dsplink.ov4TCE
 0001:00006744       ??_C@_0M@HKCOIMCM@numChannels?$AA@ 00017744     ipc_dsplink_3530:Processor_dsplink.ov4TCE
 0001:00006750       ??_C@_0L@ELKMCEMD@baseChnlId?$AA@ 00017750     ipc_dsplink_3530:Processor_dsplink.ov4TCE
 0001:0000675c       ??_C@_0CB@FCIPDFCN@dspConfigs?$FL0?$FN?9?$DOdataTables?$FL0?$FN?$FLi?$FN?4@ 0001775c     ipc_dsplink_3530:Processor_dsplink.ov4TCE
 0001:00006780       ??_C@_0N@HBLLMMJD@poolMemEntry?$AA@ 00017780     ipc_dsplink_3530:Processor_dsplink.ov4TCE
 0001:00006790       ??_C@_0L@GMEEACBC@ipsEventNo?$AA@ 00017790     ipc_dsplink_3530:Processor_dsplink.ov4TCE
 0001:0000679c       ??_C@_05JPEEPHJP@ipsId?$AA@ 0001779c     ipc_dsplink_3530:Processor_dsplink.ov4TCE
 0001:000067a4       ??_C@_08JKCHBGEI@poolSize?$AA@ 000177a4     ipc_dsplink_3530:Processor_dsplink.ov4TCE
 0001:000067b0       ??_C@_0CB@HGFCCBIK@dspConfigs?$FL0?$FN?9?$DOpoolTables?$FL0?$FN?$FLi?$FN?4@ 000177b0     ipc_dsplink_3530:Processor_dsplink.ov4TCE
 0001:000067d4       ??_C@_0P@ILHODMNE@dspIntVectorId?$AA@ 000177d4     ipc_dsplink_3530:Processor_dsplink.ov4TCE
 0001:000067e4       ??_C@_08ECBMMAAO@dspIntId?$AA@ 000177e4     ipc_dsplink_3530:Processor_dsplink.ov4TCE
 0001:000067f0       ??_C@_08PFBOPLCI@gppIntId?$AA@ 000177f0     ipc_dsplink_3530:Processor_dsplink.ov4TCE
 0001:000067fc       ??_C@_0N@IFGNBNDC@numIpsEvents?$AA@ 000177fc     ipc_dsplink_3530:Processor_dsplink.ov4TCE
 0001:0000680c       ??_C@_0CA@CMKPFHNC@dspConfigs?$FL0?$FN?9?$DOipsTables?$FL0?$FN?$FLi?$FN?4?$AA@ 0001780c     ipc_dsplink_3530:Processor_dsplink.ov4TCE
 0001:0000682c       ??_C@_05KHLAPIGH@syncd?$AA@ 0001782c     ipc_dsplink_3530:Processor_dsplink.ov4TCE
 0001:00006834       ??_C@_06HBFNPGIC@shared?$AA@ 00017834     ipc_dsplink_3530:Processor_dsplink.ov4TCE
 0001:0000683c       ??_C@_04IAGNFIBA@size?$AA@ 0001783c     ipc_dsplink_3530:Processor_dsplink.ov4TCE
 0001:00006844       ??_C@_0M@HGCDAPOA@gppVirtAddr?$AA@ 00017844     ipc_dsplink_3530:Processor_dsplink.ov4TCE
 0001:00006850       ??_C@_0M@JIFPLLBB@dspVirtAddr?$AA@ 00017850     ipc_dsplink_3530:Processor_dsplink.ov4TCE
 0001:0000685c       ??_C@_08JNBNBADI@physAddr?$AA@ 0001785c     ipc_dsplink_3530:Processor_dsplink.ov4TCE
 0001:00006868       ??_C@_05HNNDEAND@entry?$AA@ 00017868     ipc_dsplink_3530:Processor_dsplink.ov4TCE
 0001:00006870       ??_C@_0M@IEGCNNFE@entry?5?$CD?$CFd?3?6?$AA@ 00017870     ipc_dsplink_3530:Processor_dsplink.ov4TCE
 0001:0000687c       ??_C@_0CA@GKMIBEKP@dspConfigs?$FL0?$FN?9?$DOmemTables?$FL0?$FN?$FLi?$FN?4?$AA@ 0001787c     ipc_dsplink_3530:Processor_dsplink.ov4TCE
 0001:0000689c       ??_C@_0M@KIHKNHEL@mpcsTableId?$AA@ 0001789c     ipc_dsplink_3530:Processor_dsplink.ov4TCE
 0001:000068a8       ??_C@_0O@IOBGLBBF@mplistTableId?$AA@ 000178a8     ipc_dsplink_3530:Processor_dsplink.ov4TCE
 0001:000068b8       ??_C@_0O@GCKLOOHJ@ringIoTableId?$AA@ 000178b8     ipc_dsplink_3530:Processor_dsplink.ov4TCE
 0001:000068c8       ??_C@_05KEGCKEIA@mqtId?$AA@ 000178c8     ipc_dsplink_3530:Processor_dsplink.ov4TCE
 0001:000068d0       ??_C@_0P@GGCBGECG@numDataDrivers?$AA@ 000178d0     ipc_dsplink_3530:Processor_dsplink.ov4TCE
 0001:000068e0       ??_C@_0M@BNOPAGLH@dataTableId?$AA@ 000178e0     ipc_dsplink_3530:Processor_dsplink.ov4TCE
 0001:000068ec       ??_C@_0O@EPDDDPDM@numIpsEntries?$AA@ 000178ec     ipc_dsplink_3530:Processor_dsplink.ov4TCE
 0001:000068fc       ??_C@_0L@BHPHANIL@ipsTableId?$AA@ 000178fc     ipc_dsplink_3530:Processor_dsplink.ov4TCE
 0001:00006908       ??_C@_08PCPCBFOB@memEntry?$AA@ 00017908     ipc_dsplink_3530:Processor_dsplink.ov4TCE
 0001:00006914       ??_C@_0O@PNJMMFJH@hshkPollCount?$AA@ 00017914     ipc_dsplink_3530:Processor_dsplink.ov4TCE
 0001:00006924       ??_C@_0CA@MPFLFMGA@dspConfigs?$FL0?$FN?9?$DOlinkDrvObjects?9?$DO?$AA@ 00017924     ipc_dsplink_3530:Processor_dsplink.ov4TCE
 0001:00006944       ??_C@_04LDBACBBL@arg5?$AA@ 00017944     ipc_dsplink_3530:Processor_dsplink.ov4TCE
 0001:0000694c       ??_C@_04KKALBAFK@arg4?$AA@ 0001794c     ipc_dsplink_3530:Processor_dsplink.ov4TCE
 0001:00006954       ??_C@_04OFEKIGJN@arg3?$AA@ 00017954     ipc_dsplink_3530:Processor_dsplink.ov4TCE
 0001:0000695c       ??_C@_04PMFBLHNM@arg2?$AA@ 0001795c     ipc_dsplink_3530:Processor_dsplink.ov4TCE
 0001:00006964       ??_C@_04NHHMOEBP@arg1?$AA@ 00017964     ipc_dsplink_3530:Processor_dsplink.ov4TCE
 0001:0000696c       ??_C@_09EMOLPCGH@linkDrvId?$AA@ 0001796c     ipc_dsplink_3530:Processor_dsplink.ov4TCE
 0001:00006978       ??_C@_0L@DAKPKANF@memEntries?$AA@ 00017978     ipc_dsplink_3530:Processor_dsplink.ov4TCE
 0001:00006984       ??_C@_0L@CKLKNEG@memTableId?$AA@ 00017984     ipc_dsplink_3530:Processor_dsplink.ov4TCE
 0001:00006990       ??_C@_08IDBMIOML@wordSwap?$AA@ 00017990     ipc_dsplink_3530:Processor_dsplink.ov4TCE
 0001:0000699c       ??_C@_06BBBEKDND@endian?$AA@ 0001799c     ipc_dsplink_3530:Processor_dsplink.ov4TCE
 0001:000069a4       ??_C@_07BNIDEPBF@cpuFreq?$AA@ 000179a4     ipc_dsplink_3530:Processor_dsplink.ov4TCE
 0001:000069ac       ??_C@_08PEPMKGPF@maduSize?$AA@ 000179ac     ipc_dsplink_3530:Processor_dsplink.ov4TCE
 0001:000069b8       ??_C@_0O@KAJNADN@resetCodeSize?$AA@ 000179b8     ipc_dsplink_3530:Processor_dsplink.ov4TCE
 0001:000069c8       ??_C@_0M@DCDJJGMA@resetVector?$AA@ 000179c8     ipc_dsplink_3530:Processor_dsplink.ov4TCE
 0001:000069d4       ??_C@_0L@BJDONABI@resumeAddr?$AA@ 000179d4     ipc_dsplink_3530:Processor_dsplink.ov4TCE
 0001:000069e0       ??_C@_0BC@PJDHDJN@?5?5doDspCtrl?5?$DN?5?$CFs?6?$AA@ 000179e0     ipc_dsplink_3530:Processor_dsplink.ov4TCE
 0001:000069f4       ??_C@_08BLIFAKPG@execName?$AA@ 000179f4     ipc_dsplink_3530:Processor_dsplink.ov4TCE
 0001:00006a00       ??_C@_09NEHEHBMH@autoStart?$AA@ 00017a00     ipc_dsplink_3530:Processor_dsplink.ov4TCE
 0001:00006a0c       ??_C@_0L@DKCMPAOP@?5?5?$CFs?5?$DN?5?$CFs?6?$AA@ 00017a0c     ipc_dsplink_3530:Processor_dsplink.ov4TCE
 0001:00006a18       ??_C@_05MAJJAKPI@FALSE?$AA@ 00017a18     ipc_dsplink_3530:Processor_dsplink.ov4TCE
 0001:00006a20       ??_C@_04HCDDPBNL@TRUE?$AA@ 00017a20     ipc_dsplink_3530:Processor_dsplink.ov4TCE
 0001:00006a28       ??_C@_0L@FCFLFAOA@loaderName?$AA@ 00017a28     ipc_dsplink_3530:Processor_dsplink.ov4TCE
 0001:00006a34       ??_C@_07FLMOMEJI@dspArch?$AA@ 00017a34     ipc_dsplink_3530:Processor_dsplink.ov4TCE
 0001:00006a3c       ??_C@_0BL@PCKFPGAI@dspConfigs?$FL0?$FN?9?$DOdspObject?9?$DO?$AA@ 00017a3c     ipc_dsplink_3530:Processor_dsplink.ov4TCE
 0001:00006a58       ??_C@_08LCPABEPJ@numPools?$AA@ 00017a58     ipc_dsplink_3530:Processor_dsplink.ov4TCE
 0001:00006a64       ??_C@_0M@GOIGGGHK@poolTableId?$AA@ 00017a64     ipc_dsplink_3530:Processor_dsplink.ov4TCE
 0001:00006a70       ??_C@_0N@OFKLBNAO@maxChnlQueue?$AA@ 00017a70     ipc_dsplink_3530:Processor_dsplink.ov4TCE
 0001:00006a80       ??_C@_08INHINHIO@maxMsgqs?$AA@ 00017a80     ipc_dsplink_3530:Processor_dsplink.ov4TCE
 0001:00006a8c       ??_C@_0N@BIMMOLCA@?5?5?$CFs?5?$DN?50x?$CFx?6?$AA@ 00017a8c     ipc_dsplink_3530:Processor_dsplink.ov4TCE
 0001:00006a9c       ??_C@_04MEMAJGDJ@name?$AA@ 00017a9c     ipc_dsplink_3530:Processor_dsplink.ov4TCE
 0001:00006aa4       ??_C@_0N@BJBMLINC@?5?5?$CFs?5?$DN?5?$CC?$CFs?$CC?6?$AA@ 00017aa4     ipc_dsplink_3530:Processor_dsplink.ov4TCE
 0001:00006ab4       ??_C@_0M@HPAOHJLG@gppObject?9?$DO?$AA@ 00017ab4     ipc_dsplink_3530:Processor_dsplink.ov4TCE
 0001:00006ac0       ??_C@_0N@NLIBFLON@linkCfg?9?$DO?$CFs?6?$AA@ 00017ac0     ipc_dsplink_3530:Processor_dsplink.ov4TCE
 0001:00006ad0       ??_C@_0DB@BGHMFLAK@LINKCFG_Object?5generated?5for?5PRO@ 00017ad0     ipc_dsplink_3530:Processor_dsplink.ov4TCE
 0001:00006b04       ??_C@_0BC@GGAPAFFC@?$DMINVALID?5SETTING?$DO?$AA@ 00017b04     ipc_dsplink_3530:Processor_dsplink.ov4TCE
 0001:00006b18       ??_C@_0BE@PKNCNPOL@DSP_BootMode_NoBoot?$AA@ 00017b18     ipc_dsplink_3530:Processor_dsplink.ov4TCE
 0001:00006b2c       ??_C@_0BI@MPBPJIOG@DSP_BootMode_NoLoad_Pwr?$AA@ 00017b2c     ipc_dsplink_3530:Processor_dsplink.ov4TCE
 0001:00006b44       ??_C@_0BK@NJDADNLP@DSP_BootMode_NoLoad_NoPwr?$AA@ 00017b44     ipc_dsplink_3530:Processor_dsplink.ov4TCE
 0001:00006b60       ??_C@_0BG@EIGPKDOO@DSP_BootMode_Boot_Pwr?$AA@ 00017b60     ipc_dsplink_3530:Processor_dsplink.ov4TCE
 0001:00006b78       ??_C@_0BI@KAOCNJOD@DSP_BootMode_Boot_NoPwr?$AA@ 00017b78     ipc_dsplink_3530:Processor_dsplink.ov4TCE
 0001:00006b90       ??_C@_0BM@BIIGODNL@Processor_delete_d?$DO?5return?6?$AA@ 00017b90     ipc_dsplink_3530:Processor_dsplink.ov4TCE
 0001:00006bac       ??_C@_0DI@LFAJGOML@Processor_delete_d?$DO?5LAD_disconne@ 00017bac     ipc_dsplink_3530:Processor_dsplink.ov4TCE
 0001:00006be4       ??_C@_0CP@GCBGCJJD@Processor_delete_d?$DO?5Disconnectin@ 00017be4     ipc_dsplink_3530:Processor_dsplink.ov4TCE
 0001:00006c14       ??_C@_0DI@JHKCICDG@Processor_delete_d?$DO?5LAD_releaseD@ 00017c14     ipc_dsplink_3530:Processor_dsplink.ov4TCE
 0001:00006c4c       ??_C@_0DJ@EBBLCGMK@Processor_delete_d?$DO?5Releasing?5DS@ 00017c4c     ipc_dsplink_3530:Processor_dsplink.ov4TCE
 0001:00006c88       ??_C@_0DI@NDJCFJPC@Processor_delete_d?$DO?5Destroying?5D@ 00017c88     ipc_dsplink_3530:Processor_dsplink.ov4TCE
 0001:00006cc0       ??_C@_0DJ@GEJOOEOB@Processor_delete_d?$DO?5Destroying?5D@ 00017cc0     ipc_dsplink_3530:Processor_dsplink.ov4TCE
 0001:00006cfc       ??_C@_0DM@LLBEONIC@Processor_delete_d?$DO?5Detaching?5fr@ 00017cfc     ipc_dsplink_3530:Processor_dsplink.ov4TCE
 0001:00006d38       ??_C@_0CL@IGBEOEJK@Processor_delete_d?$DO?5Detaching?5fr@ 00017d38     ipc_dsplink_3530:Processor_dsplink.ov4TCE
 0001:00006d64       ??_C@_0DG@HJAGABHK@Processor_delete_d?$DO?5Closing?5pool@ 00017d64     ipc_dsplink_3530:Processor_dsplink.ov4TCE
 0001:00006d9c       ??_C@_0CF@BEGGDHDE@Processor_delete_d?$DO?5Closing?5pool@ 00017d9c     ipc_dsplink_3530:Processor_dsplink.ov4TCE
 0001:00006dc4       ??_C@_0DG@POMCIPLF@Processor_delete_d?$DO?5Stopping?5DSP@ 00017dc4     ipc_dsplink_3530:Processor_dsplink.ov4TCE
 0001:00006dfc       ??_C@_0CF@GAHGHKCE@Processor_delete_d?$DO?5Stopping?5DSP@ 00017dfc     ipc_dsplink_3530:Processor_dsplink.ov4TCE
 0001:00006e28       ??_C@_0ED@JDONPOCN@Processor_delete_d?$DO?5Closing?5remo@ 00017e28     ipc_dsplink_3530:Processor_dsplink.ov4TCE
 0001:00006e6c       ??_C@_0DB@EENOBBEL@Processor_delete_d?$DO?5Closing?5remo@ 00017e6c     ipc_dsplink_3530:Processor_dsplink.ov4TCE
 0001:00006ea0       ??_C@_0CH@ILLHAEFG@Processor_delete_d?$DO?5Enter?5?$CIproc?$DN@ 00017ea0     ipc_dsplink_3530:Processor_dsplink.ov4TCE
 0001:00006ec8       ??_C@_0BJ@CDMKFKHI@doCmd?$DO?5Exit?5?$CIresult?$DN?$CFd?$CJ?6?$AA@ 00017ec8     ipc_dsplink_3530:Processor_dsplink.ov4TCE
 0001:00006ee4       ??_C@_0CE@JAMHKGGE@doCmd?$DO?5Enter?5?$CIcmdId?$DN?$CFd?0?5proc?$DN0x?$CF@ 00017ee4     ipc_dsplink_3530:Processor_dsplink.ov4TCE
 0001:00006f08       ??_C@_0BM@BDNDFIGN@getCmd_d?$DO?5Exit?5?$CIresult?$DN?$CFd?$CJ?6?$AA@ 00017f08     ipc_dsplink_3530:Processor_dsplink.ov4TCE
 0001:00006f24       ??_C@_0BN@PDCPJAHM@getCmd_d?$DO?5Enter?5?$CIproc?$DN0x?$CFx?$CJ?6?$AA@ 00017f24     ipc_dsplink_3530:Processor_dsplink.ov4TCE
 0001:00006f44       ??_C@_0BL@ICMIPMJJ@Processor_delete?$DO?5return?4?6?$AA@ 00017f44     ipc_dsplink_3530:Processor_dsplink.ov4TCE
 0001:00006f60       ??_C@_0CL@MFKFCMMK@Processor_delete?$CI0x?$CFx?$CJ?5freeing?5o@ 00017f60     ipc_dsplink_3530:Processor_dsplink.ov4TCE
 0001:00006f8c       ??_C@_0CE@PDJJLDLI@Processor_delete?$DO?5Enter?$CIproc?$DN0x?$CF@ 00017f8c     ipc_dsplink_3530:Processor_dsplink.ov4TCE
 0001:00006fb0       ??_C@_0DJ@EIJIDLHK@?4?4?1?4?4?1?4?4?1?4?4?1?4?4?1ti?1sdo?1ce?1ipc?1dsp@ 00017fb0     ipc_dsplink_3530:Processor_dsplink.ov4TCE
 0001:00006fec       ??_C@_0CB@ODDKGGKH@Processor_create_d?$DO?5return?5?$CI?$CFd?$CJ?6@ 00017fec     ipc_dsplink_3530:Processor_dsplink.ov4TCE
 0001:00007010       ??_C@_0KP@BKHBIKHI@Processor_create_d?$DO?5Loading?5and?5@ 00018010     ipc_dsplink_3530:Processor_dsplink.ov4TCE
 0001:000070c0       ??_C@_0BJO@OAJPIFEC@This?5error?5code?5typically?5indica@ 000180c0     ipc_dsplink_3530:Processor_dsplink.ov4TCE
 0001:00007260       ??_C@_0GK@IEODOFA@Codec?5Engine?5system?5message?5?$CIb?1c@ 00018260     ipc_dsplink_3530:Processor_dsplink.ov4TCE
 0001:000072cc       ??_C@_0DB@HFABAFFI@Processor_create_d?$DO?5Opening?5remo@ 000182cc     ipc_dsplink_3530:Processor_dsplink.ov4TCE
 0001:00007300       ??_C@_0CK@PKAKPCLM@Processor_create_d?$DO?5Starting?5DSP@ 00018300     ipc_dsplink_3530:Processor_dsplink.ov4TCE
 0001:0000732c       ??_C@_0DE@MABFPHNP@Processor_create_d?$DO?5Loading?5?$CFs?5o@ 0001832c     ipc_dsplink_3530:Processor_dsplink.ov4TCE
 0001:00007360       ??_C@_0CK@PBCGEALA@Processor_create_d?$DO?5Opening?5MSGQ@ 00018360     ipc_dsplink_3530:Processor_dsplink.ov4TCE
 0001:0000738c       ??_C@_0CO@IEBNOMFP@Processor_create_d?$DO?5Attaching?5to@ 0001838c     ipc_dsplink_3530:Processor_dsplink.ov4TCE
 0001:000073bc       ??_C@_0CO@JKDMCCEE@Processor_create_d?$DO?5Initializing@ 000183bc     ipc_dsplink_3530:Processor_dsplink.ov4TCE
 0001:000073ec       ??_C@_0DM@PDIOHPKJ@Processor_create_d?$DO?5LAD_startupD@ 000183ec     ipc_dsplink_3530:Processor_dsplink.ov4TCE
 0001:00007428       ??_C@_0DA@FKPLFIDK@Processor_create_d?$DO?5LAD_startupD@ 00018428     ipc_dsplink_3530:Processor_dsplink.ov4TCE
 0001:00007458       ??_C@_0DP@EABJDKDL@Processor_create_d?$DO?5Loading?5?$CFs?5o@ 00018458     ipc_dsplink_3530:Processor_dsplink.ov4TCE
 0001:00007498       ??_C@_0DJ@BDHKAHJK@Processor_create_d?$DO?5LAD_connect?5@ 00018498     ipc_dsplink_3530:Processor_dsplink.ov4TCE
 0001:000074d4       ??_C@_0DK@EFGCDGAC@Processor_create_d?$DO?5LAD_connect?5@ 000184d4     ipc_dsplink_3530:Processor_dsplink.ov4TCE
 0001:00007510       ??_C@_0CG@PLHBHLCK@Processor_create_d?$DO?5Power_on?5fai@ 00018510     ipc_dsplink_3530:Processor_dsplink.ov4TCE
 0001:00007538       ??_C@_0CG@MMHHNCNA@Processor_create_d?$DO?5Enter?$CIproc?$DN0@ 00018538     ipc_dsplink_3530:Processor_dsplink.ov4TCE
 0001:00007560       ??_C@_0BJ@BPDGMNKO@daemon?$DO?5thread?5created?4?6?$AA@ 00018560     ipc_dsplink_3530:Processor_dsplink.ov4TCE
 0001:0000757c       ??_C@_0CB@POONFHGL@Processor_create?$DO?5return?5?$CI0x?$CFx?$CJ?6@ 0001857c     ipc_dsplink_3530:Processor_dsplink.ov4TCE
 0001:000075a0       ??_C@_0CO@LEFPGADB@Processor_create?$DO?5ERROR?3?5Memory_@ 000185a0     ipc_dsplink_3530:Processor_dsplink.ov4TCE
 0001:000075d0       ??_C@_0DA@IIONHOHE@Processor_create?$DO?5ERROR?3?5cannot?5@ 000185d0     ipc_dsplink_3530:Processor_dsplink.ov4TCE
 0001:00007600       ??_C@_0ED@EHEKAKCD@Processor_create?$DO?5Enter?$CIimageNam@ 00018600     ipc_dsplink_3530:Processor_dsplink.ov4TCE
 0001:00007644       ??_C@_0DB@DIGGGOAP@Processor_init?$DO?5ERROR?3?5cannot?5cr@ 00018644     ipc_dsplink_3530:Processor_dsplink.ov4TCE
 0001:00007678       ??_C@_0DJ@CHCJMAHJ@Processor_init?$DO?5ERROR?3?5cannot?5cr@ 00018678     ipc_dsplink_3530:Processor_dsplink.ov4TCE
 0001:000076b4       ??_C@_02MBMDLBEE@OP?$AA@   000186b4     ipc_dsplink_3530:Processor_dsplink.ov4TCE
 0001:000076b8       ??_C@_0CG@OFMDBFFI@Comm_alloc?$DO?5msg?$DN0x?$CFx?0?5returning?5@ 000186b8     ipc_dsplink_3530:Comm_dsplink.ov4TCE
 0001:000076e0       ??_C@_0DD@KLFJPNDO@Comm_alloc?$DO?5Enter?$CIpoolId?$DN0x?$CFx?0?5m@ 000186e0     ipc_dsplink_3530:Comm_dsplink.ov4TCE
 0001:00007714       ??_C@_0DE@BOAEKIFD@?4?4?1?4?4?1?4?4?1?4?4?1?4?4?1ti?1sdo?1ce?1ipc?1dsp@ 00018714     ipc_dsplink_3530:Comm_dsplink.ov4TCE
 0001:00007748       ??_C@_0BM@GHGCLDKJ@Comm_create?$DO?5return?5?$CI0x?$CFx?$CJ?6?$AA@ 00018748     ipc_dsplink_3530:Comm_dsplink.ov4TCE
 0001:00007764       ??_C@_0CM@FNAANLJP@Comm_create?$CI?8?$CFs?8?0?5?4?4?4?$CJ?5failed?3?5s@ 00018764     ipc_dsplink_3530:Comm_dsplink.ov4TCE
 0001:00007790       ??_C@_0CM@PIKFJLKJ@Comm_create?$DO?5Unsupported?5Comm_At@ 00018790     ipc_dsplink_3530:Comm_dsplink.ov4TCE
 0001:000077bc       ??_C@_0DM@JBOMDBIC@Comm_create?$DO?5Enter?$CIqueueName?$DN?8?$CFs@ 000187bc     ipc_dsplink_3530:Comm_dsplink.ov4TCE
 0001:000077f8       ??_C@_0BH@BJHEMIDI@Comm_delete?$DO?5return?$CFs?6?$AA@ 000187f8     ipc_dsplink_3530:Comm_dsplink.ov4TCE
 0001:00007810       ??_C@_0BN@MPCHBMNB@?5?$CInote?5MSGQ_close?$CI?$CJ?5failure?$CJ?$AA@ 00018810     ipc_dsplink_3530:Comm_dsplink.ov4TCE
 0001:00007830       ??_C@_0DN@EJLPFCFK@Comm_delete?$CI0x?$CFx?$CJ?5failed?3?5MSGQ_c@ 00018830     ipc_dsplink_3530:Comm_dsplink.ov4TCE
 0001:00007870       ??_C@_0CA@DGPPDPIM@Comm_delete?$DO?5Enter?5?$CIcomm?$DN0x?$CFx?$CJ?6?$AA@ 00018870     ipc_dsplink_3530:Comm_dsplink.ov4TCE
 0001:00007890       ??_C@_0BI@OIDMBOOH@Comm_free?$DO?5return?5?$CI?$CFd?$CJ?6?$AA@ 00018890     ipc_dsplink_3530:Comm_dsplink.ov4TCE
 0001:000078a8       ??_C@_0BN@OAHCFIGL@Comm_free?$DO?5Enter?5?$CImsg?$DN0x?$CFx?$CJ?6?$AA@ 000188a8     ipc_dsplink_3530:Comm_dsplink.ov4TCE
 0001:000078c8       ??_C@_0CP@CDHFLNJH@Comm_get?$DO?5MSGQ_get?$CI?$CJ?5status?$DN0x?$CFx@ 000188c8     ipc_dsplink_3530:Comm_dsplink.ov4TCE
 0001:000078f8       ??_C@_0DH@OOEIEGGO@Comm_get?$CI?$CJ?$DO?5Error?3?5timeout?5occur@ 000188f8     ipc_dsplink_3530:Comm_dsplink.ov4TCE
 0001:00007930       ??_C@_0FB@DBKLINHL@Comm_get?$DO?5overriding?5timeout?5pro@ 00018930     ipc_dsplink_3530:Comm_dsplink.ov4TCE
 0001:00007984       ??_C@_0DD@BFDCEKLB@Comm_get?$DO?5Enter?$CIqueue?$DN0x?$CFx?0?5msg?$DN@ 00018984     ipc_dsplink_3530:Comm_dsplink.ov4TCE
 0001:000079b8       ??_C@_0BK@EKDECOCF@Comm_locate?$DO?5return?5?$CI?$CFd?$CJ?6?$AA@ 000189b8     ipc_dsplink_3530:Comm_dsplink.ov4TCE
[...]
 0001:0002aef4       getchar                    0003bef4 f   corelibc:COREDLL.dll
 0001:0002af04       wcstombs                   0003bf04 f   corelibc:COREDLL.dll
 0001:0002af14       _onexit                    0003bf14 f   corelibc:onexit.obj
 0001:0002afe4       atexit                     0003bfe4 f   corelibc:onexit.obj
 0001:0002b004       swprintf                   0003c004 f   corelibc:COREDLL.dll
 0001:0002b014       mbstowcs                   0003c014 f   corelibc:COREDLL.dll
 0001:0002b024       __security_gen_cookie2     0003c024 f   corelibc:COREDLL.dll
 0001:0002b034       __report_gsfailure         0003c034 f   corelibc:COREDLL.dll
 0001:0002b044       _initterm                  0003c044 f   corelibc:crt0dat.obj
 0001:0002b078       _cinit                     0003c078 f   corelibc:crt0dat.obj
 0001:0002b0ac       _isctype                   0003c0ac f   corelibc:COREDLL.dll
 0001:0002b0bc       wcslen                     0003c0bc f   corelibc:COREDLL.dll
 0001:0002b0cc       _XcptFilter                0003c0cc f   corelibc:COREDLL.dll
 0001:0002b0dc       __GSHandlerCheck_SEH       0003c0dc f   corelibc:gshandlerseh.obj
 0001:0002b12c       realloc                    0003c12c f   corelibc:COREDLL.dll
 0001:0002b13c       _msize                     0003c13c f   corelibc:COREDLL.dll
 0001:0002b14c       __C_specific_handler       0003c14c f   corelibc:COREDLL.dll
 0001:0002b15c       TerminateProcess           0003c15c f   coredll:COREDLL.dll
 0001:0002b16c       GetModuleFileNameW         0003c16c f   coredll:COREDLL.dll
 0001:0002b1c0       __IMPORT_DESCRIPTOR_COREDLL 0003c1c0     coredll:COREDLL.dll
 0001:0002b1d4       __NULL_IMPORT_DESCRIPTOR   0003c1d4     coredll:COREDLL.dll
 0002:00000000       Global_buildInfo           0003d000     video_decode_io2_omap3530_exe.ov4TCE
 0002:00000180       ti_sdo_codecs_h264enc_ce_H264ENC_codecClassConfig 0003d180     video_decode_io2_omap3530_exe.ov4TCE
 0002:000001c0       ti_sdo_codecs_jpegdec_ce_JPEGDEC_codecClassConfig 0003d1c0     video_decode_io2_omap3530_exe.ov4TCE
 0002:00000200       ti_sdo_codecs_jpegenc_ce_JPEGENC_codecClassConfig 0003d200     video_decode_io2_omap3530_exe.ov4TCE
 0002:00000240       ti_sdo_codecs_mpeg2dec_ce_MPEG2DEC_codecClassConfig 0003d240     video_decode_io2_omap3530_exe.ov4TCE
 0002:00000280       ti_sdo_codecs_mpeg4enc_ce_MPEG4ENC_codecClassConfig 0003d280     video_decode_io2_omap3530_exe.ov4TCE
 0002:00000500       Engine_config              0003d500     video_decode_io2_omap3530_exe.ov4TCE
 0002:00000508       ti_sdo_ce_ipc_dsplink_Ipc_maxTimeout 0003d508     video_decode_io2_omap3530_exe.ov4TCE
 0002:0000050c       Comm_MSGSIZE               0003d50c     video_decode_io2_omap3530_exe.ov4TCE
 0002:00000510       Comm_NUMMSGS               0003d510     video_decode_io2_omap3530_exe.ov4TCE
 0002:00000514       Comm_LOCATERETRIES         0003d514     video_decode_io2_omap3530_exe.ov4TCE
 0002:000005fc       ti_sdo_ce_ipc_armDspLinkConfigServerNames 0003d5fc     video_decode_io2_omap3530_exe.ov4TCE
 0002:00000604       ti_sdo_ce_ipc_armDspLinkConfigs 0003d604     video_decode_io2_omap3530_exe.ov4TCE
 0002:0000060c       Memory_maxCbListSize       0003d60c     video_decode_io2_omap3530_exe.ov4TCE
 0002:00000610       _ti_sdo_utils_trace_GT_params 0003d610     video_decode_io2_omap3530_exe.ov4TCE
 0002:00000638       GT                         0003d638     video_decode_io2_omap3530_exe.ov4TCE
 0002:0000063c       ti_sdo_ce_alg_ALG_maxGroups 0003d63c     video_decode_io2_omap3530_exe.ov4TCE
 0002:00000640       ti_sdo_ce_alg_ipcKey       0003d640     video_decode_io2_omap3530_exe.ov4TCE
 0002:00000644       ti_sdo_fc_multiProcess     0003d644     video_decode_io2_omap3530_exe.ov4TCE
 0002:00000648       UNIVERSAL_STUBS            0003d648     universal:universal_stubs.ov4TCE
 0002:00000674       Dmai_debugLogLevel         0003d674     dmai_wince_omap3530:Dmai.o3530.ov4TCE
 0002:00000694       opterr                     0003d694     dmai_wince_omap3530:getopt_long.o3530.ov4TCE
 0002:00000698       optind                     0003d698     dmai_wince_omap3530:getopt_long.o3530.ov4TCE
 0002:0000069c       optopt                     0003d69c     dmai_wince_omap3530:getopt_long.o3530.ov4TCE
 0002:000006ac       IMGDEC1_STUBS              0003d6ac     imgdec1:imgdec1_stubs.ov4TCE
 0002:000006d8       IMGENC1_STUBS              0003d6d8     imgenc1:imgenc1_stubs.ov4TCE
 0002:00000704       VIDDEC2_STUBS              0003d704     viddec2:viddec2_stubs.ov4TCE
 0002:00000730       VIDENC1_STUBS              0003d730     videnc1:videnc1_stubs.ov4TCE
 0002:0000075c       AUDDEC1_STUBS              0003d75c     auddec1:auddec1_stubs.ov4TCE
 0002:00000788       SPHDEC1_STUBS              0003d788     sphdec1:sphdec1_stubs.ov4TCE
 0002:000007b4       SPHENC1_STUBS              0003d7b4     sphenc1:sphenc1_stubs.ov4TCE
 0002:000007e0       Engine_ALGCREATEATTRS      0003d7e0     ce:Engine.ov4TCE
 0002:000007e8       Engine_ceDebugDspTraceMask 0003d7e8     ce:Engine.ov4TCE
 0002:000007f0       ti_sdo_ce__versionString   0003d7f0     ce:package_ti.sdo.ce.ov4TCE
 0002:000007f4       ti_sdo_ce__versionNumArray 0003d7f4     ce:package_ti.sdo.ce.ov4TCE
 0002:00000800       ti_sdo_ce__whatString      0003d800     ce:package_ti.sdo.ce.ov4TCE
 0002:00000804       Processor_ATTRS            0003d804     ipc_dsplink_3530:Processor_dsplink.ov4TCE
 0002:00000820       Global_cePoolAttrs         0003d820     ipc_dsplink_3530:Comm_dsplink.ov4TCE
 0002:00000b28       LINKCFG_dspConfig          0003db28     ipc_dsplink_3530:Processor_dsplink_linkcfg_OMAP3530.ov4TCE
 0002:00000b78       ti_sdo_ce_ipc_Processor_linkcfg 0003db78     ipc_dsplink_3530:Processor_dsplink_linkcfg_OMAP3530.ov4TCE
 0002:00000ba0       ti_sdo_ce_ipc_Processor_linkcfg_OS 0003dba0     ipc_dsplink_3530:Processor_dsplink_linkcfg_OS.ov4TCE
 0002:00000bac       Memory_DEFAULTPARAMS       0003dbac     osal_wince:Memory_cmem.ov4TCE
 0002:00000bc4       Thread_ATTRS               0003dbc4     osal_wince:Thread_wince.ov4TCE
 0002:00000be4       CMEM_DEFAULTPARAMS         0003dbe4     cmem:cmem.obj
 0002:00000bf0       LINKCFG_config             0003dbf0     dsplinkapi:CFG_system.o
 0002:000010f0       OMAP3530_SHMEM_Config      0003e0f0     dsplinkapi:CFG_OMAP3530_SHMEM.o
 0002:00001140       LINKCFG_gppObject          0003e140     dsplinkapi:CFG_ARM.o
 0002:00001174       __security_cookie          0003e174     corelibc:seccinit.obj
 0002:00001178       __security_cookie_complement 0003e178     corelibc:seccinit.obj
 0002:00006180       ti_sdo_ce_dvtLog           00043180     video_decode_io2_omap3530_exe.ov4TCE
 0002:00006184       Memory_skipVirtualAddressTranslation 00043184     video_decode_io2_omap3530_exe.ov4TCE
 0002:00006188       ti_sdo_codecs_h264dec_ce_H264DEC_codecClassConfig 00043188     video_decode_io2_omap3530_exe.ov4TCE
 0002:000061c8       ti_sdo_codecs_mpeg4dec_ce_MPEG4DEC_codecClassConfig 000431c8     video_decode_io2_omap3530_exe.ov4TCE
 0002:00006238       ti_sdo_ce_Engine_noCommName 00043238     video_decode_io2_omap3530_exe.ov4TCE
 0002:0000623c       VISA_checked               0004323c     video_decode_io2_omap3530_exe.ov4TCE
 0002:00006250       Global_useLinkArbiter      00043250     video_decode_io2_omap3530_exe.ov4TCE
 0002:00006254       PWRM_doImcopConfig         00043254     video_decode_io2_omap3530_exe.ov4TCE
 0002:00006258       ti_sdo_ce_alg_ALG_useHeap  00043258     video_decode_io2_omap3530_exe.ov4TCE
 0002:0000625c       ti_sdo_ce_alg_ALG_useCache 0004325c     video_decode_io2_omap3530_exe.ov4TCE
 0002:00006260       _ALG_groupUsed             00043260     video_decode_io2_omap3530_exe.ov4TCE
 0002:000062b0       _ALG_groupRefCount         000432b0     video_decode_io2_omap3530_exe.ov4TCE
 0002:00006300       _Algorithm_lockOwner       00043300     video_decode_io2_omap3530_exe.ov4TCE
 0002:00006350       ti_sdo_ce_universal_UNIVERSAL_curTrace 00043350     universal:universal.ov4TCE
 0002:0000635c       ti_sdo_dmai_GTMask         0004335c     dmai_wince_omap3530:Dmai.o3530.ov4TCE
 0002:00006374       ti_sdo_ce_image1_IMGDEC1_curTrace 00043374     imgdec1:imgdec1.ov4TCE
 0002:00006380       ti_sdo_ce_image1_IMGENC1_curTrace 00043380     imgenc1:imgenc1.ov4TCE
 0002:0000638c       ti_sdo_ce_video2_VIDDEC2_curTrace 0004338c     viddec2:viddec2.ov4TCE
 0002:00006398       ti_sdo_ce_video1_VIDENC1_curTrace 00043398     videnc1:videnc1.ov4TCE
 0002:000063a4       ti_sdo_ce_audio1_AUDDEC1_curTrace 000433a4     auddec1:auddec1.ov4TCE
 0002:000063b0       ti_sdo_ce_speech1_SPHDEC1_curTrace 000433b0     sphdec1:sphdec1.ov4TCE
 0002:000063bc       ti_sdo_ce_speech1_SPHENC1_curTrace 000433bc     sphenc1:sphenc1.ov4TCE
 0002:000064c8       Engine_alwaysCollectDspTrace 000434c8     ce:Engine.ov4TCE
 0002:000064f0       Server_holdingTraceToken   000434f0     ce:Server.ov4TCE
 0002:00006568       Comm_ATTRS                 00043568     ipc_dsplink_3530:Comm_dsplink.ov4TCE
 0002:0000657c       Global_cePoolId            0004357c     ipc_dsplink_3530:Comm_dsplink.ov4TCE
 0002:00006754       GT_config_traceOutStream   00043754     osal_wince:GT_config_wince.ov4TCE
 0002:00006874       Lock_system                00043874     osal_wince:Lock_wince.ov4TCE
 0002:00006884       gListCSInitialized         00043884     osal_wince:Thread_wince.ov4TCE
 0002:00006888       pListCS                    00043888     osal_wince:Thread_wince.ov4TCE
 0002:000068f0       DRV_handle                 000438f0     dsplinkapi:proc.o
 0002:000068f4       PROC_linkCfgPtr            000438f4     dsplinkapi:proc.o
 0002:000068f8       PROC_stateObj              000438f8     dsplinkapi:proc.o
 0002:00006cc4       LINKCFG_gppOsObject        00043cc4     dsplinkapi:CFG_WinCE.o
 0002:00006cd0       _exitflag                  00043cd0     corelibc:cexit.obj
 0002:00006cd4       __argv                     00043cd4     corelibc:crtstrta.obj
 0002:00006cd8       __argc                     00043cd8     corelibc:crtstrta.obj
 0002:00006ce0       _ALG_sems                  00043ce0     <common>
 0002:00006d30       optreset                   00043d30     <common>
 0002:00006d34       optarg                     00043d34     <common>
 0002:00006d38       PerformanceFrequency       00043d38     <common>
 0002:00006d40       ti_sdo_ce_alg_GTMask       00043d40     <common>
 0002:00006d50       gThreadPrivateDataList     00043d50     <common>
 0002:00006d60       NOTIFY_state               00043d60     <common>
 0002:00006dc0       POOL_addrConfig            00043dc0     <common>
 0002:000070c0       RingIO_State               000440c0     <common>
 0002:000070e0       MPLIST_State               000440e0     <common>
 0002:00007100       MPCS_State                 00044100     <common>
 0002:00007120       __onexitend                00044120     <common>
 0002:00007124       __onexitbegin              00044124     <common>

 entry point at        0001:0002add0

 Static symbols

 0001:0000b0f8       parseArgs                  0001c0f8 f   main.o3530.ov4TCE
 0001:0000b578       usage                      0001c578 f   main.o3530.ov4TCE
 0001:0000b8c4       marshallMsg                0001c8c4 f   universal:universal_stubs.ov4TCE
 0001:0000bcb4       process                    0001ccb4 f   universal:universal_stubs.ov4TCE
 0001:0000bd80       control                    0001cd80 f   universal:universal_stubs.ov4TCE
 0001:0000c3ec       cleanup                    0001d3ec f   dmai_wince_omap3530:BufTab.o3530.ov4TCE
 0001:0000c598       cleanupBufs                0001d598 f   dmai_wince_omap3530:BufTab.o3530.ov4TCE
 0001:0000d58c       _Buffer_init               0001e58c f   dmai_wince_omap3530:Buffer.o3530.ov4TCE
 0001:0001001c       cleanup                    0002101c f   dmai_wince_omap3530:Loader.o3530.ov4TCE
 0001:000103e0       start                      000213e0 f   dmai_wince_omap3530:Loader.o3530.ov4TCE
 0001:0001084c       waitForStart               0002184c f   dmai_wince_omap3530:Loader.o3530.ov4TCE
 0001:0001090c       stop                       0002190c f   dmai_wince_omap3530:Loader.o3530.ov4TCE
 0001:000109bc       lock                       000219bc f   dmai_wince_omap3530:Loader.o3530.ov4TCE
 0001:00010a6c       unlock                     00021a6c f   dmai_wince_omap3530:Loader.o3530.ov4TCE
 0001:00010aa4       wait                       00021aa4 f   dmai_wince_omap3530:Loader.o3530.ov4TCE
 0001:00010d98       nowait                     00021d98 f   dmai_wince_omap3530:Loader.o3530.ov4TCE
 0001:00011168       getDevice                  00022168 f   dmai_wince_omap3530:Cpu.o3530.ov4TCE
 0001:00011ab0       permute_args               00022ab0 f   dmai_wince_omap3530:getopt_long.o3530.ov4TCE
 0001:00011c28       gcd                        00022c28 f   dmai_wince_omap3530:getopt_long.o3530.ov4TCE
 0001:00011c90       getopt_internal            00022c90 f   dmai_wince_omap3530:getopt_long.o3530.ov4TCE
 0001:00012680       marshallMsg                00023680 f   imgdec1:imgdec1_stubs.ov4TCE
 0001:000128c4       process                    000238c4 f   imgdec1:imgdec1_stubs.ov4TCE
 0001:0001298c       control                    0002398c f   imgdec1:imgdec1_stubs.ov4TCE
 0001:00012bc8       marshallMsg                00023bc8 f   imgenc1:imgenc1_stubs.ov4TCE
 0001:00012e0c       process                    00023e0c f   imgenc1:imgenc1_stubs.ov4TCE
 0001:00012ed4       control                    00023ed4 f   imgenc1:imgenc1_stubs.ov4TCE
 0001:00013110       marshallMsg                00024110 f   viddec2:viddec2_stubs.ov4TCE
 0001:000133f0       unmarshallMsg              000243f0 f   viddec2:viddec2_stubs.ov4TCE
 0001:0001365c       process                    0002465c f   viddec2:viddec2_stubs.ov4TCE
 0001:000136d0       control                    000246d0 f   viddec2:viddec2_stubs.ov4TCE
 0001:00013fc8       marshallMsg                00024fc8 f   videnc1:videnc1_stubs.ov4TCE
 0001:00014228       unmarshallMsg              00025228 f   videnc1:videnc1_stubs.ov4TCE
 0001:0001431c       process                    0002531c f   videnc1:videnc1_stubs.ov4TCE
 0001:00014390       control                    00025390 f   videnc1:videnc1_stubs.ov4TCE
 0001:000145c4       marshallMsg                000255c4 f   auddec1:auddec1_stubs.ov4TCE
 0001:00014808       process                    00025808 f   auddec1:auddec1_stubs.ov4TCE
 0001:000148d0       control                    000258d0 f   auddec1:auddec1_stubs.ov4TCE
 0001:00014b0c       marshallMsg                00025b0c f   sphdec1:sphdec1_stubs.ov4TCE
 0001:00014cc4       unmarshallMsg              00025cc4 f   sphdec1:sphdec1_stubs.ov4TCE
 0001:00014d5c       process                    00025d5c f   sphdec1:sphdec1_stubs.ov4TCE
 0001:00014dd0       control                    00025dd0 f   sphdec1:sphdec1_stubs.ov4TCE
 0001:0001501c       marshallMsg                0002601c f   sphenc1:sphenc1_stubs.ov4TCE
 0001:000151d4       unmarshallMsg              000261d4 f   sphenc1:sphenc1_stubs.ov4TCE
 0001:0001526c       process                    0002626c f   sphenc1:sphenc1_stubs.ov4TCE
 0001:000152e0       control                    000262e0 f   sphenc1:sphenc1_stubs.ov4TCE
 0001:000156a0       cleanup                    000266a0 f   ce:Engine.ov4TCE
 0001:000157a0       outputDspTrace             000267a0 f   ce:Engine.ov4TCE
 0001:000158d0       freeServerTab              000268d0 f   ce:Engine.ov4TCE
 0001:00015a14       getServerKey               00026a14 f   ce:Engine.ov4TCE
 0001:00015b7c       getRpcProtocolVersion      00026b7c f   ce:Engine.ov4TCE
 0001:00015c4c       isa                        00026c4c f   ce:Engine.ov4TCE
 0001:00015d3c       name2Uuid                  00026d3c f   ce:Engine.ov4TCE
 0001:00015df8       rserverClose               00026df8 f   ce:Engine.ov4TCE
 0001:00015e98       rserverOpen                00026e98 f   ce:Engine.ov4TCE
 0001:00017118       allocNode                  00028118 f   ce:Engine.ov4TCE
 0001:000172bc       checkServer                000282bc f   ce:Engine.ov4TCE
 0001:000179a4       rmsInit                    000289a4 f   ce:Engine.ov4TCE
 0001:000183ac       cleanup                    000293ac f   ce:Server.ov4TCE
 0001:0001a464       modifyDefaultLinkCfgObjectBasedOnUserCfgData 0002b464 f   ipc_dsplink_3530:Processor_dsplink.ov4TCE
 0001:0001c348       procDelete                 0002d348 f   ipc_dsplink_3530:Processor_dsplink.ov4TCE
 0001:0001c708       doCmd                      0002d708 f   ipc_dsplink_3530:Processor_dsplink.ov4TCE
 0001:0001c8bc       cleanup                    0002d8bc f   ipc_dsplink_3530:Processor_dsplink.ov4TCE
 0001:0001c980       procCreate                 0002d980 f   ipc_dsplink_3530:Processor_dsplink.ov4TCE
 0001:0001ce20       daemon                     0002de20 f   ipc_dsplink_3530:Processor_dsplink.ov4TCE
 0001:0001e174       cleanup                    0002f174 f   ipc_dsplink_3530:Power_dsplink.ov4TCE
 0001:0001e1e8       getPhysicalAddress         0002f1e8 f   osal_wince:Memory_cmem.ov4TCE
 0001:0001e2ec       getVirtualAddress          0002f2ec f   osal_wince:Memory_cmem.ov4TCE
 0001:0001e3e8       myMalloc                   0002f3e8 f   osal_wince:Memory_cmem.ov4TCE
 0001:0001e44c       contigAlloc                0002f44c f   osal_wince:Memory_cmem.ov4TCE
 0001:0001e690       contigFree                 0002f690 f   osal_wince:Memory_cmem.ov4TCE
 0001:0001e8d0       cleanup                    0002f8d0 f   osal_wince:Memory_cmem.ov4TCE
 0001:0001ebcc       addContigBuf               0002fbcc f   osal_wince:Memory_cmem.ov4TCE
 0001:0001eff0       removeContigBuf            0002fff0 f   osal_wince:Memory_cmem.ov4TCE
 0001:0001f3c8       cleanup                    000303c8 f   osal_wince:GT_config_wince.ov4TCE
 0001:0001f454       formatNum                  00030454 f   osal_wince:GT_config_wince.ov4TCE
 0001:0001f5d0       doPrint                    000305d0 f   osal_wince:GT_config_wince.ov4TCE
 0001:0001febc       cleanup                    00030ebc f   osal_wince:Lock_wince.ov4TCE
 0001:0001ffa0       cleanup                    00030fa0 f   osal_wince:LockMP_wince.ov4TCE
 0001:00020144       runStub                    00031144 f   osal_wince:Thread_wince.ov4TCE
 0001:0002019c       cleanup                    0003119c f   osal_wince:Thread_wince.ov4TCE
 0001:0002073c       cleanup                    0003173c f   osal_wince:Queue_wince.ov4TCE
 0001:00020aa0       cleanup                    00031aa0 f   osal_wince:SemMP_wince.ov4TCE
 0001:00020e28       cleanup                    00031e28 f   osal_wince:Sem_wince.ov4TCE
 0001:00021d00       getModNameFlagsAddr        00032d00 f   gt:gt.ov4TCE
 0001:00021dd8       addModName                 00032dd8 f   gt:gt.ov4TCE
 0001:00021ec0       applyOp                    00032ec0 f   gt:gt.ov4TCE
 0001:00021f40       wildcardUpdate             00032f40 f   gt:gt.ov4TCE
 0001:000220b4       setMask                    000330b4 f   gt:gt.ov4TCE
 0001:000226a8       validate_init              000336a8 f   cmem:cmem.obj
 0001:00022708       allocFromPool              00033708 f   cmem:cmem.obj
 0001:000227b8       allocFromHeap              000337b8 f   cmem:cmem.obj
 0001:00022904       getPoolFromBlock           00033904 f   cmem:cmem.obj
 0001:00022c3c       getBlock                   00033c3c f   cmem:cmem.obj
 0001:00024f1c       DRV_installCleanupRoutines 00035f1c f   dsplinkapi:drv_api.o
 0001:00026844       NOTIFY_eventWorker         00037844 f   dsplinkapi:_notify.o
 0001:0002a89c       doexit                     0003b89c f   corelibc:cexit.obj
 0001:0002a9ec       ?crtstart_FreeArguments@@YAXXZ 0003b9ec f   corelibc:crtstrta.obj
 0001:0002aa0c       ?crtstart_CountSpaceA@@YAXAAH0PBD@Z 0003ba0c f   corelibc:crtstrta.obj
 0001:0002aad8       ?crtstart_ParseArgsWA@@YAHPBG0AAHAAPAPAD@Z 0003bad8 f   corelibc:crtstrta.obj
 0001:0002ace4       ?mainCRTStartupHelper@@YAXPAUHINSTANCE__@@PBG@Z 0003bce4 f   corelibc:crtstrta.obj
